D:/SchoolTasks/SCuMRobot/magNFC/release_mra2_12_6_nhs3152/sw/nss/mods/i2cbbm/i2cbbm.c:170:13:ClkLow	0	static
D:/SchoolTasks/SCuMRobot/magNFC/release_mra2_12_6_nhs3152/sw/nss/mods/i2cbbm/i2cbbm.c:180:13:ClkHigh	0	static
D:/SchoolTasks/SCuMRobot/magNFC/release_mra2_12_6_nhs3152/sw/nss/mods/i2cbbm/i2cbbm.c:186:13:DatLow	0	static
D:/SchoolTasks/SCuMRobot/magNFC/release_mra2_12_6_nhs3152/sw/nss/mods/i2cbbm/i2cbbm.c:193:13:DatHigh	0	static
D:/SchoolTasks/SCuMRobot/magNFC/release_mra2_12_6_nhs3152/sw/nss/mods/i2cbbm/i2cbbm.c:199:13:ClkGet	0	static
D:/SchoolTasks/SCuMRobot/magNFC/release_mra2_12_6_nhs3152/sw/nss/mods/i2cbbm/i2cbbm.c:205:13:DatGet	0	static
D:/SchoolTasks/SCuMRobot/magNFC/release_mra2_12_6_nhs3152/sw/nss/mods/i2cbbm/i2cbbm.c:222:13:Wait	0	static
D:/SchoolTasks/SCuMRobot/magNFC/release_mra2_12_6_nhs3152/sw/nss/mods/i2cbbm/i2cbbm.c:238:13:WaitForClkHigh	8	static
D:/SchoolTasks/SCuMRobot/magNFC/release_mra2_12_6_nhs3152/sw/nss/mods/i2cbbm/i2cbbm.c:100:13:Start	8	static
D:/SchoolTasks/SCuMRobot/magNFC/release_mra2_12_6_nhs3152/sw/nss/mods/i2cbbm/i2cbbm.c:117:13:Stop	8	static
D:/SchoolTasks/SCuMRobot/magNFC/release_mra2_12_6_nhs3152/sw/nss/mods/i2cbbm/i2cbbm.c:253:13:SendByte	16	static
D:/SchoolTasks/SCuMRobot/magNFC/release_mra2_12_6_nhs3152/sw/nss/mods/i2cbbm/i2cbbm.c:138:21:SendBytes	16	static
D:/SchoolTasks/SCuMRobot/magNFC/release_mra2_12_6_nhs3152/sw/nss/mods/i2cbbm/i2cbbm.c:302:16:ReceiveByte	24	static
D:/SchoolTasks/SCuMRobot/magNFC/release_mra2_12_6_nhs3152/sw/nss/mods/i2cbbm/i2cbbm.c:159:13:ReceiveBytes	24	static
D:/SchoolTasks/SCuMRobot/magNFC/release_mra2_12_6_nhs3152/sw/nss/mods/i2cbbm/i2cbbm.c:381:6:I2cbbm_DeInit	8	static
D:/SchoolTasks/SCuMRobot/magNFC/release_mra2_12_6_nhs3152/sw/nss/mods/i2cbbm/i2cbbm.c:389:5:I2cbbm_Write	16	static
D:/SchoolTasks/SCuMRobot/magNFC/release_mra2_12_6_nhs3152/sw/nss/mods/i2cbbm/i2cbbm.c:402:5:I2cbbm_Read	16	static
D:/SchoolTasks/SCuMRobot/magNFC/release_mra2_12_6_nhs3152/sw/nss/mods/i2cbbm/i2cbbm.c:415:5:I2cbbm_WriteRead	32	static
D:/SchoolTasks/SCuMRobot/magNFC/release_mra2_12_6_nhs3152/sw/nss/mods/i2cbbm/i2cbbm.c:440:6:I2cbbm_SetAddress	0	static
D:/SchoolTasks/SCuMRobot/magNFC/release_mra2_12_6_nhs3152/sw/nss/mods/i2cbbm/i2cbbm.c:352:6:I2cbbm_Init	8	static
