D:/SchoolTasks/SCuMRobot/magNFC/release_mra2_12_6_nhs3152/sw/nss/mods/led/led.c:34:6:LED_SetState	0	static
D:/SchoolTasks/SCuMRobot/magNFC/release_mra2_12_6_nhs3152/sw/nss/mods/led/led.c:48:5:LED_GetState	0	static
D:/SchoolTasks/SCuMRobot/magNFC/release_mra2_12_6_nhs3152/sw/nss/mods/led/led.c:64:6:LED_On	8	static
D:/SchoolTasks/SCuMRobot/magNFC/release_mra2_12_6_nhs3152/sw/nss/mods/led/led.c:69:6:LED_Off	8	static
D:/SchoolTasks/SCuMRobot/magNFC/release_mra2_12_6_nhs3152/sw/nss/mods/led/led.c:23:6:LED_Init	8	static
D:/SchoolTasks/SCuMRobot/magNFC/release_mra2_12_6_nhs3152/sw/nss/mods/led/led.c:74:6:LED_Toggle	8	static
