D:/SchoolTasks/SCuMRobot/magNFC/release_mra2_12_6_nhs3152/sw/nss/mods/ndeft2t/ndeft2t.c:903:17:DecodeNdefTlv	12	static
D:/SchoolTasks/SCuMRobot/magNFC/release_mra2_12_6_nhs3152/sw/nss/mods/ndeft2t/ndeft2t.c:1009:13:DisableMessageReadDetection	8	static
D:/SchoolTasks/SCuMRobot/magNFC/release_mra2_12_6_nhs3152/sw/nss/mods/ndeft2t/ndeft2t.c:820:13:CreateRecord	40	static
D:/SchoolTasks/SCuMRobot/magNFC/release_mra2_12_6_nhs3152/sw/nss/mods/ndeft2t/ndeft2t.c:980:13:CopyFromEeprom	8	static
D:/SchoolTasks/SCuMRobot/magNFC/release_mra2_12_6_nhs3152/sw/nss/mods/ndeft2t/ndeft2t.c:992:13:EnableTermTlvDetection	8	static
D:/SchoolTasks/SCuMRobot/magNFC/release_mra2_12_6_nhs3152/sw/nss/mods/ndeft2t/ndeft2t.c:1002:13:DisableTermTlvDetection	8	static
D:/SchoolTasks/SCuMRobot/magNFC/release_mra2_12_6_nhs3152/sw/nss/mods/ndeft2t/ndeft2t.c:1140:13:ReadWrite_IRQHandler	16	static
D:/SchoolTasks/SCuMRobot/magNFC/release_mra2_12_6_nhs3152/sw/nss/mods/ndeft2t/ndeft2t.c:229:6:NDEFT2T_DeInit	8	static
D:/SchoolTasks/SCuMRobot/magNFC/release_mra2_12_6_nhs3152/sw/nss/mods/ndeft2t/ndeft2t.c:236:6:NDEFT2T_ResetNfcMemory	8	static
D:/SchoolTasks/SCuMRobot/magNFC/release_mra2_12_6_nhs3152/sw/nss/mods/ndeft2t/ndeft2t.c:218:6:NDEFT2T_Init	8	static
D:/SchoolTasks/SCuMRobot/magNFC/release_mra2_12_6_nhs3152/sw/nss/mods/ndeft2t/ndeft2t.c:257:6:NDEFT2T_DisableMessageReadDetection	8	static
D:/SchoolTasks/SCuMRobot/magNFC/release_mra2_12_6_nhs3152/sw/nss/mods/ndeft2t/ndeft2t.c:262:6:NDEFT2T_CreateMessage	16	static
D:/SchoolTasks/SCuMRobot/magNFC/release_mra2_12_6_nhs3152/sw/nss/mods/ndeft2t/ndeft2t.c:304:6:NDEFT2T_CreateTextRecord	16	static
D:/SchoolTasks/SCuMRobot/magNFC/release_mra2_12_6_nhs3152/sw/nss/mods/ndeft2t/ndeft2t.c:310:6:NDEFT2T_CreateExtRecord	16	static
D:/SchoolTasks/SCuMRobot/magNFC/release_mra2_12_6_nhs3152/sw/nss/mods/ndeft2t/ndeft2t.c:316:6:NDEFT2T_CreateMimeRecord	16	static
D:/SchoolTasks/SCuMRobot/magNFC/release_mra2_12_6_nhs3152/sw/nss/mods/ndeft2t/ndeft2t.c:322:6:NDEFT2T_CreateUriRecord	16	static
D:/SchoolTasks/SCuMRobot/magNFC/release_mra2_12_6_nhs3152/sw/nss/mods/ndeft2t/ndeft2t.c:328:6:NDEFT2T_WriteRecordPayload	16	static
D:/SchoolTasks/SCuMRobot/magNFC/release_mra2_12_6_nhs3152/sw/nss/mods/ndeft2t/ndeft2t.c:374:6:NDEFT2T_CommitRecord	0	static
D:/SchoolTasks/SCuMRobot/magNFC/release_mra2_12_6_nhs3152/sw/nss/mods/ndeft2t/ndeft2t.c:404:6:NDEFT2T_CommitMessage	24	static
D:/SchoolTasks/SCuMRobot/magNFC/release_mra2_12_6_nhs3152/sw/nss/mods/ndeft2t/ndeft2t.c:600:6:NDEFT2T_GetNextRecord	32	static
D:/SchoolTasks/SCuMRobot/magNFC/release_mra2_12_6_nhs3152/sw/nss/mods/ndeft2t/ndeft2t.c:947:13:ValidateNdefMsg	32	static
D:/SchoolTasks/SCuMRobot/magNFC/release_mra2_12_6_nhs3152/sw/nss/mods/ndeft2t/ndeft2t.c:551:6:NDEFT2T_GetMessage	24	static
D:/SchoolTasks/SCuMRobot/magNFC/release_mra2_12_6_nhs3152/sw/nss/mods/ndeft2t/ndeft2t.c:780:7:NDEFT2T_GetRecordPayload	0	static
D:/SchoolTasks/SCuMRobot/magNFC/release_mra2_12_6_nhs3152/sw/nss/mods/ndeft2t/ndeft2t.c:1031:6:NFC_IRQHandler	16	static
