D:/SchoolTasks/SCuMRobot/magNFC/release_mra2_12_6_nhs3152/sw/nss/mods/storage/storage.c:738:13:ResetInstance	0	static
D:/SchoolTasks/SCuMRobot/magNFC/release_mra2_12_6_nhs3152/sw/nss/mods/storage/storage.c:764:13:ShiftAlignedData	28	static
D:/SchoolTasks/SCuMRobot/magNFC/release_mra2_12_6_nhs3152/sw/nss/mods/storage/storage.c:818:13:ShiftUnalignedData	32	static
D:/SchoolTasks/SCuMRobot/magNFC/release_mra2_12_6_nhs3152/sw/nss/mods/storage/storage.c:869:13:CacheSample	8	static
D:/SchoolTasks/SCuMRobot/magNFC/release_mra2_12_6_nhs3152/sw/nss/mods/storage/storage.c:891:13:GetCachedSample	16	static
D:/SchoolTasks/SCuMRobot/magNFC/release_mra2_12_6_nhs3152/sw/nss/mods/storage/storage.c:1028:12:GetEepromCount	8	static
D:/SchoolTasks/SCuMRobot/magNFC/release_mra2_12_6_nhs3152/sw/nss/mods/storage/storage.c:1035:12:GetFlashCount	0	static
D:/SchoolTasks/SCuMRobot/magNFC/release_mra2_12_6_nhs3152/sw/nss/mods/storage/storage.c:1336:13:ValidateRecoverInfo	8	static
D:/SchoolTasks/SCuMRobot/magNFC/release_mra2_12_6_nhs3152/sw/nss/mods/storage/storage.c:1351:13:ValidateMarker	0	static
D:/SchoolTasks/SCuMRobot/magNFC/release_mra2_12_6_nhs3152/sw/nss/mods/storage/storage.c:1369:13:ValidateHint	24	static
D:/SchoolTasks/SCuMRobot/magNFC/release_mra2_12_6_nhs3152/sw/nss/mods/storage/storage.c:1397:13:WriteHint	80	static
D:/SchoolTasks/SCuMRobot/magNFC/release_mra2_12_6_nhs3152/sw/nss/mods/storage/storage.c:943:13:ReadFromEeprom	24	dynamic
D:/SchoolTasks/SCuMRobot/magNFC/release_mra2_12_6_nhs3152/sw/nss/mods/storage/storage.c:913:13:WriteToEeprom	32	dynamic
D:/SchoolTasks/SCuMRobot/magNFC/release_mra2_12_6_nhs3152/sw/nss/mods/storage/storage.c:1417:13:WriteMarker	24	static
D:/SchoolTasks/SCuMRobot/magNFC/release_mra2_12_6_nhs3152/sw/nss/mods/storage/storage.c:967:21:FindMarker	32	static
D:/SchoolTasks/SCuMRobot/magNFC/release_mra2_12_6_nhs3152/sw/nss/mods/storage/storage.c:1064:13:WriteToFlash	16	static
D:/SchoolTasks/SCuMRobot/magNFC/release_mra2_12_6_nhs3152/sw/nss/mods/storage/storage.c:1161:13:MoveSamplesFromEepromToFlash	40	static
D:/SchoolTasks/SCuMRobot/magNFC/release_mra2_12_6_nhs3152/sw/nss/mods/storage/storage.c:1111:12:StoreSamplesInEeprom	24	static
D:/SchoolTasks/SCuMRobot/magNFC/release_mra2_12_6_nhs3152/sw/nss/mods/storage/storage.c:1300:12:ReadAndCacheSamplesFromFlash	16	static
D:/SchoolTasks/SCuMRobot/magNFC/release_mra2_12_6_nhs3152/sw/nss/mods/storage/storage.c:684:5:Storage_DummyCompressCb	0	static
D:/SchoolTasks/SCuMRobot/magNFC/release_mra2_12_6_nhs3152/sw/nss/mods/storage/storage.c:699:5:Storage_DummyDecompressCb	0	static
D:/SchoolTasks/SCuMRobot/magNFC/release_mra2_12_6_nhs3152/sw/nss/mods/storage/storage.c:1425:6:Storage_Init	96	static
D:/SchoolTasks/SCuMRobot/magNFC/release_mra2_12_6_nhs3152/sw/nss/mods/storage/storage.c:1504:6:Storage_DeInit	24	static
D:/SchoolTasks/SCuMRobot/magNFC/release_mra2_12_6_nhs3152/sw/nss/mods/storage/storage.c:1534:5:Storage_GetCount	8	static
D:/SchoolTasks/SCuMRobot/magNFC/release_mra2_12_6_nhs3152/sw/nss/mods/storage/storage.c:1539:6:Storage_Reset	32	static
D:/SchoolTasks/SCuMRobot/magNFC/release_mra2_12_6_nhs3152/sw/nss/mods/storage/storage.c:1623:5:Storage_Write	56	static
D:/SchoolTasks/SCuMRobot/magNFC/release_mra2_12_6_nhs3152/sw/nss/mods/storage/storage.c:1685:6:Storage_Seek	16	static
D:/SchoolTasks/SCuMRobot/magNFC/release_mra2_12_6_nhs3152/sw/nss/mods/storage/storage.c:1754:5:Storage_Read	24	static
