D:/SchoolTasks/SCuMRobot/magNFC/release_mra2_12_6_nhs3152/sw/nss/mods/compress/heatshrink/heatshrink_encoder.c:422:17:get_input_buffer_size	0	static
D:/SchoolTasks/SCuMRobot/magNFC/release_mra2_12_6_nhs3152/sw/nss/mods/compress/heatshrink/heatshrink_encoder.c:418:17:get_input_offset	8	static
D:/SchoolTasks/SCuMRobot/magNFC/release_mra2_12_6_nhs3152/sw/nss/mods/compress/heatshrink/heatshrink_encoder.c:427:17:get_lookahead_size	0	static
D:/SchoolTasks/SCuMRobot/magNFC/release_mra2_12_6_nhs3152/sw/nss/mods/compress/heatshrink/heatshrink_encoder.c:471:12:is_finishing	0	static
D:/SchoolTasks/SCuMRobot/magNFC/release_mra2_12_6_nhs3152/sw/nss/mods/compress/heatshrink/heatshrink_encoder.c:475:12:can_take_byte	0	static
D:/SchoolTasks/SCuMRobot/magNFC/release_mra2_12_6_nhs3152/sw/nss/mods/compress/heatshrink/heatshrink_encoder.c:398:18:st_flush_bit_buffer	16	static
D:/SchoolTasks/SCuMRobot/magNFC/release_mra2_12_6_nhs3152/sw/nss/mods/compress/heatshrink/heatshrink_encoder.c:481:17:find_longest_match	40	static
D:/SchoolTasks/SCuMRobot/magNFC/release_mra2_12_6_nhs3152/sw/nss/mods/compress/heatshrink/heatshrink_encoder.c:290:18:st_step_search	48	static
D:/SchoolTasks/SCuMRobot/magNFC/release_mra2_12_6_nhs3152/sw/nss/mods/compress/heatshrink/heatshrink_encoder.c:579:13:push_bits	20	static
D:/SchoolTasks/SCuMRobot/magNFC/release_mra2_12_6_nhs3152/sw/nss/mods/compress/heatshrink/heatshrink_encoder.c:413:13:add_tag_bit	8	static
D:/SchoolTasks/SCuMRobot/magNFC/release_mra2_12_6_nhs3152/sw/nss/mods/compress/heatshrink/heatshrink_encoder.c:333:18:st_yield_tag_bit	16	static
D:/SchoolTasks/SCuMRobot/magNFC/release_mra2_12_6_nhs3152/sw/nss/mods/compress/heatshrink/heatshrink_encoder.c:558:16:push_outgoing_bits	16	static
D:/SchoolTasks/SCuMRobot/magNFC/release_mra2_12_6_nhs3152/sw/nss/mods/compress/heatshrink/heatshrink_encoder.c:360:18:st_yield_br_index	16	static
D:/SchoolTasks/SCuMRobot/magNFC/release_mra2_12_6_nhs3152/sw/nss/mods/compress/heatshrink/heatshrink_encoder.c:376:18:st_yield_br_length	16	static
D:/SchoolTasks/SCuMRobot/magNFC/release_mra2_12_6_nhs3152/sw/nss/mods/compress/heatshrink/heatshrink_encoder.c:607:13:push_literal_byte	16	static
D:/SchoolTasks/SCuMRobot/magNFC/release_mra2_12_6_nhs3152/sw/nss/mods/compress/heatshrink/heatshrink_encoder.c:350:18:st_yield_literal	16	static
D:/SchoolTasks/SCuMRobot/magNFC/release_mra2_12_6_nhs3152/sw/nss/mods/compress/heatshrink/heatshrink_encoder.c:616:13:save_backlog	16	static
D:/SchoolTasks/SCuMRobot/magNFC/release_mra2_12_6_nhs3152/sw/nss/mods/compress/heatshrink/heatshrink_encoder.c:392:18:st_save_backlog	8	static
D:/SchoolTasks/SCuMRobot/magNFC/release_mra2_12_6_nhs3152/sw/nss/mods/compress/heatshrink/heatshrink_encoder.c:147:6:heatshrink_encoder_reset	8	static
D:/SchoolTasks/SCuMRobot/magNFC/release_mra2_12_6_nhs3152/sw/nss/mods/compress/heatshrink/heatshrink_encoder.c:166:14:heatshrink_encoder_sink	32	static
D:/SchoolTasks/SCuMRobot/magNFC/release_mra2_12_6_nhs3152/sw/nss/mods/compress/heatshrink/heatshrink_encoder.c:219:14:heatshrink_encoder_poll	40	static
D:/SchoolTasks/SCuMRobot/magNFC/release_mra2_12_6_nhs3152/sw/nss/mods/compress/heatshrink/heatshrink_encoder.c:282:16:heatshrink_encoder_finish	0	static
