D:/OneDrive - HKUST (Guangzhou)/SchoolTasks/SCuMRobot/magNFC/release_mra2_12_6_nhs3152/sw/nss/mods/compress/heatshrink/heatshrink_decoder.c:318:17:get_bits	16	static
D:/OneDrive - HKUST (Guangzhou)/SchoolTasks/SCuMRobot/magNFC/release_mra2_12_6_nhs3152/sw/nss/mods/compress/heatshrink/heatshrink_decoder.c:214:18:st_tag_bit	8	static
D:/OneDrive - HKUST (Guangzhou)/SchoolTasks/SCuMRobot/magNFC/release_mra2_12_6_nhs3152/sw/nss/mods/compress/heatshrink/heatshrink_decoder.c:248:18:st_backref_index_msb	8	static
D:/OneDrive - HKUST (Guangzhou)/SchoolTasks/SCuMRobot/magNFC/release_mra2_12_6_nhs3152/sw/nss/mods/compress/heatshrink/heatshrink_decoder.c:258:18:st_backref_index_lsb	8	static
D:/OneDrive - HKUST (Guangzhou)/SchoolTasks/SCuMRobot/magNFC/release_mra2_12_6_nhs3152/sw/nss/mods/compress/heatshrink/heatshrink_decoder.c:270:18:st_backref_count_msb	8	static
D:/OneDrive - HKUST (Guangzhou)/SchoolTasks/SCuMRobot/magNFC/release_mra2_12_6_nhs3152/sw/nss/mods/compress/heatshrink/heatshrink_decoder.c:280:18:st_backref_count_lsb	8	static
D:/OneDrive - HKUST (Guangzhou)/SchoolTasks/SCuMRobot/magNFC/release_mra2_12_6_nhs3152/sw/nss/mods/compress/heatshrink/heatshrink_decoder.c:391:13:push_byte	8	static
D:/OneDrive - HKUST (Guangzhou)/SchoolTasks/SCuMRobot/magNFC/release_mra2_12_6_nhs3152/sw/nss/mods/compress/heatshrink/heatshrink_decoder.c:228:18:st_yield_literal	16	static
D:/OneDrive - HKUST (Guangzhou)/SchoolTasks/SCuMRobot/magNFC/release_mra2_12_6_nhs3152/sw/nss/mods/compress/heatshrink/heatshrink_decoder.c:290:18:st_yield_backref	32	static
D:/OneDrive - HKUST (Guangzhou)/SchoolTasks/SCuMRobot/magNFC/release_mra2_12_6_nhs3152/sw/nss/mods/compress/heatshrink/heatshrink_decoder.c:108:6:heatshrink_decoder_reset	8	static
D:/OneDrive - HKUST (Guangzhou)/SchoolTasks/SCuMRobot/magNFC/release_mra2_12_6_nhs3152/sw/nss/mods/compress/heatshrink/heatshrink_decoder.c:123:14:heatshrink_decoder_sink	16	static
D:/OneDrive - HKUST (Guangzhou)/SchoolTasks/SCuMRobot/magNFC/release_mra2_12_6_nhs3152/sw/nss/mods/compress/heatshrink/heatshrink_decoder.c:163:14:heatshrink_decoder_poll	40	static
D:/OneDrive - HKUST (Guangzhou)/SchoolTasks/SCuMRobot/magNFC/release_mra2_12_6_nhs3152/sw/nss/mods/compress/heatshrink/heatshrink_decoder.c:365:16:heatshrink_decoder_finish	0	static
