D:\OneDrive - HKUST (Guangzhou)\SchoolTasks\SCuMRobot\magNFC\release_mra2_12_6_nhs3152\sw\nss\lib_chip_nss\inc/core_cm0plus.h:719:22:NVIC_SystemReset	0	static
D:/OneDrive - HKUST (Guangzhou)/SchoolTasks/SCuMRobot/magNFC/release_mra2_12_6_nhs3152/sw/nss/mods/msg/msg.c:415:17:DispatchCommand	24	static
D:/OneDrive - HKUST (Guangzhou)/SchoolTasks/SCuMRobot/magNFC/release_mra2_12_6_nhs3152/sw/nss/mods/msg/msg.c:434:6:Msg_Init	0	static
D:/OneDrive - HKUST (Guangzhou)/SchoolTasks/SCuMRobot/magNFC/release_mra2_12_6_nhs3152/sw/nss/mods/msg/msg.c:445:6:Msg_SetResponseCb	0	static
D:/OneDrive - HKUST (Guangzhou)/SchoolTasks/SCuMRobot/magNFC/release_mra2_12_6_nhs3152/sw/nss/mods/msg/msg.c:450:6:Msg_AddResponse	32	dynamic
D:/OneDrive - HKUST (Guangzhou)/SchoolTasks/SCuMRobot/magNFC/release_mra2_12_6_nhs3152/sw/nss/mods/msg/msg.c:393:17:GetCalibrationTimestampHandler	16	static
D:/OneDrive - HKUST (Guangzhou)/SchoolTasks/SCuMRobot/magNFC/release_mra2_12_6_nhs3152/sw/nss/mods/msg/msg.c:372:17:CheckBatteryHandler	24	static
D:/OneDrive - HKUST (Guangzhou)/SchoolTasks/SCuMRobot/magNFC/release_mra2_12_6_nhs3152/sw/nss/mods/msg/msg.c:355:17:GetNfcUidHandler	16	static
D:/OneDrive - HKUST (Guangzhou)/SchoolTasks/SCuMRobot/magNFC/release_mra2_12_6_nhs3152/sw/nss/mods/msg/msg.c:337:17:GetUidHandler	24	static
D:/OneDrive - HKUST (Guangzhou)/SchoolTasks/SCuMRobot/magNFC/release_mra2_12_6_nhs3152/sw/nss/mods/msg/msg.c:306:17:PrepareDebugHandler	24	static
D:/OneDrive - HKUST (Guangzhou)/SchoolTasks/SCuMRobot/magNFC/release_mra2_12_6_nhs3152/sw/nss/mods/msg/msg.c:279:17:WriteMemoryHandler	16	static
D:/OneDrive - HKUST (Guangzhou)/SchoolTasks/SCuMRobot/magNFC/release_mra2_12_6_nhs3152/sw/nss/mods/msg/msg.c:252:17:ReadMemoryHandler	48	static
D:/OneDrive - HKUST (Guangzhou)/SchoolTasks/SCuMRobot/magNFC/release_mra2_12_6_nhs3152/sw/nss/mods/msg/msg.c:234:17:WriteRegisterHandler	16	static
D:/OneDrive - HKUST (Guangzhou)/SchoolTasks/SCuMRobot/magNFC/release_mra2_12_6_nhs3152/sw/nss/mods/msg/msg.c:213:17:ReadRegisterHandler	16	static
D:/OneDrive - HKUST (Guangzhou)/SchoolTasks/SCuMRobot/magNFC/release_mra2_12_6_nhs3152/sw/nss/mods/msg/msg.c:195:17:ResetHandler	16	static
D:/OneDrive - HKUST (Guangzhou)/SchoolTasks/SCuMRobot/magNFC/release_mra2_12_6_nhs3152/sw/nss/mods/msg/msg.c:176:17:GetVersionHandler	24	static
D:/OneDrive - HKUST (Guangzhou)/SchoolTasks/SCuMRobot/magNFC/release_mra2_12_6_nhs3152/sw/nss/mods/msg/msg.c:145:17:GetResponseHandler	16	static
D:/OneDrive - HKUST (Guangzhou)/SchoolTasks/SCuMRobot/magNFC/release_mra2_12_6_nhs3152/sw/nss/mods/msg/msg.c:535:6:Msg_HandleCommand	32	static
