Archive member included to satisfy reference by file (symbol)

D:\SchoolTasks\SCuMRobot\magNFC\release_mra2_12_6_nhs3152\sw\nss\lib_board_dp\Debug\liblib_board_dp.a(board.o)
                              ./src/mainndeft2t.o (Board_Init)
D:\SchoolTasks\SCuMRobot\magNFC\release_mra2_12_6_nhs3152\sw\nss\lib_board_dp\Debug\liblib_board_dp.a(led.o)
                              D:\SchoolTasks\SCuMRobot\magNFC\release_mra2_12_6_nhs3152\sw\nss\lib_board_dp\Debug\liblib_board_dp.a(board.o) (LED_Init)
D:\SchoolTasks\SCuMRobot\magNFC\release_mra2_12_6_nhs3152\sw\nss\lib_chip_nss\Debug\liblib_chip_nss.a(adcdac_nss.o)
                              ./src/mainndeft2t.o (Chip_ADCDAC_SetModeADC)
D:\SchoolTasks\SCuMRobot\magNFC\release_mra2_12_6_nhs3152\sw\nss\lib_chip_nss\Debug\liblib_chip_nss.a(clock_nss.o)
                              ./src/mainndeft2t.o (Chip_Clock_System_SetClockFreq)
D:\SchoolTasks\SCuMRobot\magNFC\release_mra2_12_6_nhs3152\sw\nss\lib_chip_nss\Debug\liblib_chip_nss.a(eeprom_nss.o)
                              D:\SchoolTasks\SCuMRobot\magNFC\release_mra2_12_6_nhs3152\sw\nss\lib_board_dp\Debug\liblib_board_dp.a(board.o) (Chip_EEPROM_Init)
D:\SchoolTasks\SCuMRobot\magNFC\release_mra2_12_6_nhs3152\sw\nss\lib_chip_nss\Debug\liblib_chip_nss.a(flash_nss.o)
                              D:\SchoolTasks\SCuMRobot\magNFC\release_mra2_12_6_nhs3152\sw\nss\lib_chip_nss\Debug\liblib_chip_nss.a(clock_nss.o) (Chip_Flash_GetHighPowerMode)
D:\SchoolTasks\SCuMRobot\magNFC\release_mra2_12_6_nhs3152\sw\nss\lib_chip_nss\Debug\liblib_chip_nss.a(gpio_nss.o)
                              D:\SchoolTasks\SCuMRobot\magNFC\release_mra2_12_6_nhs3152\sw\nss\lib_board_dp\Debug\liblib_board_dp.a(board.o) (Chip_GPIO_Init)
D:\SchoolTasks\SCuMRobot\magNFC\release_mra2_12_6_nhs3152\sw\nss\lib_chip_nss\Debug\liblib_chip_nss.a(i2d_nss.o)
                              ./src/mainndeft2t.o (Chip_I2D_Setup)
D:\SchoolTasks\SCuMRobot\magNFC\release_mra2_12_6_nhs3152\sw\nss\lib_chip_nss\Debug\liblib_chip_nss.a(iocon_nss.o)
                              D:\SchoolTasks\SCuMRobot\magNFC\release_mra2_12_6_nhs3152\sw\nss\lib_board_dp\Debug\liblib_board_dp.a(board.o) (Chip_IOCON_Init)
D:\SchoolTasks\SCuMRobot\magNFC\release_mra2_12_6_nhs3152\sw\nss\lib_chip_nss\Debug\liblib_chip_nss.a(nfc_nss.o)
                              ./mods/ndeft2t/ndeft2t.o (Chip_NFC_GetStatus)
D:\SchoolTasks\SCuMRobot\magNFC\release_mra2_12_6_nhs3152\sw\nss\lib_chip_nss\Debug\liblib_chip_nss.a(rtc_nss.o)
                              D:\SchoolTasks\SCuMRobot\magNFC\release_mra2_12_6_nhs3152\sw\nss\lib_board_dp\Debug\liblib_board_dp.a(board.o) (Chip_RTC_Init)
D:\SchoolTasks\SCuMRobot\magNFC\release_mra2_12_6_nhs3152\sw\nss\lib_chip_nss\Debug\liblib_chip_nss.a(ssp_nss.o)
                              ./mods/uarttx/uarttx.o (Chip_SSP_WriteFrames_Blocking)
D:\SchoolTasks\SCuMRobot\magNFC\release_mra2_12_6_nhs3152\sw\nss\lib_chip_nss\Debug\liblib_chip_nss.a(syscon_nss.o)
                              D:\SchoolTasks\SCuMRobot\magNFC\release_mra2_12_6_nhs3152\sw\nss\lib_chip_nss\Debug\liblib_chip_nss.a(eeprom_nss.o) (Chip_SysCon_Peripheral_AssertReset)
D:\SchoolTasks\SCuMRobot\magNFC\release_mra2_12_6_nhs3152\sw\nss\lib_chip_nss\Debug\liblib_chip_nss.a(startup.o)
                              (ResetISR)
D:\SchoolTasks\SCuMRobot\magNFC\release_mra2_12_6_nhs3152\sw\nss\lib_chip_nss\Debug\liblib_chip_nss.a(bussync_nss.o)
                              D:\SchoolTasks\SCuMRobot\magNFC\release_mra2_12_6_nhs3152\sw\nss\lib_chip_nss\Debug\liblib_chip_nss.a(rtc_nss.o) (Chip_BusSync_WriteReg)
D:/MCUXpressoIDE_11.10.0_3148/ide/plugins/com.nxp.mcuxpresso.tools.win32_11.10.0.202311280810/tools/bin/../lib/gcc/arm-none-eabi/13.2.1/../../../../arm-none-eabi/lib/thumb/v6-m/nofp\libcr_semihost.a(_cr__main.o)
                              D:\SchoolTasks\SCuMRobot\magNFC\release_mra2_12_6_nhs3152\sw\nss\lib_chip_nss\Debug\liblib_chip_nss.a(startup.o) (__main)
D:/MCUXpressoIDE_11.10.0_3148/ide/plugins/com.nxp.mcuxpresso.tools.win32_11.10.0.202311280810/tools/bin/../lib/gcc/arm-none-eabi/13.2.1/../../../../arm-none-eabi/lib/thumb/v6-m/nofp\libcr_c.a(memcpy.o)
                              ./mods/ndeft2t/ndeft2t.o (memcpy)
D:/MCUXpressoIDE_11.10.0_3148/ide/plugins/com.nxp.mcuxpresso.tools.win32_11.10.0.202311280810/tools/bin/../lib/gcc/arm-none-eabi/13.2.1/../../../../arm-none-eabi/lib/thumb/v6-m/nofp\libcr_c.a(memmove.o)
                              ./mods/ndeft2t/ndeft2t.o (memmove)
D:/MCUXpressoIDE_11.10.0_3148/ide/plugins/com.nxp.mcuxpresso.tools.win32_11.10.0.202311280810/tools/bin/../lib/gcc/arm-none-eabi/13.2.1/../../../../arm-none-eabi/lib/thumb/v6-m/nofp\libcr_c.a(memset.o)
                              D:\SchoolTasks\SCuMRobot\magNFC\release_mra2_12_6_nhs3152\sw\nss\lib_chip_nss\Debug\liblib_chip_nss.a(eeprom_nss.o) (memset)
[...]
Memory Configuration

Name             Origin             Length             Attributes
Flash_00         0x00000000         0x00007800         xr
RamLoc           0x10000000         0x00001ff0         xrw
*default*        0x00000000         0xffffffff

Linker script and memory map

LOAD ./src/crp.o
LOAD ./src/mainndeft2t.o
LOAD ./mods/uarttx/uarttx.o
LOAD ./mods/ndeft2t/ndeft2t.o
LOAD D:\SchoolTasks\SCuMRobot\magNFC\release_mra2_12_6_nhs3152\sw\nss\lib_board_dp\Debug\liblib_board_dp.a
LOAD D:\SchoolTasks\SCuMRobot\magNFC\release_mra2_12_6_nhs3152\sw\nss\lib_chip_nss\Debug\liblib_chip_nss.a
START GROUP
LOAD D:/MCUXpressoIDE_11.10.0_3148/ide/plugins/com.nxp.mcuxpresso.tools.win32_11.10.0.202311280810/tools/bin/../lib/gcc/arm-none-eabi/13.2.1/../../../../arm-none-eabi/lib/thumb/v6-m/nofp\libcr_semihost.a
LOAD D:/MCUXpressoIDE_11.10.0_3148/ide/plugins/com.nxp.mcuxpresso.tools.win32_11.10.0.202311280810/tools/bin/../lib/gcc/arm-none-eabi/13.2.1/../../../../arm-none-eabi/lib/thumb/v6-m/nofp\libcr_c.a
LOAD D:/MCUXpressoIDE_11.10.0_3148/ide/plugins/com.nxp.mcuxpresso.tools.win32_11.10.0.202311280810/tools/bin/../lib/gcc/arm-none-eabi/13.2.1/thumb/v6-m/nofp\libcr_eabihelpers.a
LOAD D:/MCUXpressoIDE_11.10.0_3148/ide/plugins/com.nxp.mcuxpresso.tools.win32_11.10.0.202311280810/tools/bin/../lib/gcc/arm-none-eabi/13.2.1/thumb/v6-m/nofp\libgcc.a
END GROUP
                0x00000000                        __base_Flash_00 = 0x0
                0x00000000                        __base_Flash = 0x0
                0x00007800                        __top_Flash_00 = 0x7800
                0x00007800                        __top_Flash = 0x7800
                0x10000000                        __base_RamLoc = 0x10000000
                0x10000000                        __base_RAM = 0x10000000
                0x10001ff0                        __top_RamLoc = 0x10001ff0
                0x10001ff0                        __top_RAM = 0x10001ff0

.text           0x00000000     0x1e70
 FILL mask 0xff
                0x00000000                        __vectors_start__ = ABSOLUTE (.)
 *(.isr_vector)
 .isr_vector    0x00000000       0xc0 D:\SchoolTasks\SCuMRobot\magNFC\release_mra2_12_6_nhs3152\sw\nss\lib_chip_nss\Debug\liblib_chip_nss.a(startup.o)
                0x00000000                g_pfnVectors
                0x000000c0                        . = ALIGN (0x4)
                0x000000c0                        __section_table_start = .
                0x000000c0                        __data_section_table = .
                0x000000c0        0x4 LONG 0x1e70 LOADADDR (.data)
                0x000000c4        0x4 LONG 0x10000000 ADDR (.data)
                0x000000c8        0x4 LONG 0x20 SIZEOF (.data)
                0x000000cc                        __data_section_table_end = .
                0x000000cc                        __bss_section_table = .
                0x000000cc        0x4 LONG 0x10000020 ADDR (.bss)
                0x000000d0        0x4 LONG 0x220 SIZEOF (.bss)
                0x000000d4                        __bss_section_table_end = .
                0x000000d4                        __section_table_end = .
 *(.after_vectors*)
 .after_vectors
                0x000000d4       0x74 D:\SchoolTasks\SCuMRobot\magNFC\release_mra2_12_6_nhs3152\sw\nss\lib_chip_nss\Debug\liblib_chip_nss.a(startup.o)
                0x000000f6                Startup_VarInit
                0x00000138                ResetISR
                0x000002fc                        . = 0x2fc
 *fill*         0x00000148      0x1b4 ff
                0x000002fc                        PROVIDE (__CRP_WORD_START__ = .)
 *(.crp)
 .crp           0x000002fc        0x4 ./src/crp.o
                0x000002fc                CRP_WORD
                0x00000300                        PROVIDE (__CRP_WORD_END__ = .)
                0x00000001                        ASSERT (! ((__CRP_WORD_START__ == __CRP_WORD_END__)), Linker CRP Enabled, but no CRP_WORD provided within application)
 *(.text*)
 .text.NVIC_EnableIRQ
                0x00000300       0x2c ./src/mainndeft2t.o
 .text.NVIC_DisableIRQ
                0x0000032c       0x30 ./src/mainndeft2t.o
 .text.NVIC_SetPriority
                0x0000035c       0xdc ./src/mainndeft2t.o
 .text.Chip_GPIO_SetPinDIROutput
                0x00000438       0x4c ./src/mainndeft2t.o
 .text.Chip_GPIO_SetPinOutHigh
                0x00000484       0x42 ./src/mainndeft2t.o
 .text.Chip_GPIO_SetPinOutLow
                0x000004c6       0x3a ./src/mainndeft2t.o
 .text.Chip_GPIO_SetPinToggle
                0x00000500       0x5c ./src/mainndeft2t.o
 .text.I2D_IRQHandler
                0x0000055c       0x58 ./src/mainndeft2t.o
                0x0000055c                I2D_IRQHandler
 .text.NFC_IRQHandler
                0x000005b4       0x64 ./src/mainndeft2t.o
                0x000005b4                NFC_IRQHandler
 .text.GenerateNdef_TextMime
                0x00000618       0xcc ./src/mainndeft2t.o
 .text.main     0x000006e4      0x298 ./src/mainndeft2t.o
                0x000006e4                main
 .text.SkipFormattingOptions
                0x0000097c       0x20 ./mods/uarttx/uarttx.o
 .text.UartTx_Init
                0x0000099c       0x5c ./mods/uarttx/uarttx.o
                0x0000099c                UartTx_Init
 .text.UartTx_Tx
                0x000009f8       0x4c ./mods/uarttx/uarttx.o
                0x000009f8                UartTx_Tx
 .text.UartTx_PrintString
                0x00000a44       0x18 ./mods/uarttx/uarttx.o
                0x00000a44                UartTx_PrintString
 .text.PrintUnknown
                0x00000a5c       0x10 ./mods/uarttx/uarttx.o
 .text.UartTx_PrintDec
                0x00000a6c       0x4c ./mods/uarttx/uarttx.o
                0x00000a6c                UartTx_PrintDec
 .text.UartTx_PrintHex
                0x00000ab8       0x30 ./mods/uarttx/uarttx.o
                0x00000ab8                UartTx_PrintHex
 .text.UartTx_Printf
                0x00000ae8       0x9e ./mods/uarttx/uarttx.o
                0x00000ae8                UartTx_Printf
 *fill*         0x00000b86        0x2 ff
 .text.DisableMessageReadDetection
                0x00000b88       0x1c ./mods/ndeft2t/ndeft2t.o
 .text.NDEFT2T_ResetNfcMemory
                0x00000ba4       0x18 ./mods/ndeft2t/ndeft2t.o
                0x00000ba4                NDEFT2T_ResetNfcMemory
 .text.NDEFT2T_Init
                0x00000bbc       0x34 ./mods/ndeft2t/ndeft2t.o
                0x00000bbc                NDEFT2T_Init
 .text.Board_Init
                0x00000bf0       0xf8 D:\SchoolTasks\SCuMRobot\magNFC\release_mra2_12_6_nhs3152\sw\nss\lib_board_dp\Debug\liblib_board_dp.a(board.o)
                0x00000bf0                Board_Init
 .text.LED_SetState
                0x00000ce8       0x48 D:\SchoolTasks\SCuMRobot\magNFC\release_mra2_12_6_nhs3152\sw\nss\lib_board_dp\Debug\liblib_board_dp.a(led.o)
                0x00000ce8                LED_SetState
 .text.LED_Off  0x00000d30        0xa D:\SchoolTasks\SCuMRobot\magNFC\release_mra2_12_6_nhs3152\sw\nss\lib_board_dp\Debug\liblib_board_dp.a(led.o)
                0x00000d30                LED_Off
 *fill*         0x00000d3a        0x2 ff
 .text.LED_Init
                0x00000d3c       0x48 D:\SchoolTasks\SCuMRobot\magNFC\release_mra2_12_6_nhs3152\sw\nss\lib_board_dp\Debug\liblib_board_dp.a(led.o)
                0x00000d3c                LED_Init
 .text.ConvertADCDACIOToIOCONAnabus
                0x00000d84       0x24 D:\SchoolTasks\SCuMRobot\magNFC\release_mra2_12_6_nhs3152\sw\nss\lib_chip_nss\Debug\liblib_chip_nss.a(adcdac_nss.o)
 .text.Chip_ADCDAC_SetModeADC
                0x00000da8       0x12 D:\SchoolTasks\SCuMRobot\magNFC\release_mra2_12_6_nhs3152\sw\nss\lib_chip_nss\Debug\liblib_chip_nss.a(adcdac_nss.o)
                0x00000da8                Chip_ADCDAC_SetModeADC
 .text.Chip_ADCDAC_SetModeDAC
                0x00000dba       0x12 D:\SchoolTasks\SCuMRobot\magNFC\release_mra2_12_6_nhs3152\sw\nss\lib_chip_nss\Debug\liblib_chip_nss.a(adcdac_nss.o)
                0x00000dba                Chip_ADCDAC_SetModeDAC
 .text.Chip_ADCDAC_SetMuxADC
                0x00000dcc       0x20 D:\SchoolTasks\SCuMRobot\magNFC\release_mra2_12_6_nhs3152\sw\nss\lib_chip_nss\Debug\liblib_chip_nss.a(adcdac_nss.o)
                0x00000dcc                Chip_ADCDAC_SetMuxADC
 .text.Chip_ADCDAC_SetMuxDAC
                0x00000dec       0x20 D:\SchoolTasks\SCuMRobot\magNFC\release_mra2_12_6_nhs3152\sw\nss\lib_chip_nss\Debug\liblib_chip_nss.a(adcdac_nss.o)
                0x00000dec                Chip_ADCDAC_SetMuxDAC
 .text.Chip_ADCDAC_SetInputRangeADC
                0x00000e0c       0x10 D:\SchoolTasks\SCuMRobot\magNFC\release_mra2_12_6_nhs3152\sw\nss\lib_chip_nss\Debug\liblib_chip_nss.a(adcdac_nss.o)
                0x00000e0c                Chip_ADCDAC_SetInputRangeADC
 .text.Chip_ADCDAC_StartDAC
                0x00000e1c        0xe D:\SchoolTasks\SCuMRobot\magNFC\release_mra2_12_6_nhs3152\sw\nss\lib_chip_nss\Debug\liblib_chip_nss.a(adcdac_nss.o)
                0x00000e1c                Chip_ADCDAC_StartDAC
 *fill*         0x00000e2a        0x2 ff
 .text.Chip_ADCDAC_WriteOutputDAC
                0x00000e2c       0x24 D:\SchoolTasks\SCuMRobot\magNFC\release_mra2_12_6_nhs3152\sw\nss\lib_chip_nss\Debug\liblib_chip_nss.a(adcdac_nss.o)
                0x00000e2c                Chip_ADCDAC_WriteOutputDAC
 .text.Chip_ADCDAC_Int_SetEnabledMask
                0x00000e50        0x8 D:\SchoolTasks\SCuMRobot\magNFC\release_mra2_12_6_nhs3152\sw\nss\lib_chip_nss\Debug\liblib_chip_nss.a(adcdac_nss.o)
                0x00000e50                Chip_ADCDAC_Int_SetEnabledMask
 .text.Chip_ADCDAC_Int_ClearRawStatus
                0x00000e58        0x8 D:\SchoolTasks\SCuMRobot\magNFC\release_mra2_12_6_nhs3152\sw\nss\lib_chip_nss\Debug\liblib_chip_nss.a(adcdac_nss.o)
                0x00000e58                Chip_ADCDAC_Int_ClearRawStatus
 .text.Chip_ADCDAC_Init
                0x00000e60       0x48 D:\SchoolTasks\SCuMRobot\magNFC\release_mra2_12_6_nhs3152\sw\nss\lib_chip_nss\Debug\liblib_chip_nss.a(adcdac_nss.o)
                0x00000e60                Chip_ADCDAC_Init
 .text.Chip_Clock_System_SetClockDiv
                0x00000ea8       0x54 D:\SchoolTasks\SCuMRobot\magNFC\release_mra2_12_6_nhs3152\sw\nss\lib_chip_nss\Debug\liblib_chip_nss.a(clock_nss.o)
                0x00000ea8                Chip_Clock_System_SetClockDiv
 .text.Chip_Clock_System_GetClockDiv
                0x00000efc       0x14 D:\SchoolTasks\SCuMRobot\magNFC\release_mra2_12_6_nhs3152\sw\nss\lib_chip_nss\Debug\liblib_chip_nss.a(clock_nss.o)
                0x00000efc                Chip_Clock_System_GetClockDiv
 .text.Chip_Clock_System_SetClockFreq
                0x00000f10       0x1c D:\SchoolTasks\SCuMRobot\magNFC\release_mra2_12_6_nhs3152\sw\nss\lib_chip_nss\Debug\liblib_chip_nss.a(clock_nss.o)
                0x00000f10                Chip_Clock_System_SetClockFreq
 .text.Chip_Clock_System_GetClockFreq
                0x00000f2c       0x14 D:\SchoolTasks\SCuMRobot\magNFC\release_mra2_12_6_nhs3152\sw\nss\lib_chip_nss\Debug\liblib_chip_nss.a(clock_nss.o)
                0x00000f2c                Chip_Clock_System_GetClockFreq
 .text.Chip_Clock_System_BusyWait_us
                0x00000f40       0x44 D:\SchoolTasks\SCuMRobot\magNFC\release_mra2_12_6_nhs3152\sw\nss\lib_chip_nss\Debug\liblib_chip_nss.a(clock_nss.o)
                0x00000f40                Chip_Clock_System_BusyWait_us
 .text.Chip_Clock_System_BusyWait_ms
                0x00000f84       0x34 D:\SchoolTasks\SCuMRobot\magNFC\release_mra2_12_6_nhs3152\sw\nss\lib_chip_nss\Debug\liblib_chip_nss.a(clock_nss.o)
                0x00000f84                Chip_Clock_System_BusyWait_ms
 .text.Chip_Clock_SPI0_SetClockDiv
                0x00000fb8       0x24 D:\SchoolTasks\SCuMRobot\magNFC\release_mra2_12_6_nhs3152\sw\nss\lib_chip_nss\Debug\liblib_chip_nss.a(clock_nss.o)
                0x00000fb8                Chip_Clock_SPI0_SetClockDiv
 .text.Chip_Clock_SPI0_GetClockDiv
                0x00000fdc       0x18 D:\SchoolTasks\SCuMRobot\magNFC\release_mra2_12_6_nhs3152\sw\nss\lib_chip_nss\Debug\liblib_chip_nss.a(clock_nss.o)
                0x00000fdc                Chip_Clock_SPI0_GetClockDiv
 .text.Chip_Clock_SPI0_GetClockFreq
                0x00000ff4       0x1c D:\SchoolTasks\SCuMRobot\magNFC\release_mra2_12_6_nhs3152\sw\nss\lib_chip_nss\Debug\liblib_chip_nss.a(clock_nss.o)
                0x00000ff4                Chip_Clock_SPI0_GetClockFreq
 .text.Chip_Clock_Peripheral_EnableClock
                0x00001010       0x1c D:\SchoolTasks\SCuMRobot\magNFC\release_mra2_12_6_nhs3152\sw\nss\lib_chip_nss\Debug\liblib_chip_nss.a(clock_nss.o)
                0x00001010                Chip_Clock_Peripheral_EnableClock
 .text.Chip_EEPROM_Init
                0x0000102c       0x5c D:\SchoolTasks\SCuMRobot\magNFC\release_mra2_12_6_nhs3152\sw\nss\lib_chip_nss\Debug\liblib_chip_nss.a(eeprom_nss.o)
                0x0000102c                Chip_EEPROM_Init
 .text.Chip_Flash_GetHighPowerMode
                0x00001088       0x20 D:\SchoolTasks\SCuMRobot\magNFC\release_mra2_12_6_nhs3152\sw\nss\lib_chip_nss\Debug\liblib_chip_nss.a(flash_nss.o)
                0x00001088                Chip_Flash_GetHighPowerMode
 .text.Chip_Flash_GetNumWaitStates
                0x000010a8       0x10 D:\SchoolTasks\SCuMRobot\magNFC\release_mra2_12_6_nhs3152\sw\nss\lib_chip_nss\Debug\liblib_chip_nss.a(flash_nss.o)
                0x000010a8                Chip_Flash_GetNumWaitStates
 .text.Chip_GPIO_Init
                0x000010b8        0xa D:\SchoolTasks\SCuMRobot\magNFC\release_mra2_12_6_nhs3152\sw\nss\lib_chip_nss\Debug\liblib_chip_nss.a(gpio_nss.o)
                0x000010b8                Chip_GPIO_Init
 *fill*         0x000010c2        0x2 ff
 .text.MaxCurrentInPicoAmpere
                0x000010c4       0x14 D:\SchoolTasks\SCuMRobot\magNFC\release_mra2_12_6_nhs3152\sw\nss\lib_chip_nss\Debug\liblib_chip_nss.a(i2d_nss.o)
 .text.ScalerGainInCenti
                0x000010d8       0x30 D:\SchoolTasks\SCuMRobot\magNFC\release_mra2_12_6_nhs3152\sw\nss\lib_chip_nss\Debug\liblib_chip_nss.a(i2d_nss.o)
 .text.ConvertI2DInputToIOCONAnabus
                0x00001108       0x24 D:\SchoolTasks\SCuMRobot\magNFC\release_mra2_12_6_nhs3152\sw\nss\lib_chip_nss\Debug\liblib_chip_nss.a(i2d_nss.o)
                0x00001108                ConvertI2DInputToIOCONAnabus
 .text.Chip_I2D_SetMode
                0x0000112c       0x10 D:\SchoolTasks\SCuMRobot\magNFC\release_mra2_12_6_nhs3152\sw\nss\lib_chip_nss\Debug\liblib_chip_nss.a(i2d_nss.o)
                0x0000112c                Chip_I2D_SetMode
 .text.Chip_I2D_SetScalerGain
                0x0000113c        0x8 D:\SchoolTasks\SCuMRobot\magNFC\release_mra2_12_6_nhs3152\sw\nss\lib_chip_nss\Debug\liblib_chip_nss.a(i2d_nss.o)
                0x0000113c                Chip_I2D_SetScalerGain
 .text.Chip_I2D_SetConverterGain
                0x00001144       0x10 D:\SchoolTasks\SCuMRobot\magNFC\release_mra2_12_6_nhs3152\sw\nss\lib_chip_nss\Debug\liblib_chip_nss.a(i2d_nss.o)
                0x00001144                Chip_I2D_SetConverterGain
 .text.Chip_I2D_SetConverterIntegrationTime
                0x00001154       0x10 D:\SchoolTasks\SCuMRobot\magNFC\release_mra2_12_6_nhs3152\sw\nss\lib_chip_nss\Debug\liblib_chip_nss.a(i2d_nss.o)
                0x00001154                Chip_I2D_SetConverterIntegrationTime
 .text.Chip_I2D_Setup
                0x00001164       0x26 D:\SchoolTasks\SCuMRobot\magNFC\release_mra2_12_6_nhs3152\sw\nss\lib_chip_nss\Debug\liblib_chip_nss.a(i2d_nss.o)
                0x00001164                Chip_I2D_Setup
 *fill*         0x0000118a        0x2 ff
 .text.Chip_I2D_SetMuxInput
                0x0000118c       0x20 D:\SchoolTasks\SCuMRobot\magNFC\release_mra2_12_6_nhs3152\sw\nss\lib_chip_nss\Debug\liblib_chip_nss.a(i2d_nss.o)
                0x0000118c                Chip_I2D_SetMuxInput
 .text.Chip_I2D_Start
                0x000011ac        0xe D:\SchoolTasks\SCuMRobot\magNFC\release_mra2_12_6_nhs3152\sw\nss\lib_chip_nss\Debug\liblib_chip_nss.a(i2d_nss.o)
                0x000011ac                Chip_I2D_Start
 .text.Chip_I2D_ReadStatus
                0x000011ba       0x22 D:\SchoolTasks\SCuMRobot\magNFC\release_mra2_12_6_nhs3152\sw\nss\lib_chip_nss\Debug\liblib_chip_nss.a(i2d_nss.o)
                0x000011ba                Chip_I2D_ReadStatus
 .text.Chip_I2D_GetValue
                0x000011dc        0x8 D:\SchoolTasks\SCuMRobot\magNFC\release_mra2_12_6_nhs3152\sw\nss\lib_chip_nss\Debug\liblib_chip_nss.a(i2d_nss.o)
                0x000011dc                Chip_I2D_GetValue
 .text.Chip_I2D_NativeToPicoAmpere
                0x000011e4       0x60 D:\SchoolTasks\SCuMRobot\magNFC\release_mra2_12_6_nhs3152\sw\nss\lib_chip_nss\Debug\liblib_chip_nss.a(i2d_nss.o)
                0x000011e4                Chip_I2D_NativeToPicoAmpere
 .text.Chip_I2D_Int_SetThresholdLow
                0x00001244        0x8 D:\SchoolTasks\SCuMRobot\magNFC\release_mra2_12_6_nhs3152\sw\nss\lib_chip_nss\Debug\liblib_chip_nss.a(i2d_nss.o)
                0x00001244                Chip_I2D_Int_SetThresholdLow
 .text.Chip_I2D_Int_SetThresholdHigh
                0x0000124c        0x8 D:\SchoolTasks\SCuMRobot\magNFC\release_mra2_12_6_nhs3152\sw\nss\lib_chip_nss\Debug\liblib_chip_nss.a(i2d_nss.o)
                0x0000124c                Chip_I2D_Int_SetThresholdHigh
 .text.Chip_I2D_Init
                0x00001254       0x58 D:\SchoolTasks\SCuMRobot\magNFC\release_mra2_12_6_nhs3152\sw\nss\lib_chip_nss\Debug\liblib_chip_nss.a(i2d_nss.o)
                0x00001254                Chip_I2D_Init
 .text.Chip_I2D_Int_SetEnabledMask
                0x000012ac        0x8 D:\SchoolTasks\SCuMRobot\magNFC\release_mra2_12_6_nhs3152\sw\nss\lib_chip_nss\Debug\liblib_chip_nss.a(i2d_nss.o)
                0x000012ac                Chip_I2D_Int_SetEnabledMask
 .text.Chip_I2D_Int_GetRawStatus
                0x000012b4        0x8 D:\SchoolTasks\SCuMRobot\magNFC\release_mra2_12_6_nhs3152\sw\nss\lib_chip_nss\Debug\liblib_chip_nss.a(i2d_nss.o)
                0x000012b4                Chip_I2D_Int_GetRawStatus
 .text.Chip_I2D_Int_ClearRawStatus
                0x000012bc        0x8 D:\SchoolTasks\SCuMRobot\magNFC\release_mra2_12_6_nhs3152\sw\nss\lib_chip_nss\Debug\liblib_chip_nss.a(i2d_nss.o)
                0x000012bc                Chip_I2D_Int_ClearRawStatus
 .text.Chip_IOCON_Init
                0x000012c4        0xc D:\SchoolTasks\SCuMRobot\magNFC\release_mra2_12_6_nhs3152\sw\nss\lib_chip_nss\Debug\liblib_chip_nss.a(iocon_nss.o)
                0x000012c4                Chip_IOCON_Init
 .text.Chip_IOCON_UngroundAnabus
                0x000012d0        0xe D:\SchoolTasks\SCuMRobot\magNFC\release_mra2_12_6_nhs3152\sw\nss\lib_chip_nss\Debug\liblib_chip_nss.a(iocon_nss.o)
                0x000012d0                Chip_IOCON_UngroundAnabus
 .text.Chip_IOCON_SetPinConfig
                0x000012de       0x28 D:\SchoolTasks\SCuMRobot\magNFC\release_mra2_12_6_nhs3152\sw\nss\lib_chip_nss\Debug\liblib_chip_nss.a(iocon_nss.o)
                0x000012de                Chip_IOCON_SetPinConfig
 .text.Chip_NFC_Int_SetEnabledMask
                0x00001306        0x8 D:\SchoolTasks\SCuMRobot\magNFC\release_mra2_12_6_nhs3152\sw\nss\lib_chip_nss\Debug\liblib_chip_nss.a(nfc_nss.o)
                0x00001306                Chip_NFC_Int_SetEnabledMask
 .text.Chip_NFC_Int_GetRawStatus
                0x0000130e        0x8 D:\SchoolTasks\SCuMRobot\magNFC\release_mra2_12_6_nhs3152\sw\nss\lib_chip_nss\Debug\liblib_chip_nss.a(nfc_nss.o)
                0x0000130e                Chip_NFC_Int_GetRawStatus
 *fill*         0x00001316        0x2 ff
 .text.Chip_NFC_Int_ClearRawStatus
                0x00001318       0x20 D:\SchoolTasks\SCuMRobot\magNFC\release_mra2_12_6_nhs3152\sw\nss\lib_chip_nss\Debug\liblib_chip_nss.a(nfc_nss.o)
                0x00001318                Chip_NFC_Int_ClearRawStatus
 .text.Chip_NFC_Init
                0x00001338       0x2c D:\SchoolTasks\SCuMRobot\magNFC\release_mra2_12_6_nhs3152\sw\nss\lib_chip_nss\Debug\liblib_chip_nss.a(nfc_nss.o)
                0x00001338                Chip_NFC_Init
 .text.Chip_NFC_SetTargetAddress
                0x00001364        0x6 D:\SchoolTasks\SCuMRobot\magNFC\release_mra2_12_6_nhs3152\sw\nss\lib_chip_nss\Debug\liblib_chip_nss.a(nfc_nss.o)
                0x00001364                Chip_NFC_SetTargetAddress
 *fill*         0x0000136a        0x2 ff
 .text.Chip_NFC_WordWrite
                0x0000136c       0x38 D:\SchoolTasks\SCuMRobot\magNFC\release_mra2_12_6_nhs3152\sw\nss\lib_chip_nss\Debug\liblib_chip_nss.a(nfc_nss.o)
                0x0000136c                Chip_NFC_WordWrite
 .text.Chip_RTC_Init
                0x000013a4        0xc D:\SchoolTasks\SCuMRobot\magNFC\release_mra2_12_6_nhs3152\sw\nss\lib_chip_nss\Debug\liblib_chip_nss.a(rtc_nss.o)
                0x000013a4                Chip_RTC_Init
 .text.Chip_SSP_SetClockRate
                0x000013b0       0x18 D:\SchoolTasks\SCuMRobot\magNFC\release_mra2_12_6_nhs3152\sw\nss\lib_chip_nss\Debug\liblib_chip_nss.a(ssp_nss.o)
                0x000013b0                Chip_SSP_SetClockRate
 .text.Chip_SSP_WriteFrames_Blocking
                0x000013c8       0x8c D:\SchoolTasks\SCuMRobot\magNFC\release_mra2_12_6_nhs3152\sw\nss\lib_chip_nss\Debug\liblib_chip_nss.a(ssp_nss.o)
                0x000013c8                Chip_SSP_WriteFrames_Blocking
 .text.Chip_SSP_SetBitRate
                0x00001454       0x4e D:\SchoolTasks\SCuMRobot\magNFC\release_mra2_12_6_nhs3152\sw\nss\lib_chip_nss\Debug\liblib_chip_nss.a(ssp_nss.o)
                0x00001454                Chip_SSP_SetBitRate
 *fill*         0x000014a2        0x2 ff
 .text.Chip_SSP_Init
                0x000014a4       0x48 D:\SchoolTasks\SCuMRobot\magNFC\release_mra2_12_6_nhs3152\sw\nss\lib_chip_nss\Debug\liblib_chip_nss.a(ssp_nss.o)
                0x000014a4                Chip_SSP_Init
 .text.Chip_SysCon_Peripheral_AssertReset
                0x000014ec       0x14 D:\SchoolTasks\SCuMRobot\magNFC\release_mra2_12_6_nhs3152\sw\nss\lib_chip_nss\Debug\liblib_chip_nss.a(syscon_nss.o)
                0x000014ec                Chip_SysCon_Peripheral_AssertReset
 .text.Chip_SysCon_Peripheral_DeassertReset
                0x00001500       0x14 D:\SchoolTasks\SCuMRobot\magNFC\release_mra2_12_6_nhs3152\sw\nss\lib_chip_nss\Debug\liblib_chip_nss.a(syscon_nss.o)
                0x00001500                Chip_SysCon_Peripheral_DeassertReset
 .text.Chip_SysCon_Peripheral_EnablePower
                0x00001514       0x18 D:\SchoolTasks\SCuMRobot\magNFC\release_mra2_12_6_nhs3152\sw\nss\lib_chip_nss\Debug\liblib_chip_nss.a(syscon_nss.o)
                0x00001514                Chip_SysCon_Peripheral_EnablePower
 .text.Chip_SysCon_Peripheral_DisablePower
                0x0000152c       0x18 D:\SchoolTasks\SCuMRobot\magNFC\release_mra2_12_6_nhs3152\sw\nss\lib_chip_nss\Debug\liblib_chip_nss.a(syscon_nss.o)
                0x0000152c                Chip_SysCon_Peripheral_DisablePower
 .text.NVIC_SystemReset
                0x00001544       0x18 D:\SchoolTasks\SCuMRobot\magNFC\release_mra2_12_6_nhs3152\sw\nss\lib_chip_nss\Debug\liblib_chip_nss.a(startup.o)
 .text.defaultIntHandler
                0x0000155c        0x8 D:\SchoolTasks\SCuMRobot\magNFC\release_mra2_12_6_nhs3152\sw\nss\lib_chip_nss\Debug\liblib_chip_nss.a(startup.o)
                0x0000155c                I2C0_IRQHandler
                0x0000155c                PMUBOD_IRQHandler
                0x0000155c                HardFault_Handler
                0x0000155c                SysTick_Handler
                0x0000155c                PendSV_Handler
                0x0000155c                NMI_Handler
                0x0000155c                CT16B0_IRQHandler
                0x0000155c                PIO0_8_IRQHandler
                0x0000155c                PIO0_4_IRQHandler
                0x0000155c                TSEN_IRQHandler
                0x0000155c                SSP0_IRQHandler
                0x0000155c                RTC_IRQHandler
                0x0000155c                PMUFLD_IRQHandler
                0x0000155c                PIO0_6_IRQHandler
                0x0000155c                PIO0_5_IRQHandler
                0x0000155c                PIO0_1_IRQHandler
                0x0000155c                PIO0_IRQHandler
                0x0000155c                ADC_IRQHandler
                0x0000155c                PIO0_3_IRQHandler
                0x0000155c                WDT_IRQHandler
                0x0000155c                SVC_Handler
                0x0000155c                PIO0_10_IRQHandler
                0x0000155c                PIO0_7_IRQHandler
                0x0000155c                CT32B0_IRQHandler
                0x0000155c                PIO0_0_IRQHandler
                0x0000155c                PIO0_2_IRQHandler
                0x0000155c                EEPROM_IRQHandler
                0x0000155c                RTCPWREQ_IRQHandler
                0x0000155c                RFFIELD_IRQHandler
                0x0000155c                C2D_IRQHandler
                0x0000155c                FLASH_IRQHandler
                0x0000155c                PIO0_9_IRQHandler
 .text.__main   0x00001564        0xc D:/MCUXpressoIDE_11.10.0_3148/ide/plugins/com.nxp.mcuxpresso.tools.win32_11.10.0.202311280810/tools/bin/../lib/gcc/arm-none-eabi/13.2.1/../../../../arm-none-eabi/lib/thumb/v6-m/nofp\libcr_semihost.a(_cr__main.o)
                0x00001564                __CR_SEMIHOST
                0x00001564                __main
 .text.memcpy   0x00001570        0x8 D:/MCUXpressoIDE_11.10.0_3148/ide/plugins/com.nxp.mcuxpresso.tools.win32_11.10.0.202311280810/tools/bin/../lib/gcc/arm-none-eabi/13.2.1/../../../../arm-none-eabi/lib/thumb/v6-m/nofp\libcr_c.a(memcpy.o)
                0x00001570                memcpy
 .text.memset   0x00001578        0x8 D:/MCUXpressoIDE_11.10.0_3148/ide/plugins/com.nxp.mcuxpresso.tools.win32_11.10.0.202311280810/tools/bin/../lib/gcc/arm-none-eabi/13.2.1/../../../../arm-none-eabi/lib/thumb/v6-m/nofp\libcr_c.a(memset.o)
                0x00001578                memset
 .text._initio  0x00001580       0x7c D:/MCUXpressoIDE_11.10.0_3148/ide/plugins/com.nxp.mcuxpresso.tools.win32_11.10.0.202311280810/tools/bin/../lib/gcc/arm-none-eabi/13.2.1/../../../../arm-none-eabi/lib/thumb/v6-m/nofp\libcr_c.a(initio.o)
                0x00001580                _initio
 .text.setvbuf  0x000015fc       0x4c D:/MCUXpressoIDE_11.10.0_3148/ide/plugins/com.nxp.mcuxpresso.tools.win32_11.10.0.202311280810/tools/bin/../lib/gcc/arm-none-eabi/13.2.1/../../../../arm-none-eabi/lib/thumb/v6-m/nofp\libcr_c.a(setvbuf.o)
                0x000015fc                setvbuf
 .text.strlen   0x00001648       0x5c D:/MCUXpressoIDE_11.10.0_3148/ide/plugins/com.nxp.mcuxpresso.tools.win32_11.10.0.202311280810/tools/bin/../lib/gcc/arm-none-eabi/13.2.1/../../../../arm-none-eabi/lib/thumb/v6-m/nofp\libcr_c.a(strlen.o)
                0x00001648                strlen
 .text._fdopen  0x000016a4       0x74 D:/MCUXpressoIDE_11.10.0_3148/ide/plugins/com.nxp.mcuxpresso.tools.win32_11.10.0.202311280810/tools/bin/../lib/gcc/arm-none-eabi/13.2.1/../../../../arm-none-eabi/lib/thumb/v6-m/nofp\libcr_c.a(_fdopen.o)
                0x000016a4                _fdopen
 .text.fclose   0x00001718       0x5c D:/MCUXpressoIDE_11.10.0_3148/ide/plugins/com.nxp.mcuxpresso.tools.win32_11.10.0.202311280810/tools/bin/../lib/gcc/arm-none-eabi/13.2.1/../../../../arm-none-eabi/lib/thumb/v6-m/nofp\libcr_c.a(fclose.o)
                0x00001718                fclose
 .text.fflush   0x00001774       0x40 D:/MCUXpressoIDE_11.10.0_3148/ide/plugins/com.nxp.mcuxpresso.tools.win32_11.10.0.202311280810/tools/bin/../lib/gcc/arm-none-eabi/13.2.1/../../../../arm-none-eabi/lib/thumb/v6-m/nofp\libcr_c.a(fflush.o)
                0x00001774                fflush
 .text.fseek    0x000017b4       0xec D:/MCUXpressoIDE_11.10.0_3148/ide/plugins/com.nxp.mcuxpresso.tools.win32_11.10.0.202311280810/tools/bin/../lib/gcc/arm-none-eabi/13.2.1/../../../../arm-none-eabi/lib/thumb/v6-m/nofp\libcr_c.a(fseek.o)
                0x000017b4                fseek
 .text.ftell    0x000018a0       0x4c D:/MCUXpressoIDE_11.10.0_3148/ide/plugins/com.nxp.mcuxpresso.tools.win32_11.10.0.202311280810/tools/bin/../lib/gcc/arm-none-eabi/13.2.1/../../../../arm-none-eabi/lib/thumb/v6-m/nofp\libcr_c.a(ftell.o)
                0x000018a0                ftell
 .text.remove   0x000018ec       0x12 D:/MCUXpressoIDE_11.10.0_3148/ide/plugins/com.nxp.mcuxpresso.tools.win32_11.10.0.202311280810/tools/bin/../lib/gcc/arm-none-eabi/13.2.1/../../../../arm-none-eabi/lib/thumb/v6-m/nofp\libcr_c.a(remove.o)
                0x000018ec                remove
 *fill*         0x000018fe        0x2 ff
 .text._do_fflush
                0x00001900       0x48 D:/MCUXpressoIDE_11.10.0_3148/ide/plugins/com.nxp.mcuxpresso.tools.win32_11.10.0.202311280810/tools/bin/../lib/gcc/arm-none-eabi/13.2.1/../../../../arm-none-eabi/lib/thumb/v6-m/nofp\libcr_c.a(_do_fflush.o)
                0x00001900                _do_fflush
 .text._fflush  0x00001948       0x5c D:/MCUXpressoIDE_11.10.0_3148/ide/plugins/com.nxp.mcuxpresso.tools.win32_11.10.0.202311280810/tools/bin/../lib/gcc/arm-none-eabi/13.2.1/../../../../arm-none-eabi/lib/thumb/v6-m/nofp\libcr_c.a(_fflush.o)
                0x00001948                _fflush
 .text._Cwritebuf
                0x000019a4       0x68 D:/MCUXpressoIDE_11.10.0_3148/ide/plugins/com.nxp.mcuxpresso.tools.win32_11.10.0.202311280810/tools/bin/../lib/gcc/arm-none-eabi/13.2.1/../../../../arm-none-eabi/lib/thumb/v6-m/nofp\libcr_c.a(_writebuf.o)
                0x000019a4                _Cwritebuf
 .text.free     0x00001a0c       0x2c D:/MCUXpressoIDE_11.10.0_3148/ide/plugins/com.nxp.mcuxpresso.tools.win32_11.10.0.202311280810/tools/bin/../lib/gcc/arm-none-eabi/13.2.1/../../../../arm-none-eabi/lib/thumb/v6-m/nofp\libcr_c.a(alloc.o)
                0x00001a0c                free
 .text._deferredlazyseek
                0x00001a38       0x40 D:/MCUXpressoIDE_11.10.0_3148/ide/plugins/com.nxp.mcuxpresso.tools.win32_11.10.0.202311280810/tools/bin/../lib/gcc/arm-none-eabi/13.2.1/../../../../arm-none-eabi/lib/thumb/v6-m/nofp\libcr_c.a(_deferredlazyseek.o)
                0x00001a38                _deferredlazyseek
 .text.__aeabi_division_idivmod
                0x00001a78       0x78 D:/MCUXpressoIDE_11.10.0_3148/ide/plugins/com.nxp.mcuxpresso.tools.win32_11.10.0.202311280810/tools/bin/../lib/gcc/arm-none-eabi/13.2.1/thumb/v6-m/nofp\libcr_eabihelpers.a(division_32.o)
                0x00001a78                __aeabi_idivmod
                0x00001a78                __aeabi_idiv
                0x00001a7e                __aeabi_uidivmod
                0x00001a7e                __aeabi_uidiv
 .text.__aeabi_division_uldivmod
                0x00001af0       0x5a D:/MCUXpressoIDE_11.10.0_3148/ide/plugins/com.nxp.mcuxpresso.tools.win32_11.10.0.202311280810/tools/bin/../lib/gcc/arm-none-eabi/13.2.1/thumb/v6-m/nofp\libcr_eabihelpers.a(division_64.o)
                0x00001af0                __aeabi_uldivmod
 .text.__aeabi_division_idiv0
                0x00001b4a        0x2 D:/MCUXpressoIDE_11.10.0_3148/ide/plugins/com.nxp.mcuxpresso.tools.win32_11.10.0.202311280810/tools/bin/../lib/gcc/arm-none-eabi/13.2.1/thumb/v6-m/nofp\libcr_eabihelpers.a(division_idiv0.o)
                0x00001b4a                __aeabi_idiv0
 .text.__aeabi_llong_lmul
                0x00001b4c       0x2e D:/MCUXpressoIDE_11.10.0_3148/ide/plugins/com.nxp.mcuxpresso.tools.win32_11.10.0.202311280810/tools/bin/../lib/gcc/arm-none-eabi/13.2.1/thumb/v6-m/nofp\libcr_eabihelpers.a(llong.o)
                0x00001b4c                __aeabi_lmul
 .text.__aeabi_memcpy
                0x00001b7a       0x2c D:/MCUXpressoIDE_11.10.0_3148/ide/plugins/com.nxp.mcuxpresso.tools.win32_11.10.0.202311280810/tools/bin/../lib/gcc/arm-none-eabi/13.2.1/thumb/v6-m/nofp\libcr_eabihelpers.a(memcpy.o)
                0x00001b7a                __aeabi_memcpy4
                0x00001b7a                __aeabi_memcpy8
                0x00001b7a                __aeabi_memcpy
 .text.__aeabi_memset_lowlevel
                0x00001ba6       0x2a D:/MCUXpressoIDE_11.10.0_3148/ide/plugins/com.nxp.mcuxpresso.tools.win32_11.10.0.202311280810/tools/bin/../lib/gcc/arm-none-eabi/13.2.1/thumb/v6-m/nofp\libcr_eabihelpers.a(memcpy.o)
                0x00001ba6                __aeabi_lowlevel_memset
 .text.__sys_close
                0x00001bd0        0xc D:/MCUXpressoIDE_11.10.0_3148/ide/plugins/com.nxp.mcuxpresso.tools.win32_11.10.0.202311280810/tools/bin/../lib/gcc/arm-none-eabi/13.2.1/../../../../arm-none-eabi/lib/thumb/v6-m/nofp\libcr_semihost.a(__sys_close.o)
                0x00001bd0                __sys_close
 .text.__sys_flen
                0x00001bdc        0xc D:/MCUXpressoIDE_11.10.0_3148/ide/plugins/com.nxp.mcuxpresso.tools.win32_11.10.0.202311280810/tools/bin/../lib/gcc/arm-none-eabi/13.2.1/../../../../arm-none-eabi/lib/thumb/v6-m/nofp\libcr_semihost.a(__sys_flen.o)
                0x00001bdc                __sys_flen
 .text.__sys_istty
                0x00001be8        0xc D:/MCUXpressoIDE_11.10.0_3148/ide/plugins/com.nxp.mcuxpresso.tools.win32_11.10.0.202311280810/tools/bin/../lib/gcc/arm-none-eabi/13.2.1/../../../../arm-none-eabi/lib/thumb/v6-m/nofp\libcr_semihost.a(__sys_istty.o)
                0x00001be8                __sys_istty
 .text.__sys_remove
                0x00001bf4        0xc D:/MCUXpressoIDE_11.10.0_3148/ide/plugins/com.nxp.mcuxpresso.tools.win32_11.10.0.202311280810/tools/bin/../lib/gcc/arm-none-eabi/13.2.1/../../../../arm-none-eabi/lib/thumb/v6-m/nofp\libcr_semihost.a(__sys_remove.o)
                0x00001bf4                __sys_remove
 .text.__sys_seek
                0x00001c00        0xc D:/MCUXpressoIDE_11.10.0_3148/ide/plugins/com.nxp.mcuxpresso.tools.win32_11.10.0.202311280810/tools/bin/../lib/gcc/arm-none-eabi/13.2.1/../../../../arm-none-eabi/lib/thumb/v6-m/nofp\libcr_semihost.a(__sys_seek.o)
                0x00001c00                __sys_seek
 .text.__sys_tmpnam
                0x00001c0c        0xc D:/MCUXpressoIDE_11.10.0_3148/ide/plugins/com.nxp.mcuxpresso.tools.win32_11.10.0.202311280810/tools/bin/../lib/gcc/arm-none-eabi/13.2.1/../../../../arm-none-eabi/lib/thumb/v6-m/nofp\libcr_semihost.a(__sys_tmpnam.o)
                0x00001c0c                __sys_tmpnam
 .text.__sys_write
                0x00001c18        0xc D:/MCUXpressoIDE_11.10.0_3148/ide/plugins/com.nxp.mcuxpresso.tools.win32_11.10.0.202311280810/tools/bin/../lib/gcc/arm-none-eabi/13.2.1/../../../../arm-none-eabi/lib/thumb/v6-m/nofp\libcr_semihost.a(__sys_write.o)
                0x00001c18                __sys_write
 *(.rodata .rodata.* .constdata .constdata.*)
 .rodata        0x00001c24        0x7 ./src/mainndeft2t.o
 *fill*         0x00001c2b        0x1 ff
 .rodata.PrintUnknown.str1.4
                0x00001c2c        0x6 ./mods/uarttx/uarttx.o
                                  0x3 (size before relaxing)
 .rodata.UartTx_PrintDec.str1.4
                0x00001c32        0x2 ./mods/uarttx/uarttx.o
 *fill*         0x00001c32        0x2 ff
 .rodata.sRbit  0x00001c34      0x200 ./mods/uarttx/uarttx.o
 .rodata.sDefaultBytes
                0x00001e34        0xc ./mods/ndeft2t/ndeft2t.o
 .rodata.sLeds  0x00001e40        0x4 D:\SchoolTasks\SCuMRobot\magNFC\release_mra2_12_6_nhs3152\sw\nss\lib_board_dp\Debug\liblib_board_dp.a(led.o)
 .rodata.ScalerGainInCenti
                0x00001e44       0x24 D:\SchoolTasks\SCuMRobot\magNFC\release_mra2_12_6_nhs3152\sw\nss\lib_chip_nss\Debug\liblib_chip_nss.a(i2d_nss.o)
 .rodata._initio.str1.1
                0x00001e68        0x4 D:/MCUXpressoIDE_11.10.0_3148/ide/plugins/com.nxp.mcuxpresso.tools.win32_11.10.0.202311280810/tools/bin/../lib/gcc/arm-none-eabi/13.2.1/../../../../arm-none-eabi/lib/thumb/v6-m/nofp\libcr_c.a(initio.o)
 .rodata.__num_Ciob_streams
                0x00001e6c        0x4 D:/MCUXpressoIDE_11.10.0_3148/ide/plugins/com.nxp.mcuxpresso.tools.win32_11.10.0.202311280810/tools/bin/../lib/gcc/arm-none-eabi/13.2.1/../../../../arm-none-eabi/lib/thumb/v6-m/nofp\libcr_semihost.a(__ciob.o)
                0x00001e6c                __num_Ciob_streams
                0x00001e70                        . = ALIGN (0x4)

.glue_7         0x00001e70        0x0
 .glue_7        0x00001e70        0x0 linker stubs

.glue_7t        0x00001e70        0x0
 .glue_7t       0x00001e70        0x0 linker stubs

.vfp11_veneer   0x00001e70        0x0
 .vfp11_veneer  0x00001e70        0x0 linker stubs

.v4_bx          0x00001e70        0x0
 .v4_bx         0x00001e70        0x0 linker stubs

.iplt           0x00001e70        0x0
 .iplt          0x00001e70        0x0 ./src/mainndeft2t.o

.rel.dyn        0x00001e70        0x0
 .rel.iplt      0x00001e70        0x0 ./src/mainndeft2t.o

.ARM.extab
 *(.ARM.extab* .gnu.linkonce.armextab.*)

.ARM.exidx      0x00001e70        0x0
                0x00001e70                        __exidx_start = .
 *(.ARM.exidx* .gnu.linkonce.armexidx.*)
                0x00001e70                        __exidx_end = .
                0x00001e70                        _etext = .

.uninit_RESERVED
                0x10000000        0x0
                0x10000000                        _start_uninit_RESERVED = .
 *(.bss.$RESERVED*)
                0x10000000                        . = ALIGN (0x4)
                0x10000000                        _end_uninit_RESERVED = .

.data           0x10000000       0x20 load address 0x00001e70
 FILL mask 0xff
                0x10000000                        _data = .
                [!provide]                        PROVIDE (__start_data_RAM = .)
                [!provide]                        PROVIDE (__start_data_RamLoc = .)
 *(vtable)
 *(.ramfunc*)
 *(CodeQuickAccess)
 *(DataQuickAccess)
 *(RamFunction)
 *(.data*)
 .data.message  0x10000000       0x20 ./src/mainndeft2t.o
                0x10000000                message
                0x10000020                        . = ALIGN (0x4)
                0x10000020                        _edata = .
                [!provide]                        PROVIDE (__end_data_RAM = .)
                [!provide]                        PROVIDE (__end_data_RamLoc = .)

.igot.plt       0x10000020        0x0 load address 0x00001e90
 .igot.plt      0x10000020        0x0 ./src/mainndeft2t.o

.bss            0x10000020      0x220
                0x10000020                        _bss = .
                [!provide]                        PROVIDE (__start_bss_RAM = .)
                [!provide]                        PROVIDE (__start_bss_RamLoc = .)
 *(.bss*)
 .bss.nfcTransWaitFlag
                0x10000020        0x1 ./src/mainndeft2t.o
                0x10000020                nfcTransWaitFlag
 *fill*         0x10000021        0x3 
 .bss.measurement
                0x10000024       0x28 ./src/mainndeft2t.o
                0x10000024                measurement
 .bss.measurementEnum
                0x1000004c        0x4 ./src/mainndeft2t.o
                0x1000004c                measurementEnum
 .bss.i2dConversionComplete
                0x10000050        0x1 ./src/mainndeft2t.o
                0x10000050                i2dConversionComplete
 *fill*         0x10000051        0x3 
 .bss.sTermTlvOffset
                0x10000054        0x4 ./mods/ndeft2t/ndeft2t.o
 .bss.stickyMEM_WRITE
                0x10000058        0x4 D:\SchoolTasks\SCuMRobot\magNFC\release_mra2_12_6_nhs3152\sw\nss\lib_chip_nss\Debug\liblib_chip_nss.a(nfc_nss.o)
 .bss.errno     0x1000005c        0x4 D:/MCUXpressoIDE_11.10.0_3148/ide/plugins/com.nxp.mcuxpresso.tools.win32_11.10.0.202311280810/tools/bin/../lib/gcc/arm-none-eabi/13.2.1/../../../../arm-none-eabi/lib/thumb/v6-m/nofp\libcr_c.a(errno.o)
                0x1000005c                errno
 .bss.__Ciob    0x10000060      0x1e0 D:/MCUXpressoIDE_11.10.0_3148/ide/plugins/com.nxp.mcuxpresso.tools.win32_11.10.0.202311280810/tools/bin/../lib/gcc/arm-none-eabi/13.2.1/../../../../arm-none-eabi/lib/thumb/v6-m/nofp\libcr_semihost.a(__ciob.o)
                0x10000060                __Ciob
 *(COMMON)
                0x10000240                        . = ALIGN (0x4)
                0x10000240                        _ebss = .
                [!provide]                        PROVIDE (__end_bss_RAM = .)
                [!provide]                        PROVIDE (__end_bss_RamLoc = .)
                [!provide]                        PROVIDE (end = .)

.noinit         0x10000240       0x44
                0x10000240                        _noinit = .
                [!provide]                        PROVIDE (__start_noinit_RAM = .)
                [!provide]                        PROVIDE (__start_noinit_RamLoc = .)
 *(.noinit*)
 .noinit        0x10000240       0x44 D:\SchoolTasks\SCuMRobot\magNFC\release_mra2_12_6_nhs3152\sw\nss\lib_chip_nss\Debug\liblib_chip_nss.a(eeprom_nss.o)
                0x10000284                        . = ALIGN (0x4)
                0x10000284                        _end_noinit = .
                [!provide]                        PROVIDE (__end_noinit_RAM = .)
                [!provide]                        PROVIDE (__end_noinit_RamLoc = .)
                0x10000284                        PROVIDE (_pvHeapStart = DEFINED (__user_heap_base)?__user_heap_base:.)
                0x10001ff0                        PROVIDE (_vStackTop = DEFINED (__user_stack_top)?__user_stack_top:(__top_RamLoc - 0x0))
                0x00000000                        _image_start = LOADADDR (.text)
                0x00001e90                        _image_end = (LOADADDR (.data) + SIZEOF (.data))
                0x00001e90                        _image_size = (_image_end - _image_start)
OUTPUT(app_example_dp_ndeft2t.axf elf32-littlearm)
LOAD linker stubs

.debug_info     0x00000000     0xdbcc
 .debug_info    0x00000000       0x40 ./src/crp.o
 .debug_info    0x00000040     0x1171 ./src/mainndeft2t.o
 .debug_info    0x000011b1      0xa18 ./mods/uarttx/uarttx.o
 .debug_info    0x00001bc9     0x179a ./mods/ndeft2t/ndeft2t.o
 .debug_info    0x00003363      0x97a D:\SchoolTasks\SCuMRobot\magNFC\release_mra2_12_6_nhs3152\sw\nss\lib_board_dp\Debug\liblib_board_dp.a(board.o)
 .debug_info    0x00003cdd      0x694 D:\SchoolTasks\SCuMRobot\magNFC\release_mra2_12_6_nhs3152\sw\nss\lib_board_dp\Debug\liblib_board_dp.a(led.o)
 .debug_info    0x00004371      0xc5f D:\SchoolTasks\SCuMRobot\magNFC\release_mra2_12_6_nhs3152\sw\nss\lib_chip_nss\Debug\liblib_chip_nss.a(adcdac_nss.o)
 .debug_info    0x00004fd0      0x8b0 D:\SchoolTasks\SCuMRobot\magNFC\release_mra2_12_6_nhs3152\sw\nss\lib_chip_nss\Debug\liblib_chip_nss.a(clock_nss.o)
 .debug_info    0x00005880      0x95e D:\SchoolTasks\SCuMRobot\magNFC\release_mra2_12_6_nhs3152\sw\nss\lib_chip_nss\Debug\liblib_chip_nss.a(eeprom_nss.o)
 .debug_info    0x000061de      0x337 D:\SchoolTasks\SCuMRobot\magNFC\release_mra2_12_6_nhs3152\sw\nss\lib_chip_nss\Debug\liblib_chip_nss.a(flash_nss.o)
 .debug_info    0x00006515      0x8b3 D:\SchoolTasks\SCuMRobot\magNFC\release_mra2_12_6_nhs3152\sw\nss\lib_chip_nss\Debug\liblib_chip_nss.a(gpio_nss.o)
 .debug_info    0x00006dc8      0xedd D:\SchoolTasks\SCuMRobot\magNFC\release_mra2_12_6_nhs3152\sw\nss\lib_chip_nss\Debug\liblib_chip_nss.a(i2d_nss.o)
 .debug_info    0x00007ca5      0x52e D:\SchoolTasks\SCuMRobot\magNFC\release_mra2_12_6_nhs3152\sw\nss\lib_chip_nss\Debug\liblib_chip_nss.a(iocon_nss.o)
 .debug_info    0x000081d3      0x638 D:\SchoolTasks\SCuMRobot\magNFC\release_mra2_12_6_nhs3152\sw\nss\lib_chip_nss\Debug\liblib_chip_nss.a(nfc_nss.o)
 .debug_info    0x0000880b      0x956 D:\SchoolTasks\SCuMRobot\magNFC\release_mra2_12_6_nhs3152\sw\nss\lib_chip_nss\Debug\liblib_chip_nss.a(rtc_nss.o)
 .debug_info    0x00009161     0x18eb D:\SchoolTasks\SCuMRobot\magNFC\release_mra2_12_6_nhs3152\sw\nss\lib_chip_nss\Debug\liblib_chip_nss.a(ssp_nss.o)
 .debug_info    0x0000aa4c      0x677 D:\SchoolTasks\SCuMRobot\magNFC\release_mra2_12_6_nhs3152\sw\nss\lib_chip_nss\Debug\liblib_chip_nss.a(syscon_nss.o)
 .debug_info    0x0000b0c3      0x3bc D:\SchoolTasks\SCuMRobot\magNFC\release_mra2_12_6_nhs3152\sw\nss\lib_chip_nss\Debug\liblib_chip_nss.a(startup.o)
 .debug_info    0x0000b47f       0x85 D:/MCUXpressoIDE_11.10.0_3148/ide/plugins/com.nxp.mcuxpresso.tools.win32_11.10.0.202311280810/tools/bin/../lib/gcc/arm-none-eabi/13.2.1/../../../../arm-none-eabi/lib/thumb/v6-m/nofp\libcr_semihost.a(_cr__main.o)
 .debug_info    0x0000b504      0x12b D:/MCUXpressoIDE_11.10.0_3148/ide/plugins/com.nxp.mcuxpresso.tools.win32_11.10.0.202311280810/tools/bin/../lib/gcc/arm-none-eabi/13.2.1/../../../../arm-none-eabi/lib/thumb/v6-m/nofp\libcr_c.a(memcpy.o)
 .debug_info    0x0000b62f       0xfc D:/MCUXpressoIDE_11.10.0_3148/ide/plugins/com.nxp.mcuxpresso.tools.win32_11.10.0.202311280810/tools/bin/../lib/gcc/arm-none-eabi/13.2.1/../../../../arm-none-eabi/lib/thumb/v6-m/nofp\libcr_c.a(memset.o)
 .debug_info    0x0000b72b      0x353 D:/MCUXpressoIDE_11.10.0_3148/ide/plugins/com.nxp.mcuxpresso.tools.win32_11.10.0.202311280810/tools/bin/../lib/gcc/arm-none-eabi/13.2.1/../../../../arm-none-eabi/lib/thumb/v6-m/nofp\libcr_c.a(initio.o)
 .debug_info    0x0000ba7e      0x1fd D:/MCUXpressoIDE_11.10.0_3148/ide/plugins/com.nxp.mcuxpresso.tools.win32_11.10.0.202311280810/tools/bin/../lib/gcc/arm-none-eabi/13.2.1/../../../../arm-none-eabi/lib/thumb/v6-m/nofp\libcr_c.a(setvbuf.o)
 .debug_info    0x0000bc7b       0xdd D:/MCUXpressoIDE_11.10.0_3148/ide/plugins/com.nxp.mcuxpresso.tools.win32_11.10.0.202311280810/tools/bin/../lib/gcc/arm-none-eabi/13.2.1/../../../../arm-none-eabi/lib/thumb/v6-m/nofp\libcr_c.a(strlen.o)
 .debug_info    0x0000bd58      0x24b D:/MCUXpressoIDE_11.10.0_3148/ide/plugins/com.nxp.mcuxpresso.tools.win32_11.10.0.202311280810/tools/bin/../lib/gcc/arm-none-eabi/13.2.1/../../../../arm-none-eabi/lib/thumb/v6-m/nofp\libcr_c.a(_fdopen.o)
 .debug_info    0x0000bfa3      0x325 D:/MCUXpressoIDE_11.10.0_3148/ide/plugins/com.nxp.mcuxpresso.tools.win32_11.10.0.202311280810/tools/bin/../lib/gcc/arm-none-eabi/13.2.1/../../../../arm-none-eabi/lib/thumb/v6-m/nofp\libcr_c.a(fclose.o)
 .debug_info    0x0000c2c8      0x210 D:/MCUXpressoIDE_11.10.0_3148/ide/plugins/com.nxp.mcuxpresso.tools.win32_11.10.0.202311280810/tools/bin/../lib/gcc/arm-none-eabi/13.2.1/../../../../arm-none-eabi/lib/thumb/v6-m/nofp\libcr_c.a(fflush.o)
 .debug_info    0x0000c4d8      0x27f D:/MCUXpressoIDE_11.10.0_3148/ide/plugins/com.nxp.mcuxpresso.tools.win32_11.10.0.202311280810/tools/bin/../lib/gcc/arm-none-eabi/13.2.1/../../../../arm-none-eabi/lib/thumb/v6-m/nofp\libcr_c.a(fseek.o)
 .debug_info    0x0000c757      0x197 D:/MCUXpressoIDE_11.10.0_3148/ide/plugins/com.nxp.mcuxpresso.tools.win32_11.10.0.202311280810/tools/bin/../lib/gcc/arm-none-eabi/13.2.1/../../../../arm-none-eabi/lib/thumb/v6-m/nofp\libcr_c.a(ftell.o)
 .debug_info    0x0000c8ee      0x1d0 D:/MCUXpressoIDE_11.10.0_3148/ide/plugins/com.nxp.mcuxpresso.tools.win32_11.10.0.202311280810/tools/bin/../lib/gcc/arm-none-eabi/13.2.1/../../../../arm-none-eabi/lib/thumb/v6-m/nofp\libcr_c.a(remove.o)
 .debug_info    0x0000cabe      0x241 D:/MCUXpressoIDE_11.10.0_3148/ide/plugins/com.nxp.mcuxpresso.tools.win32_11.10.0.202311280810/tools/bin/../lib/gcc/arm-none-eabi/13.2.1/../../../../arm-none-eabi/lib/thumb/v6-m/nofp\libcr_c.a(_do_fflush.o)
 .debug_info    0x0000ccff      0x1ea D:/MCUXpressoIDE_11.10.0_3148/ide/plugins/com.nxp.mcuxpresso.tools.win32_11.10.0.202311280810/tools/bin/../lib/gcc/arm-none-eabi/13.2.1/../../../../arm-none-eabi/lib/thumb/v6-m/nofp\libcr_c.a(_fflush.o)
 .debug_info    0x0000cee9      0x28a D:/MCUXpressoIDE_11.10.0_3148/ide/plugins/com.nxp.mcuxpresso.tools.win32_11.10.0.202311280810/tools/bin/../lib/gcc/arm-none-eabi/13.2.1/../../../../arm-none-eabi/lib/thumb/v6-m/nofp\libcr_c.a(_writebuf.o)
 .debug_info    0x0000d173      0x526 D:/MCUXpressoIDE_11.10.0_3148/ide/plugins/com.nxp.mcuxpresso.tools.win32_11.10.0.202311280810/tools/bin/../lib/gcc/arm-none-eabi/13.2.1/../../../../arm-none-eabi/lib/thumb/v6-m/nofp\libcr_c.a(alloc.o)
 .debug_info    0x0000d699       0x44 D:/MCUXpressoIDE_11.10.0_3148/ide/plugins/com.nxp.mcuxpresso.tools.win32_11.10.0.202311280810/tools/bin/../lib/gcc/arm-none-eabi/13.2.1/../../../../arm-none-eabi/lib/thumb/v6-m/nofp\libcr_c.a(errno.o)
 .debug_info    0x0000d6dd      0x364 D:/MCUXpressoIDE_11.10.0_3148/ide/plugins/com.nxp.mcuxpresso.tools.win32_11.10.0.202311280810/tools/bin/../lib/gcc/arm-none-eabi/13.2.1/../../../../arm-none-eabi/lib/thumb/v6-m/nofp\libcr_c.a(_deferredlazyseek.o)
 .debug_info    0x0000da41      0x18b D:/MCUXpressoIDE_11.10.0_3148/ide/plugins/com.nxp.mcuxpresso.tools.win32_11.10.0.202311280810/tools/bin/../lib/gcc/arm-none-eabi/13.2.1/../../../../arm-none-eabi/lib/thumb/v6-m/nofp\libcr_semihost.a(__ciob.o)

.debug_abbrev   0x00000000     0x389f
 .debug_abbrev  0x00000000       0x38 ./src/crp.o
 .debug_abbrev  0x00000038      0x3cd ./src/mainndeft2t.o
 .debug_abbrev  0x00000405      0x2b8 ./mods/uarttx/uarttx.o
 .debug_abbrev  0x000006bd      0x3c4 ./mods/ndeft2t/ndeft2t.o
 .debug_abbrev  0x00000a81      0x1e3 D:\SchoolTasks\SCuMRobot\magNFC\release_mra2_12_6_nhs3152\sw\nss\lib_board_dp\Debug\liblib_board_dp.a(board.o)
 .debug_abbrev  0x00000c64      0x26b D:\SchoolTasks\SCuMRobot\magNFC\release_mra2_12_6_nhs3152\sw\nss\lib_board_dp\Debug\liblib_board_dp.a(led.o)
 .debug_abbrev  0x00000ecf      0x1be D:\SchoolTasks\SCuMRobot\magNFC\release_mra2_12_6_nhs3152\sw\nss\lib_chip_nss\Debug\liblib_chip_nss.a(adcdac_nss.o)
 .debug_abbrev  0x0000108d      0x1eb D:\SchoolTasks\SCuMRobot\magNFC\release_mra2_12_6_nhs3152\sw\nss\lib_chip_nss\Debug\liblib_chip_nss.a(clock_nss.o)
 .debug_abbrev  0x00001278      0x259 D:\SchoolTasks\SCuMRobot\magNFC\release_mra2_12_6_nhs3152\sw\nss\lib_chip_nss\Debug\liblib_chip_nss.a(eeprom_nss.o)
 .debug_abbrev  0x000014d1      0x161 D:\SchoolTasks\SCuMRobot\magNFC\release_mra2_12_6_nhs3152\sw\nss\lib_chip_nss\Debug\liblib_chip_nss.a(flash_nss.o)
 .debug_abbrev  0x00001632      0x213 D:\SchoolTasks\SCuMRobot\magNFC\release_mra2_12_6_nhs3152\sw\nss\lib_chip_nss\Debug\liblib_chip_nss.a(gpio_nss.o)
 .debug_abbrev  0x00001845      0x24b D:\SchoolTasks\SCuMRobot\magNFC\release_mra2_12_6_nhs3152\sw\nss\lib_chip_nss\Debug\liblib_chip_nss.a(i2d_nss.o)
 .debug_abbrev  0x00001a90      0x18c D:\SchoolTasks\SCuMRobot\magNFC\release_mra2_12_6_nhs3152\sw\nss\lib_chip_nss\Debug\liblib_chip_nss.a(iocon_nss.o)
 .debug_abbrev  0x00001c1c      0x1c3 D:\SchoolTasks\SCuMRobot\magNFC\release_mra2_12_6_nhs3152\sw\nss\lib_chip_nss\Debug\liblib_chip_nss.a(nfc_nss.o)
 .debug_abbrev  0x00001ddf      0x198 D:\SchoolTasks\SCuMRobot\magNFC\release_mra2_12_6_nhs3152\sw\nss\lib_chip_nss\Debug\liblib_chip_nss.a(rtc_nss.o)
 .debug_abbrev  0x00001f77      0x328 D:\SchoolTasks\SCuMRobot\magNFC\release_mra2_12_6_nhs3152\sw\nss\lib_chip_nss\Debug\liblib_chip_nss.a(ssp_nss.o)
 .debug_abbrev  0x0000229f      0x179 D:\SchoolTasks\SCuMRobot\magNFC\release_mra2_12_6_nhs3152\sw\nss\lib_chip_nss\Debug\liblib_chip_nss.a(syscon_nss.o)
 .debug_abbrev  0x00002418      0x1a1 D:\SchoolTasks\SCuMRobot\magNFC\release_mra2_12_6_nhs3152\sw\nss\lib_chip_nss\Debug\liblib_chip_nss.a(startup.o)
 .debug_abbrev  0x000025b9       0x62 D:/MCUXpressoIDE_11.10.0_3148/ide/plugins/com.nxp.mcuxpresso.tools.win32_11.10.0.202311280810/tools/bin/../lib/gcc/arm-none-eabi/13.2.1/../../../../arm-none-eabi/lib/thumb/v6-m/nofp\libcr_semihost.a(_cr__main.o)
 .debug_abbrev  0x0000261b       0xb3 D:/MCUXpressoIDE_11.10.0_3148/ide/plugins/com.nxp.mcuxpresso.tools.win32_11.10.0.202311280810/tools/bin/../lib/gcc/arm-none-eabi/13.2.1/../../../../arm-none-eabi/lib/thumb/v6-m/nofp\libcr_c.a(memcpy.o)
 .debug_abbrev  0x000026ce       0xa5 D:/MCUXpressoIDE_11.10.0_3148/ide/plugins/com.nxp.mcuxpresso.tools.win32_11.10.0.202311280810/tools/bin/../lib/gcc/arm-none-eabi/13.2.1/../../../../arm-none-eabi/lib/thumb/v6-m/nofp\libcr_c.a(memset.o)
 .debug_abbrev  0x00002773      0x14b D:/MCUXpressoIDE_11.10.0_3148/ide/plugins/com.nxp.mcuxpresso.tools.win32_11.10.0.202311280810/tools/bin/../lib/gcc/arm-none-eabi/13.2.1/../../../../arm-none-eabi/lib/thumb/v6-m/nofp\libcr_c.a(initio.o)
 .debug_abbrev  0x000028be       0xe1 D:/MCUXpressoIDE_11.10.0_3148/ide/plugins/com.nxp.mcuxpresso.tools.win32_11.10.0.202311280810/tools/bin/../lib/gcc/arm-none-eabi/13.2.1/../../../../arm-none-eabi/lib/thumb/v6-m/nofp\libcr_c.a(setvbuf.o)
 .debug_abbrev  0x0000299f       0xa5 D:/MCUXpressoIDE_11.10.0_3148/ide/plugins/com.nxp.mcuxpresso.tools.win32_11.10.0.202311280810/tools/bin/../lib/gcc/arm-none-eabi/13.2.1/../../../../arm-none-eabi/lib/thumb/v6-m/nofp\libcr_c.a(strlen.o)
 .debug_abbrev  0x00002a44      0x119 D:/MCUXpressoIDE_11.10.0_3148/ide/plugins/com.nxp.mcuxpresso.tools.win32_11.10.0.202311280810/tools/bin/../lib/gcc/arm-none-eabi/13.2.1/../../../../arm-none-eabi/lib/thumb/v6-m/nofp\libcr_c.a(_fdopen.o)
 .debug_abbrev  0x00002b5d      0x158 D:/MCUXpressoIDE_11.10.0_3148/ide/plugins/com.nxp.mcuxpresso.tools.win32_11.10.0.202311280810/tools/bin/../lib/gcc/arm-none-eabi/13.2.1/../../../../arm-none-eabi/lib/thumb/v6-m/nofp\libcr_c.a(fclose.o)
 .debug_abbrev  0x00002cb5      0x122 D:/MCUXpressoIDE_11.10.0_3148/ide/plugins/com.nxp.mcuxpresso.tools.win32_11.10.0.202311280810/tools/bin/../lib/gcc/arm-none-eabi/13.2.1/../../../../arm-none-eabi/lib/thumb/v6-m/nofp\libcr_c.a(fflush.o)
 .debug_abbrev  0x00002dd7      0x11b D:/MCUXpressoIDE_11.10.0_3148/ide/plugins/com.nxp.mcuxpresso.tools.win32_11.10.0.202311280810/tools/bin/../lib/gcc/arm-none-eabi/13.2.1/../../../../arm-none-eabi/lib/thumb/v6-m/nofp\libcr_c.a(fseek.o)
 .debug_abbrev  0x00002ef2       0xc2 D:/MCUXpressoIDE_11.10.0_3148/ide/plugins/com.nxp.mcuxpresso.tools.win32_11.10.0.202311280810/tools/bin/../lib/gcc/arm-none-eabi/13.2.1/../../../../arm-none-eabi/lib/thumb/v6-m/nofp\libcr_c.a(ftell.o)
 .debug_abbrev  0x00002fb4       0xed D:/MCUXpressoIDE_11.10.0_3148/ide/plugins/com.nxp.mcuxpresso.tools.win32_11.10.0.202311280810/tools/bin/../lib/gcc/arm-none-eabi/13.2.1/../../../../arm-none-eabi/lib/thumb/v6-m/nofp\libcr_c.a(remove.o)
 .debug_abbrev  0x000030a1      0x12c D:/MCUXpressoIDE_11.10.0_3148/ide/plugins/com.nxp.mcuxpresso.tools.win32_11.10.0.202311280810/tools/bin/../lib/gcc/arm-none-eabi/13.2.1/../../../../arm-none-eabi/lib/thumb/v6-m/nofp\libcr_c.a(_do_fflush.o)
 .debug_abbrev  0x000031cd       0xf1 D:/MCUXpressoIDE_11.10.0_3148/ide/plugins/com.nxp.mcuxpresso.tools.win32_11.10.0.202311280810/tools/bin/../lib/gcc/arm-none-eabi/13.2.1/../../../../arm-none-eabi/lib/thumb/v6-m/nofp\libcr_c.a(_fflush.o)
 .debug_abbrev  0x000032be      0x126 D:/MCUXpressoIDE_11.10.0_3148/ide/plugins/com.nxp.mcuxpresso.tools.win32_11.10.0.202311280810/tools/bin/../lib/gcc/arm-none-eabi/13.2.1/../../../../arm-none-eabi/lib/thumb/v6-m/nofp\libcr_c.a(_writebuf.o)
 .debug_abbrev  0x000033e4      0x27b D:/MCUXpressoIDE_11.10.0_3148/ide/plugins/com.nxp.mcuxpresso.tools.win32_11.10.0.202311280810/tools/bin/../lib/gcc/arm-none-eabi/13.2.1/../../../../arm-none-eabi/lib/thumb/v6-m/nofp\libcr_c.a(alloc.o)
 .debug_abbrev  0x0000365f       0x44 D:/MCUXpressoIDE_11.10.0_3148/ide/plugins/com.nxp.mcuxpresso.tools.win32_11.10.0.202311280810/tools/bin/../lib/gcc/arm-none-eabi/13.2.1/../../../../arm-none-eabi/lib/thumb/v6-m/nofp\libcr_c.a(errno.o)
 .debug_abbrev  0x000036a3      0x147 D:/MCUXpressoIDE_11.10.0_3148/ide/plugins/com.nxp.mcuxpresso.tools.win32_11.10.0.202311280810/tools/bin/../lib/gcc/arm-none-eabi/13.2.1/../../../../arm-none-eabi/lib/thumb/v6-m/nofp\libcr_c.a(_deferredlazyseek.o)
 .debug_abbrev  0x000037ea       0xb5 D:/MCUXpressoIDE_11.10.0_3148/ide/plugins/com.nxp.mcuxpresso.tools.win32_11.10.0.202311280810/tools/bin/../lib/gcc/arm-none-eabi/13.2.1/../../../../arm-none-eabi/lib/thumb/v6-m/nofp\libcr_semihost.a(__ciob.o)

.debug_aranges  0x00000000      0xb40
 .debug_aranges
                0x00000000       0x18 ./src/crp.o
 .debug_aranges
                0x00000018       0x80 ./src/mainndeft2t.o
 .debug_aranges
                0x00000098       0x60 ./mods/uarttx/uarttx.o
 .debug_aranges
                0x000000f8       0xd8 ./mods/ndeft2t/ndeft2t.o
 .debug_aranges
                0x000001d0       0x20 D:\SchoolTasks\SCuMRobot\magNFC\release_mra2_12_6_nhs3152\sw\nss\lib_board_dp\Debug\liblib_board_dp.a(board.o)
 .debug_aranges
                0x000001f0       0x48 D:\SchoolTasks\SCuMRobot\magNFC\release_mra2_12_6_nhs3152\sw\nss\lib_board_dp\Debug\liblib_board_dp.a(led.o)
 .debug_aranges
                0x00000238       0xf8 D:\SchoolTasks\SCuMRobot\magNFC\release_mra2_12_6_nhs3152\sw\nss\lib_chip_nss\Debug\liblib_chip_nss.a(adcdac_nss.o)
 .debug_aranges
                0x00000330       0xc8 D:\SchoolTasks\SCuMRobot\magNFC\release_mra2_12_6_nhs3152\sw\nss\lib_chip_nss\Debug\liblib_chip_nss.a(clock_nss.o)
 .debug_aranges
                0x000003f8       0x58 D:\SchoolTasks\SCuMRobot\magNFC\release_mra2_12_6_nhs3152\sw\nss\lib_chip_nss\Debug\liblib_chip_nss.a(eeprom_nss.o)
 .debug_aranges
                0x00000450       0x38 D:\SchoolTasks\SCuMRobot\magNFC\release_mra2_12_6_nhs3152\sw\nss\lib_chip_nss\Debug\liblib_chip_nss.a(flash_nss.o)
 .debug_aranges
                0x00000488       0x40 D:\SchoolTasks\SCuMRobot\magNFC\release_mra2_12_6_nhs3152\sw\nss\lib_chip_nss\Debug\liblib_chip_nss.a(gpio_nss.o)
 .debug_aranges
                0x000004c8      0x108 D:\SchoolTasks\SCuMRobot\magNFC\release_mra2_12_6_nhs3152\sw\nss\lib_chip_nss\Debug\liblib_chip_nss.a(i2d_nss.o)
 .debug_aranges
                0x000005d0       0x58 D:\SchoolTasks\SCuMRobot\magNFC\release_mra2_12_6_nhs3152\sw\nss\lib_chip_nss\Debug\liblib_chip_nss.a(iocon_nss.o)
 .debug_aranges
                0x00000628       0x78 D:\SchoolTasks\SCuMRobot\magNFC\release_mra2_12_6_nhs3152\sw\nss\lib_chip_nss\Debug\liblib_chip_nss.a(nfc_nss.o)
 .debug_aranges
                0x000006a0       0x98 D:\SchoolTasks\SCuMRobot\magNFC\release_mra2_12_6_nhs3152\sw\nss\lib_chip_nss\Debug\liblib_chip_nss.a(rtc_nss.o)
 .debug_aranges
                0x00000738       0x98 D:\SchoolTasks\SCuMRobot\magNFC\release_mra2_12_6_nhs3152\sw\nss\lib_chip_nss\Debug\liblib_chip_nss.a(ssp_nss.o)
 .debug_aranges
                0x000007d0       0xa0 D:\SchoolTasks\SCuMRobot\magNFC\release_mra2_12_6_nhs3152\sw\nss\lib_chip_nss\Debug\liblib_chip_nss.a(syscon_nss.o)
 .debug_aranges
                0x00000870       0x48 D:\SchoolTasks\SCuMRobot\magNFC\release_mra2_12_6_nhs3152\sw\nss\lib_chip_nss\Debug\liblib_chip_nss.a(startup.o)
 .debug_aranges
                0x000008b8       0x20 D:/MCUXpressoIDE_11.10.0_3148/ide/plugins/com.nxp.mcuxpresso.tools.win32_11.10.0.202311280810/tools/bin/../lib/gcc/arm-none-eabi/13.2.1/../../../../arm-none-eabi/lib/thumb/v6-m/nofp\libcr_semihost.a(_cr__main.o)
 .debug_aranges
                0x000008d8       0x20 D:/MCUXpressoIDE_11.10.0_3148/ide/plugins/com.nxp.mcuxpresso.tools.win32_11.10.0.202311280810/tools/bin/../lib/gcc/arm-none-eabi/13.2.1/../../../../arm-none-eabi/lib/thumb/v6-m/nofp\libcr_c.a(memcpy.o)
 .debug_aranges
                0x000008f8       0x20 D:/MCUXpressoIDE_11.10.0_3148/ide/plugins/com.nxp.mcuxpresso.tools.win32_11.10.0.202311280810/tools/bin/../lib/gcc/arm-none-eabi/13.2.1/../../../../arm-none-eabi/lib/thumb/v6-m/nofp\libcr_c.a(memset.o)
 .debug_aranges
                0x00000918       0x28 D:/MCUXpressoIDE_11.10.0_3148/ide/plugins/com.nxp.mcuxpresso.tools.win32_11.10.0.202311280810/tools/bin/../lib/gcc/arm-none-eabi/13.2.1/../../../../arm-none-eabi/lib/thumb/v6-m/nofp\libcr_c.a(initio.o)
 .debug_aranges
                0x00000940       0x20 D:/MCUXpressoIDE_11.10.0_3148/ide/plugins/com.nxp.mcuxpresso.tools.win32_11.10.0.202311280810/tools/bin/../lib/gcc/arm-none-eabi/13.2.1/../../../../arm-none-eabi/lib/thumb/v6-m/nofp\libcr_c.a(setvbuf.o)
 .debug_aranges
                0x00000960       0x20 D:/MCUXpressoIDE_11.10.0_3148/ide/plugins/com.nxp.mcuxpresso.tools.win32_11.10.0.202311280810/tools/bin/../lib/gcc/arm-none-eabi/13.2.1/../../../../arm-none-eabi/lib/thumb/v6-m/nofp\libcr_c.a(strlen.o)
 .debug_aranges
                0x00000980       0x20 D:/MCUXpressoIDE_11.10.0_3148/ide/plugins/com.nxp.mcuxpresso.tools.win32_11.10.0.202311280810/tools/bin/../lib/gcc/arm-none-eabi/13.2.1/../../../../arm-none-eabi/lib/thumb/v6-m/nofp\libcr_c.a(_fdopen.o)
 .debug_aranges
                0x000009a0       0x20 D:/MCUXpressoIDE_11.10.0_3148/ide/plugins/com.nxp.mcuxpresso.tools.win32_11.10.0.202311280810/tools/bin/../lib/gcc/arm-none-eabi/13.2.1/../../../../arm-none-eabi/lib/thumb/v6-m/nofp\libcr_c.a(fclose.o)
 .debug_aranges
                0x000009c0       0x20 D:/MCUXpressoIDE_11.10.0_3148/ide/plugins/com.nxp.mcuxpresso.tools.win32_11.10.0.202311280810/tools/bin/../lib/gcc/arm-none-eabi/13.2.1/../../../../arm-none-eabi/lib/thumb/v6-m/nofp\libcr_c.a(fflush.o)
 .debug_aranges
                0x000009e0       0x20 D:/MCUXpressoIDE_11.10.0_3148/ide/plugins/com.nxp.mcuxpresso.tools.win32_11.10.0.202311280810/tools/bin/../lib/gcc/arm-none-eabi/13.2.1/../../../../arm-none-eabi/lib/thumb/v6-m/nofp\libcr_c.a(fseek.o)
 .debug_aranges
                0x00000a00       0x20 D:/MCUXpressoIDE_11.10.0_3148/ide/plugins/com.nxp.mcuxpresso.tools.win32_11.10.0.202311280810/tools/bin/../lib/gcc/arm-none-eabi/13.2.1/../../../../arm-none-eabi/lib/thumb/v6-m/nofp\libcr_c.a(ftell.o)
 .debug_aranges
                0x00000a20       0x28 D:/MCUXpressoIDE_11.10.0_3148/ide/plugins/com.nxp.mcuxpresso.tools.win32_11.10.0.202311280810/tools/bin/../lib/gcc/arm-none-eabi/13.2.1/../../../../arm-none-eabi/lib/thumb/v6-m/nofp\libcr_c.a(remove.o)
 .debug_aranges
                0x00000a48       0x20 D:/MCUXpressoIDE_11.10.0_3148/ide/plugins/com.nxp.mcuxpresso.tools.win32_11.10.0.202311280810/tools/bin/../lib/gcc/arm-none-eabi/13.2.1/../../../../arm-none-eabi/lib/thumb/v6-m/nofp\libcr_c.a(_do_fflush.o)
 .debug_aranges
                0x00000a68       0x20 D:/MCUXpressoIDE_11.10.0_3148/ide/plugins/com.nxp.mcuxpresso.tools.win32_11.10.0.202311280810/tools/bin/../lib/gcc/arm-none-eabi/13.2.1/../../../../arm-none-eabi/lib/thumb/v6-m/nofp\libcr_c.a(_fflush.o)
 .debug_aranges
                0x00000a88       0x20 D:/MCUXpressoIDE_11.10.0_3148/ide/plugins/com.nxp.mcuxpresso.tools.win32_11.10.0.202311280810/tools/bin/../lib/gcc/arm-none-eabi/13.2.1/../../../../arm-none-eabi/lib/thumb/v6-m/nofp\libcr_c.a(_writebuf.o)
 .debug_aranges
                0x00000aa8       0x40 D:/MCUXpressoIDE_11.10.0_3148/ide/plugins/com.nxp.mcuxpresso.tools.win32_11.10.0.202311280810/tools/bin/../lib/gcc/arm-none-eabi/13.2.1/../../../../arm-none-eabi/lib/thumb/v6-m/nofp\libcr_c.a(alloc.o)
 .debug_aranges
                0x00000ae8       0x18 D:/MCUXpressoIDE_11.10.0_3148/ide/plugins/com.nxp.mcuxpresso.tools.win32_11.10.0.202311280810/tools/bin/../lib/gcc/arm-none-eabi/13.2.1/../../../../arm-none-eabi/lib/thumb/v6-m/nofp\libcr_c.a(errno.o)
 .debug_aranges
                0x00000b00       0x28 D:/MCUXpressoIDE_11.10.0_3148/ide/plugins/com.nxp.mcuxpresso.tools.win32_11.10.0.202311280810/tools/bin/../lib/gcc/arm-none-eabi/13.2.1/../../../../arm-none-eabi/lib/thumb/v6-m/nofp\libcr_c.a(_deferredlazyseek.o)
 .debug_aranges
                0x00000b28       0x18 D:/MCUXpressoIDE_11.10.0_3148/ide/plugins/com.nxp.mcuxpresso.tools.win32_11.10.0.202311280810/tools/bin/../lib/gcc/arm-none-eabi/13.2.1/../../../../arm-none-eabi/lib/thumb/v6-m/nofp\libcr_semihost.a(__ciob.o)

.debug_macro    0x00000000     0x4969
 .debug_macro   0x00000000       0x30 ./src/crp.o
 .debug_macro   0x00000030      0xab4 ./src/crp.o
 .debug_macro   0x00000ae4       0x1c ./src/crp.o
 .debug_macro   0x00000b00       0x16 ./src/crp.o
 .debug_macro   0x00000b16       0x34 ./src/crp.o
 .debug_macro   0x00000b4a      0x221 ./src/mainndeft2t.o
 .debug_macro   0x00000d6b      0xab4 ./src/mainndeft2t.o
 .debug_macro   0x0000181f       0x10 ./src/mainndeft2t.o
 .debug_macro   0x0000182f      0x12e ./src/mainndeft2t.o
 .debug_macro   0x0000195d       0x22 ./src/mainndeft2t.o
 .debug_macro   0x0000197f      0x5b3 ./src/mainndeft2t.o
 .debug_macro   0x00001f32       0x22 ./src/mainndeft2t.o
 .debug_macro   0x00001f54       0x10 ./src/mainndeft2t.o
 .debug_macro   0x00001f64       0x22 ./src/mainndeft2t.o
 .debug_macro   0x00001f86       0x3a ./src/mainndeft2t.o
 .debug_macro   0x00001fc0      0x241 ./src/mainndeft2t.o
 .debug_macro   0x00002201      0x12a ./src/mainndeft2t.o
 .debug_macro   0x0000232b       0x10 ./src/mainndeft2t.o
 .debug_macro   0x0000233b       0xdc ./src/mainndeft2t.o
 .debug_macro   0x00002417       0x26 ./src/mainndeft2t.o
 .debug_macro   0x0000243d       0x96 ./src/mainndeft2t.o
 .debug_macro   0x000024d3       0x3b ./src/mainndeft2t.o
 .debug_macro   0x0000250e       0x28 ./src/mainndeft2t.o
 .debug_macro   0x00002536       0x1c ./src/mainndeft2t.o
 .debug_macro   0x00002552       0x10 ./src/mainndeft2t.o
 .debug_macro   0x00002562       0x58 ./src/mainndeft2t.o
 .debug_macro   0x000025ba       0x16 ./src/mainndeft2t.o
 .debug_macro   0x000025d0       0x2e ./src/mainndeft2t.o
 .debug_macro   0x000025fe       0x46 ./src/mainndeft2t.o
 .debug_macro   0x00002644      0x1d8 ./mods/uarttx/uarttx.o
 .debug_macro   0x0000281c       0x16 ./mods/uarttx/uarttx.o
 .debug_macro   0x00002832       0x1c ./mods/uarttx/uarttx.o
 .debug_macro   0x0000284e      0x22c ./mods/ndeft2t/ndeft2t.o
 .debug_macro   0x00002a7a       0x10 ./mods/ndeft2t/ndeft2t.o
 .debug_macro   0x00002a8a      0x1a4 D:\SchoolTasks\SCuMRobot\magNFC\release_mra2_12_6_nhs3152\sw\nss\lib_board_dp\Debug\liblib_board_dp.a(board.o)
 .debug_macro   0x00002c2e      0xab4 D:\SchoolTasks\SCuMRobot\magNFC\release_mra2_12_6_nhs3152\sw\nss\lib_board_dp\Debug\liblib_board_dp.a(board.o)
 .debug_macro   0x000036e2      0x18c D:\SchoolTasks\SCuMRobot\magNFC\release_mra2_12_6_nhs3152\sw\nss\lib_board_dp\Debug\liblib_board_dp.a(led.o)
 .debug_macro   0x0000386e      0x1c4 D:\SchoolTasks\SCuMRobot\magNFC\release_mra2_12_6_nhs3152\sw\nss\lib_chip_nss\Debug\liblib_chip_nss.a(adcdac_nss.o)
 .debug_macro   0x00003a32      0x16a D:\SchoolTasks\SCuMRobot\magNFC\release_mra2_12_6_nhs3152\sw\nss\lib_chip_nss\Debug\liblib_chip_nss.a(clock_nss.o)
 .debug_macro   0x00003b9c      0x196 D:\SchoolTasks\SCuMRobot\magNFC\release_mra2_12_6_nhs3152\sw\nss\lib_chip_nss\Debug\liblib_chip_nss.a(eeprom_nss.o)
 .debug_macro   0x00003d32      0x16a D:\SchoolTasks\SCuMRobot\magNFC\release_mra2_12_6_nhs3152\sw\nss\lib_chip_nss\Debug\liblib_chip_nss.a(flash_nss.o)
 .debug_macro   0x00003e9c      0x16a D:\SchoolTasks\SCuMRobot\magNFC\release_mra2_12_6_nhs3152\sw\nss\lib_chip_nss\Debug\liblib_chip_nss.a(gpio_nss.o)
 .debug_macro   0x00004006      0x170 D:\SchoolTasks\SCuMRobot\magNFC\release_mra2_12_6_nhs3152\sw\nss\lib_chip_nss\Debug\liblib_chip_nss.a(i2d_nss.o)
 .debug_macro   0x00004176      0x16a D:\SchoolTasks\SCuMRobot\magNFC\release_mra2_12_6_nhs3152\sw\nss\lib_chip_nss\Debug\liblib_chip_nss.a(iocon_nss.o)
 .debug_macro   0x000042e0      0x190 D:\SchoolTasks\SCuMRobot\magNFC\release_mra2_12_6_nhs3152\sw\nss\lib_chip_nss\Debug\liblib_chip_nss.a(nfc_nss.o)
 .debug_macro   0x00004470      0x176 D:\SchoolTasks\SCuMRobot\magNFC\release_mra2_12_6_nhs3152\sw\nss\lib_chip_nss\Debug\liblib_chip_nss.a(rtc_nss.o)
 .debug_macro   0x000045e6      0x16a D:\SchoolTasks\SCuMRobot\magNFC\release_mra2_12_6_nhs3152\sw\nss\lib_chip_nss\Debug\liblib_chip_nss.a(ssp_nss.o)
 .debug_macro   0x00004750      0x17c D:\SchoolTasks\SCuMRobot\magNFC\release_mra2_12_6_nhs3152\sw\nss\lib_chip_nss\Debug\liblib_chip_nss.a(syscon_nss.o)
 .debug_macro   0x000048cc       0x9d D:\SchoolTasks\SCuMRobot\magNFC\release_mra2_12_6_nhs3152\sw\nss\lib_chip_nss\Debug\liblib_chip_nss.a(startup.o)

.debug_line     0x00000000     0xa4ca
 .debug_line    0x00000000      0x1dc ./src/crp.o
 .debug_line    0x000001dc      0x986 ./src/mainndeft2t.o
 .debug_line    0x00000b62      0x960 ./mods/uarttx/uarttx.o
 .debug_line    0x000014c2     0x12bf ./mods/ndeft2t/ndeft2t.o
 .debug_line    0x00002781      0x602 D:\SchoolTasks\SCuMRobot\magNFC\release_mra2_12_6_nhs3152\sw\nss\lib_board_dp\Debug\liblib_board_dp.a(board.o)
 .debug_line    0x00002d83      0x679 D:\SchoolTasks\SCuMRobot\magNFC\release_mra2_12_6_nhs3152\sw\nss\lib_board_dp\Debug\liblib_board_dp.a(led.o)
 .debug_line    0x000033fc      0x8cb D:\SchoolTasks\SCuMRobot\magNFC\release_mra2_12_6_nhs3152\sw\nss\lib_chip_nss\Debug\liblib_chip_nss.a(adcdac_nss.o)
 .debug_line    0x00003cc7      0x8aa D:\SchoolTasks\SCuMRobot\magNFC\release_mra2_12_6_nhs3152\sw\nss\lib_chip_nss\Debug\liblib_chip_nss.a(clock_nss.o)
 .debug_line    0x00004571      0x72b D:\SchoolTasks\SCuMRobot\magNFC\release_mra2_12_6_nhs3152\sw\nss\lib_chip_nss\Debug\liblib_chip_nss.a(eeprom_nss.o)
 .debug_line    0x00004c9c      0x4e5 D:\SchoolTasks\SCuMRobot\magNFC\release_mra2_12_6_nhs3152\sw\nss\lib_chip_nss\Debug\liblib_chip_nss.a(flash_nss.o)
 .debug_line    0x00005181      0x5e5 D:\SchoolTasks\SCuMRobot\magNFC\release_mra2_12_6_nhs3152\sw\nss\lib_chip_nss\Debug\liblib_chip_nss.a(gpio_nss.o)
 .debug_line    0x00005766      0x97d D:\SchoolTasks\SCuMRobot\magNFC\release_mra2_12_6_nhs3152\sw\nss\lib_chip_nss\Debug\liblib_chip_nss.a(i2d_nss.o)
 .debug_line    0x000060e3      0x50d D:\SchoolTasks\SCuMRobot\magNFC\release_mra2_12_6_nhs3152\sw\nss\lib_chip_nss\Debug\liblib_chip_nss.a(iocon_nss.o)
 .debug_line    0x000065f0      0x62c D:\SchoolTasks\SCuMRobot\magNFC\release_mra2_12_6_nhs3152\sw\nss\lib_chip_nss\Debug\liblib_chip_nss.a(nfc_nss.o)
 .debug_line    0x00006c1c      0x616 D:\SchoolTasks\SCuMRobot\magNFC\release_mra2_12_6_nhs3152\sw\nss\lib_chip_nss\Debug\liblib_chip_nss.a(rtc_nss.o)
 .debug_line    0x00007232      0xffa D:\SchoolTasks\SCuMRobot\magNFC\release_mra2_12_6_nhs3152\sw\nss\lib_chip_nss\Debug\liblib_chip_nss.a(ssp_nss.o)
 .debug_line    0x0000822c      0x690 D:\SchoolTasks\SCuMRobot\magNFC\release_mra2_12_6_nhs3152\sw\nss\lib_chip_nss\Debug\liblib_chip_nss.a(syscon_nss.o)
 .debug_line    0x000088bc      0x40d D:\SchoolTasks\SCuMRobot\magNFC\release_mra2_12_6_nhs3152\sw\nss\lib_chip_nss\Debug\liblib_chip_nss.a(startup.o)
 .debug_line    0x00008cc9       0xc9 D:/MCUXpressoIDE_11.10.0_3148/ide/plugins/com.nxp.mcuxpresso.tools.win32_11.10.0.202311280810/tools/bin/../lib/gcc/arm-none-eabi/13.2.1/../../../../arm-none-eabi/lib/thumb/v6-m/nofp\libcr_semihost.a(_cr__main.o)
 .debug_line    0x00008d92       0xa2 D:/MCUXpressoIDE_11.10.0_3148/ide/plugins/com.nxp.mcuxpresso.tools.win32_11.10.0.202311280810/tools/bin/../lib/gcc/arm-none-eabi/13.2.1/../../../../arm-none-eabi/lib/thumb/v6-m/nofp\libcr_c.a(memcpy.o)
 .debug_line    0x00008e34       0x82 D:/MCUXpressoIDE_11.10.0_3148/ide/plugins/com.nxp.mcuxpresso.tools.win32_11.10.0.202311280810/tools/bin/../lib/gcc/arm-none-eabi/13.2.1/../../../../arm-none-eabi/lib/thumb/v6-m/nofp\libcr_c.a(memset.o)
 .debug_line    0x00008eb6      0x146 D:/MCUXpressoIDE_11.10.0_3148/ide/plugins/com.nxp.mcuxpresso.tools.win32_11.10.0.202311280810/tools/bin/../lib/gcc/arm-none-eabi/13.2.1/../../../../arm-none-eabi/lib/thumb/v6-m/nofp\libcr_c.a(initio.o)
 .debug_line    0x00008ffc       0xf7 D:/MCUXpressoIDE_11.10.0_3148/ide/plugins/com.nxp.mcuxpresso.tools.win32_11.10.0.202311280810/tools/bin/../lib/gcc/arm-none-eabi/13.2.1/../../../../arm-none-eabi/lib/thumb/v6-m/nofp\libcr_c.a(setvbuf.o)
 .debug_line    0x000090f3      0x123 D:/MCUXpressoIDE_11.10.0_3148/ide/plugins/com.nxp.mcuxpresso.tools.win32_11.10.0.202311280810/tools/bin/../lib/gcc/arm-none-eabi/13.2.1/../../../../arm-none-eabi/lib/thumb/v6-m/nofp\libcr_c.a(strlen.o)
 .debug_line    0x00009216      0x13b D:/MCUXpressoIDE_11.10.0_3148/ide/plugins/com.nxp.mcuxpresso.tools.win32_11.10.0.202311280810/tools/bin/../lib/gcc/arm-none-eabi/13.2.1/../../../../arm-none-eabi/lib/thumb/v6-m/nofp\libcr_c.a(_fdopen.o)
 .debug_line    0x00009351      0x10f D:/MCUXpressoIDE_11.10.0_3148/ide/plugins/com.nxp.mcuxpresso.tools.win32_11.10.0.202311280810/tools/bin/../lib/gcc/arm-none-eabi/13.2.1/../../../../arm-none-eabi/lib/thumb/v6-m/nofp\libcr_c.a(fclose.o)
 .debug_line    0x00009460       0xe3 D:/MCUXpressoIDE_11.10.0_3148/ide/plugins/com.nxp.mcuxpresso.tools.win32_11.10.0.202311280810/tools/bin/../lib/gcc/arm-none-eabi/13.2.1/../../../../arm-none-eabi/lib/thumb/v6-m/nofp\libcr_c.a(fflush.o)
 .debug_line    0x00009543      0x23b D:/MCUXpressoIDE_11.10.0_3148/ide/plugins/com.nxp.mcuxpresso.tools.win32_11.10.0.202311280810/tools/bin/../lib/gcc/arm-none-eabi/13.2.1/../../../../arm-none-eabi/lib/thumb/v6-m/nofp\libcr_c.a(fseek.o)
 .debug_line    0x0000977e      0x110 D:/MCUXpressoIDE_11.10.0_3148/ide/plugins/com.nxp.mcuxpresso.tools.win32_11.10.0.202311280810/tools/bin/../lib/gcc/arm-none-eabi/13.2.1/../../../../arm-none-eabi/lib/thumb/v6-m/nofp\libcr_c.a(ftell.o)
 .debug_line    0x0000988e       0xea D:/MCUXpressoIDE_11.10.0_3148/ide/plugins/com.nxp.mcuxpresso.tools.win32_11.10.0.202311280810/tools/bin/../lib/gcc/arm-none-eabi/13.2.1/../../../../arm-none-eabi/lib/thumb/v6-m/nofp\libcr_c.a(remove.o)
 .debug_line    0x00009978      0x100 D:/MCUXpressoIDE_11.10.0_3148/ide/plugins/com.nxp.mcuxpresso.tools.win32_11.10.0.202311280810/tools/bin/../lib/gcc/arm-none-eabi/13.2.1/../../../../arm-none-eabi/lib/thumb/v6-m/nofp\libcr_c.a(_do_fflush.o)
 .debug_line    0x00009a78      0x127 D:/MCUXpressoIDE_11.10.0_3148/ide/plugins/com.nxp.mcuxpresso.tools.win32_11.10.0.202311280810/tools/bin/../lib/gcc/arm-none-eabi/13.2.1/../../../../arm-none-eabi/lib/thumb/v6-m/nofp\libcr_c.a(_fflush.o)
 .debug_line    0x00009b9f      0x13e D:/MCUXpressoIDE_11.10.0_3148/ide/plugins/com.nxp.mcuxpresso.tools.win32_11.10.0.202311280810/tools/bin/../lib/gcc/arm-none-eabi/13.2.1/../../../../arm-none-eabi/lib/thumb/v6-m/nofp\libcr_c.a(_writebuf.o)
 .debug_line    0x00009cdd      0x3b9 D:/MCUXpressoIDE_11.10.0_3148/ide/plugins/com.nxp.mcuxpresso.tools.win32_11.10.0.202311280810/tools/bin/../lib/gcc/arm-none-eabi/13.2.1/../../../../arm-none-eabi/lib/thumb/v6-m/nofp\libcr_c.a(alloc.o)
 .debug_line    0x0000a096       0x4e D:/MCUXpressoIDE_11.10.0_3148/ide/plugins/com.nxp.mcuxpresso.tools.win32_11.10.0.202311280810/tools/bin/../lib/gcc/arm-none-eabi/13.2.1/../../../../arm-none-eabi/lib/thumb/v6-m/nofp\libcr_c.a(errno.o)
 .debug_line    0x0000a0e4      0x2fc D:/MCUXpressoIDE_11.10.0_3148/ide/plugins/com.nxp.mcuxpresso.tools.win32_11.10.0.202311280810/tools/bin/../lib/gcc/arm-none-eabi/13.2.1/../../../../arm-none-eabi/lib/thumb/v6-m/nofp\libcr_c.a(_deferredlazyseek.o)
 .debug_line    0x0000a3e0       0xea D:/MCUXpressoIDE_11.10.0_3148/ide/plugins/com.nxp.mcuxpresso.tools.win32_11.10.0.202311280810/tools/bin/../lib/gcc/arm-none-eabi/13.2.1/../../../../arm-none-eabi/lib/thumb/v6-m/nofp\libcr_semihost.a(__ciob.o)

.debug_str      0x00000000     0xbb9e
 .debug_str     0x00000000     0xbb9e ./src/crp.o
                               0x2f4d (size before relaxing)
 .debug_str     0x0000bb9e     0x7ea7 ./src/mainndeft2t.o
 .debug_str     0x0000bb9e     0x7091 ./mods/uarttx/uarttx.o
 .debug_str     0x0000bb9e     0x78cd ./mods/ndeft2t/ndeft2t.o
 .debug_str     0x0000bb9e     0x6d20 D:\SchoolTasks\SCuMRobot\magNFC\release_mra2_12_6_nhs3152\sw\nss\lib_board_dp\Debug\liblib_board_dp.a(board.o)
 .debug_str     0x0000bb9e     0x6991 D:\SchoolTasks\SCuMRobot\magNFC\release_mra2_12_6_nhs3152\sw\nss\lib_board_dp\Debug\liblib_board_dp.a(led.o)
 .debug_str     0x0000bb9e     0x73aa D:\SchoolTasks\SCuMRobot\magNFC\release_mra2_12_6_nhs3152\sw\nss\lib_chip_nss\Debug\liblib_chip_nss.a(adcdac_nss.o)
 .debug_str     0x0000bb9e     0x6d2c D:\SchoolTasks\SCuMRobot\magNFC\release_mra2_12_6_nhs3152\sw\nss\lib_chip_nss\Debug\liblib_chip_nss.a(clock_nss.o)
 .debug_str     0x0000bb9e     0x6d15 D:\SchoolTasks\SCuMRobot\magNFC\release_mra2_12_6_nhs3152\sw\nss\lib_chip_nss\Debug\liblib_chip_nss.a(eeprom_nss.o)
 .debug_str     0x0000bb9e     0x67bb D:\SchoolTasks\SCuMRobot\magNFC\release_mra2_12_6_nhs3152\sw\nss\lib_chip_nss\Debug\liblib_chip_nss.a(flash_nss.o)
 .debug_str     0x0000bb9e     0x6a18 D:\SchoolTasks\SCuMRobot\magNFC\release_mra2_12_6_nhs3152\sw\nss\lib_chip_nss\Debug\liblib_chip_nss.a(gpio_nss.o)
 .debug_str     0x0000bb9e     0x728b D:\SchoolTasks\SCuMRobot\magNFC\release_mra2_12_6_nhs3152\sw\nss\lib_chip_nss\Debug\liblib_chip_nss.a(i2d_nss.o)
 .debug_str     0x0000bb9e     0x6c34 D:\SchoolTasks\SCuMRobot\magNFC\release_mra2_12_6_nhs3152\sw\nss\lib_chip_nss\Debug\liblib_chip_nss.a(iocon_nss.o)
 .debug_str     0x0000bb9e     0x69a2 D:\SchoolTasks\SCuMRobot\magNFC\release_mra2_12_6_nhs3152\sw\nss\lib_chip_nss\Debug\liblib_chip_nss.a(nfc_nss.o)
 .debug_str     0x0000bb9e     0x6b6c D:\SchoolTasks\SCuMRobot\magNFC\release_mra2_12_6_nhs3152\sw\nss\lib_chip_nss\Debug\liblib_chip_nss.a(rtc_nss.o)
 .debug_str     0x0000bb9e     0x6fb2 D:\SchoolTasks\SCuMRobot\magNFC\release_mra2_12_6_nhs3152\sw\nss\lib_chip_nss\Debug\liblib_chip_nss.a(ssp_nss.o)
 .debug_str     0x0000bb9e     0x6df8 D:\SchoolTasks\SCuMRobot\magNFC\release_mra2_12_6_nhs3152\sw\nss\lib_chip_nss\Debug\liblib_chip_nss.a(syscon_nss.o)
 .debug_str     0x0000bb9e     0x5594 D:\SchoolTasks\SCuMRobot\magNFC\release_mra2_12_6_nhs3152\sw\nss\lib_chip_nss\Debug\liblib_chip_nss.a(startup.o)
 .debug_str     0x0000bb9e      0x169 D:/MCUXpressoIDE_11.10.0_3148/ide/plugins/com.nxp.mcuxpresso.tools.win32_11.10.0.202311280810/tools/bin/../lib/gcc/arm-none-eabi/13.2.1/../../../../arm-none-eabi/lib/thumb/v6-m/nofp\libcr_semihost.a(_cr__main.o)
 .debug_str     0x0000bb9e      0x1b8 D:/MCUXpressoIDE_11.10.0_3148/ide/plugins/com.nxp.mcuxpresso.tools.win32_11.10.0.202311280810/tools/bin/../lib/gcc/arm-none-eabi/13.2.1/../../../../arm-none-eabi/lib/thumb/v6-m/nofp\libcr_c.a(memcpy.o)
 .debug_str     0x0000bb9e      0x181 D:/MCUXpressoIDE_11.10.0_3148/ide/plugins/com.nxp.mcuxpresso.tools.win32_11.10.0.202311280810/tools/bin/../lib/gcc/arm-none-eabi/13.2.1/../../../../arm-none-eabi/lib/thumb/v6-m/nofp\libcr_c.a(memset.o)
 .debug_str     0x0000bb9e      0x23e D:/MCUXpressoIDE_11.10.0_3148/ide/plugins/com.nxp.mcuxpresso.tools.win32_11.10.0.202311280810/tools/bin/../lib/gcc/arm-none-eabi/13.2.1/../../../../arm-none-eabi/lib/thumb/v6-m/nofp\libcr_c.a(initio.o)
 .debug_str     0x0000bb9e      0x234 D:/MCUXpressoIDE_11.10.0_3148/ide/plugins/com.nxp.mcuxpresso.tools.win32_11.10.0.202311280810/tools/bin/../lib/gcc/arm-none-eabi/13.2.1/../../../../arm-none-eabi/lib/thumb/v6-m/nofp\libcr_c.a(setvbuf.o)
 .debug_str     0x0000bb9e      0x17b D:/MCUXpressoIDE_11.10.0_3148/ide/plugins/com.nxp.mcuxpresso.tools.win32_11.10.0.202311280810/tools/bin/../lib/gcc/arm-none-eabi/13.2.1/../../../../arm-none-eabi/lib/thumb/v6-m/nofp\libcr_c.a(strlen.o)
 .debug_str     0x0000bb9e      0x231 D:/MCUXpressoIDE_11.10.0_3148/ide/plugins/com.nxp.mcuxpresso.tools.win32_11.10.0.202311280810/tools/bin/../lib/gcc/arm-none-eabi/13.2.1/../../../../arm-none-eabi/lib/thumb/v6-m/nofp\libcr_c.a(_fdopen.o)
 .debug_str     0x0000bb9e      0x25f D:/MCUXpressoIDE_11.10.0_3148/ide/plugins/com.nxp.mcuxpresso.tools.win32_11.10.0.202311280810/tools/bin/../lib/gcc/arm-none-eabi/13.2.1/../../../../arm-none-eabi/lib/thumb/v6-m/nofp\libcr_c.a(fclose.o)
 .debug_str     0x0000bb9e      0x236 D:/MCUXpressoIDE_11.10.0_3148/ide/plugins/com.nxp.mcuxpresso.tools.win32_11.10.0.202311280810/tools/bin/../lib/gcc/arm-none-eabi/13.2.1/../../../../arm-none-eabi/lib/thumb/v6-m/nofp\libcr_c.a(fflush.o)
 .debug_str     0x0000bb9e      0x24f D:/MCUXpressoIDE_11.10.0_3148/ide/plugins/com.nxp.mcuxpresso.tools.win32_11.10.0.202311280810/tools/bin/../lib/gcc/arm-none-eabi/13.2.1/../../../../arm-none-eabi/lib/thumb/v6-m/nofp\libcr_c.a(fseek.o)
 .debug_str     0x0000bb9e      0x215 D:/MCUXpressoIDE_11.10.0_3148/ide/plugins/com.nxp.mcuxpresso.tools.win32_11.10.0.202311280810/tools/bin/../lib/gcc/arm-none-eabi/13.2.1/../../../../arm-none-eabi/lib/thumb/v6-m/nofp\libcr_c.a(ftell.o)
 .debug_str     0x0000bb9e      0x1d4 D:/MCUXpressoIDE_11.10.0_3148/ide/plugins/com.nxp.mcuxpresso.tools.win32_11.10.0.202311280810/tools/bin/../lib/gcc/arm-none-eabi/13.2.1/../../../../arm-none-eabi/lib/thumb/v6-m/nofp\libcr_c.a(remove.o)
 .debug_str     0x0000bb9e      0x240 D:/MCUXpressoIDE_11.10.0_3148/ide/plugins/com.nxp.mcuxpresso.tools.win32_11.10.0.202311280810/tools/bin/../lib/gcc/arm-none-eabi/13.2.1/../../../../arm-none-eabi/lib/thumb/v6-m/nofp\libcr_c.a(_do_fflush.o)
 .debug_str     0x0000bb9e      0x22a D:/MCUXpressoIDE_11.10.0_3148/ide/plugins/com.nxp.mcuxpresso.tools.win32_11.10.0.202311280810/tools/bin/../lib/gcc/arm-none-eabi/13.2.1/../../../../arm-none-eabi/lib/thumb/v6-m/nofp\libcr_c.a(_fflush.o)
 .debug_str     0x0000bb9e      0x244 D:/MCUXpressoIDE_11.10.0_3148/ide/plugins/com.nxp.mcuxpresso.tools.win32_11.10.0.202311280810/tools/bin/../lib/gcc/arm-none-eabi/13.2.1/../../../../arm-none-eabi/lib/thumb/v6-m/nofp\libcr_c.a(_writebuf.o)
 .debug_str     0x0000bb9e      0x234 D:/MCUXpressoIDE_11.10.0_3148/ide/plugins/com.nxp.mcuxpresso.tools.win32_11.10.0.202311280810/tools/bin/../lib/gcc/arm-none-eabi/13.2.1/../../../../arm-none-eabi/lib/thumb/v6-m/nofp\libcr_c.a(alloc.o)
 .debug_str     0x0000bb9e      0x115 D:/MCUXpressoIDE_11.10.0_3148/ide/plugins/com.nxp.mcuxpresso.tools.win32_11.10.0.202311280810/tools/bin/../lib/gcc/arm-none-eabi/13.2.1/../../../../arm-none-eabi/lib/thumb/v6-m/nofp\libcr_c.a(errno.o)
 .debug_str     0x0000bb9e      0x278 D:/MCUXpressoIDE_11.10.0_3148/ide/plugins/com.nxp.mcuxpresso.tools.win32_11.10.0.202311280810/tools/bin/../lib/gcc/arm-none-eabi/13.2.1/../../../../arm-none-eabi/lib/thumb/v6-m/nofp\libcr_c.a(_deferredlazyseek.o)
 .debug_str     0x0000bb9e      0x201 D:/MCUXpressoIDE_11.10.0_3148/ide/plugins/com.nxp.mcuxpresso.tools.win32_11.10.0.202311280810/tools/bin/../lib/gcc/arm-none-eabi/13.2.1/../../../../arm-none-eabi/lib/thumb/v6-m/nofp\libcr_semihost.a(__ciob.o)

.comment        0x00000000       0x44
 .comment       0x00000000       0x44 ./src/crp.o
                                 0x45 (size before relaxing)
 .comment       0x00000044       0x45 ./src/mainndeft2t.o
 .comment       0x00000044       0x45 ./mods/uarttx/uarttx.o
 .comment       0x00000044       0x45 ./mods/ndeft2t/ndeft2t.o
 .comment       0x00000044       0x45 D:\SchoolTasks\SCuMRobot\magNFC\release_mra2_12_6_nhs3152\sw\nss\lib_board_dp\Debug\liblib_board_dp.a(board.o)
 .comment       0x00000044       0x45 D:\SchoolTasks\SCuMRobot\magNFC\release_mra2_12_6_nhs3152\sw\nss\lib_board_dp\Debug\liblib_board_dp.a(led.o)
 .comment       0x00000044       0x45 D:\SchoolTasks\SCuMRobot\magNFC\release_mra2_12_6_nhs3152\sw\nss\lib_chip_nss\Debug\liblib_chip_nss.a(adcdac_nss.o)
 .comment       0x00000044       0x45 D:\SchoolTasks\SCuMRobot\magNFC\release_mra2_12_6_nhs3152\sw\nss\lib_chip_nss\Debug\liblib_chip_nss.a(clock_nss.o)
 .comment       0x00000044       0x45 D:\SchoolTasks\SCuMRobot\magNFC\release_mra2_12_6_nhs3152\sw\nss\lib_chip_nss\Debug\liblib_chip_nss.a(eeprom_nss.o)
 .comment       0x00000044       0x45 D:\SchoolTasks\SCuMRobot\magNFC\release_mra2_12_6_nhs3152\sw\nss\lib_chip_nss\Debug\liblib_chip_nss.a(flash_nss.o)
 .comment       0x00000044       0x45 D:\SchoolTasks\SCuMRobot\magNFC\release_mra2_12_6_nhs3152\sw\nss\lib_chip_nss\Debug\liblib_chip_nss.a(gpio_nss.o)
 .comment       0x00000044       0x45 D:\SchoolTasks\SCuMRobot\magNFC\release_mra2_12_6_nhs3152\sw\nss\lib_chip_nss\Debug\liblib_chip_nss.a(i2d_nss.o)
 .comment       0x00000044       0x45 D:\SchoolTasks\SCuMRobot\magNFC\release_mra2_12_6_nhs3152\sw\nss\lib_chip_nss\Debug\liblib_chip_nss.a(iocon_nss.o)
 .comment       0x00000044       0x45 D:\SchoolTasks\SCuMRobot\magNFC\release_mra2_12_6_nhs3152\sw\nss\lib_chip_nss\Debug\liblib_chip_nss.a(nfc_nss.o)
 .comment       0x00000044       0x45 D:\SchoolTasks\SCuMRobot\magNFC\release_mra2_12_6_nhs3152\sw\nss\lib_chip_nss\Debug\liblib_chip_nss.a(rtc_nss.o)
 .comment       0x00000044       0x45 D:\SchoolTasks\SCuMRobot\magNFC\release_mra2_12_6_nhs3152\sw\nss\lib_chip_nss\Debug\liblib_chip_nss.a(ssp_nss.o)
 .comment       0x00000044       0x45 D:\SchoolTasks\SCuMRobot\magNFC\release_mra2_12_6_nhs3152\sw\nss\lib_chip_nss\Debug\liblib_chip_nss.a(syscon_nss.o)
 .comment       0x00000044       0x45 D:\SchoolTasks\SCuMRobot\magNFC\release_mra2_12_6_nhs3152\sw\nss\lib_chip_nss\Debug\liblib_chip_nss.a(startup.o)
 .comment       0x00000044       0x45 D:/MCUXpressoIDE_11.10.0_3148/ide/plugins/com.nxp.mcuxpresso.tools.win32_11.10.0.202311280810/tools/bin/../lib/gcc/arm-none-eabi/13.2.1/../../../../arm-none-eabi/lib/thumb/v6-m/nofp\libcr_semihost.a(_cr__main.o)
 .comment       0x00000044       0x45 D:/MCUXpressoIDE_11.10.0_3148/ide/plugins/com.nxp.mcuxpresso.tools.win32_11.10.0.202311280810/tools/bin/../lib/gcc/arm-none-eabi/13.2.1/../../../../arm-none-eabi/lib/thumb/v6-m/nofp\libcr_c.a(memcpy.o)
 .comment       0x00000044       0x45 D:/MCUXpressoIDE_11.10.0_3148/ide/plugins/com.nxp.mcuxpresso.tools.win32_11.10.0.202311280810/tools/bin/../lib/gcc/arm-none-eabi/13.2.1/../../../../arm-none-eabi/lib/thumb/v6-m/nofp\libcr_c.a(memset.o)
 .comment       0x00000044       0x45 D:/MCUXpressoIDE_11.10.0_3148/ide/plugins/com.nxp.mcuxpresso.tools.win32_11.10.0.202311280810/tools/bin/../lib/gcc/arm-none-eabi/13.2.1/../../../../arm-none-eabi/lib/thumb/v6-m/nofp\libcr_c.a(initio.o)
 .comment       0x00000044       0x45 D:/MCUXpressoIDE_11.10.0_3148/ide/plugins/com.nxp.mcuxpresso.tools.win32_11.10.0.202311280810/tools/bin/../lib/gcc/arm-none-eabi/13.2.1/../../../../arm-none-eabi/lib/thumb/v6-m/nofp\libcr_c.a(setvbuf.o)
 .comment       0x00000044       0x45 D:/MCUXpressoIDE_11.10.0_3148/ide/plugins/com.nxp.mcuxpresso.tools.win32_11.10.0.202311280810/tools/bin/../lib/gcc/arm-none-eabi/13.2.1/../../../../arm-none-eabi/lib/thumb/v6-m/nofp\libcr_c.a(strlen.o)
 .comment       0x00000044       0x45 D:/MCUXpressoIDE_11.10.0_3148/ide/plugins/com.nxp.mcuxpresso.tools.win32_11.10.0.202311280810/tools/bin/../lib/gcc/arm-none-eabi/13.2.1/../../../../arm-none-eabi/lib/thumb/v6-m/nofp\libcr_c.a(_fdopen.o)
 .comment       0x00000044       0x45 D:/MCUXpressoIDE_11.10.0_3148/ide/plugins/com.nxp.mcuxpresso.tools.win32_11.10.0.202311280810/tools/bin/../lib/gcc/arm-none-eabi/13.2.1/../../../../arm-none-eabi/lib/thumb/v6-m/nofp\libcr_c.a(fclose.o)
 .comment       0x00000044       0x45 D:/MCUXpressoIDE_11.10.0_3148/ide/plugins/com.nxp.mcuxpresso.tools.win32_11.10.0.202311280810/tools/bin/../lib/gcc/arm-none-eabi/13.2.1/../../../../arm-none-eabi/lib/thumb/v6-m/nofp\libcr_c.a(fflush.o)
 .comment       0x00000044       0x45 D:/MCUXpressoIDE_11.10.0_3148/ide/plugins/com.nxp.mcuxpresso.tools.win32_11.10.0.202311280810/tools/bin/../lib/gcc/arm-none-eabi/13.2.1/../../../../arm-none-eabi/lib/thumb/v6-m/nofp\libcr_c.a(fseek.o)
 .comment       0x00000044       0x45 D:/MCUXpressoIDE_11.10.0_3148/ide/plugins/com.nxp.mcuxpresso.tools.win32_11.10.0.202311280810/tools/bin/../lib/gcc/arm-none-eabi/13.2.1/../../../../arm-none-eabi/lib/thumb/v6-m/nofp\libcr_c.a(ftell.o)
 .comment       0x00000044       0x45 D:/MCUXpressoIDE_11.10.0_3148/ide/plugins/com.nxp.mcuxpresso.tools.win32_11.10.0.202311280810/tools/bin/../lib/gcc/arm-none-eabi/13.2.1/../../../../arm-none-eabi/lib/thumb/v6-m/nofp\libcr_c.a(remove.o)
 .comment       0x00000044       0x45 D:/MCUXpressoIDE_11.10.0_3148/ide/plugins/com.nxp.mcuxpresso.tools.win32_11.10.0.202311280810/tools/bin/../lib/gcc/arm-none-eabi/13.2.1/../../../../arm-none-eabi/lib/thumb/v6-m/nofp\libcr_c.a(_do_fflush.o)
 .comment       0x00000044       0x45 D:/MCUXpressoIDE_11.10.0_3148/ide/plugins/com.nxp.mcuxpresso.tools.win32_11.10.0.202311280810/tools/bin/../lib/gcc/arm-none-eabi/13.2.1/../../../../arm-none-eabi/lib/thumb/v6-m/nofp\libcr_c.a(_fflush.o)
 .comment       0x00000044       0x45 D:/MCUXpressoIDE_11.10.0_3148/ide/plugins/com.nxp.mcuxpresso.tools.win32_11.10.0.202311280810/tools/bin/../lib/gcc/arm-none-eabi/13.2.1/../../../../arm-none-eabi/lib/thumb/v6-m/nofp\libcr_c.a(_writebuf.o)
 .comment       0x00000044       0x45 D:/MCUXpressoIDE_11.10.0_3148/ide/plugins/com.nxp.mcuxpresso.tools.win32_11.10.0.202311280810/tools/bin/../lib/gcc/arm-none-eabi/13.2.1/../../../../arm-none-eabi/lib/thumb/v6-m/nofp\libcr_c.a(alloc.o)
 .comment       0x00000044       0x45 D:/MCUXpressoIDE_11.10.0_3148/ide/plugins/com.nxp.mcuxpresso.tools.win32_11.10.0.202311280810/tools/bin/../lib/gcc/arm-none-eabi/13.2.1/../../../../arm-none-eabi/lib/thumb/v6-m/nofp\libcr_c.a(errno.o)
 .comment       0x00000044       0x45 D:/MCUXpressoIDE_11.10.0_3148/ide/plugins/com.nxp.mcuxpresso.tools.win32_11.10.0.202311280810/tools/bin/../lib/gcc/arm-none-eabi/13.2.1/../../../../arm-none-eabi/lib/thumb/v6-m/nofp\libcr_c.a(_deferredlazyseek.o)
 .comment       0x00000044       0x45 D:/MCUXpressoIDE_11.10.0_3148/ide/plugins/com.nxp.mcuxpresso.tools.win32_11.10.0.202311280810/tools/bin/../lib/gcc/arm-none-eabi/13.2.1/../../../../arm-none-eabi/lib/thumb/v6-m/nofp\libcr_semihost.a(__ciob.o)

.ARM.attributes
                0x00000000       0x2a
 .ARM.attributes
                0x00000000       0x2c ./src/crp.o
 .ARM.attributes
                0x0000002c       0x2c ./src/mainndeft2t.o
 .ARM.attributes
                0x00000058       0x2c ./mods/uarttx/uarttx.o
 .ARM.attributes
                0x00000084       0x2c ./mods/ndeft2t/ndeft2t.o
 .ARM.attributes
                0x000000b0       0x2c D:\SchoolTasks\SCuMRobot\magNFC\release_mra2_12_6_nhs3152\sw\nss\lib_board_dp\Debug\liblib_board_dp.a(board.o)
 .ARM.attributes
                0x000000dc       0x2c D:\SchoolTasks\SCuMRobot\magNFC\release_mra2_12_6_nhs3152\sw\nss\lib_board_dp\Debug\liblib_board_dp.a(led.o)
 .ARM.attributes
                0x00000108       0x2c D:\SchoolTasks\SCuMRobot\magNFC\release_mra2_12_6_nhs3152\sw\nss\lib_chip_nss\Debug\liblib_chip_nss.a(adcdac_nss.o)
 .ARM.attributes
                0x00000134       0x2c D:\SchoolTasks\SCuMRobot\magNFC\release_mra2_12_6_nhs3152\sw\nss\lib_chip_nss\Debug\liblib_chip_nss.a(clock_nss.o)
 .ARM.attributes
                0x00000160       0x2c D:\SchoolTasks\SCuMRobot\magNFC\release_mra2_12_6_nhs3152\sw\nss\lib_chip_nss\Debug\liblib_chip_nss.a(eeprom_nss.o)
 .ARM.attributes
                0x0000018c       0x2c D:\SchoolTasks\SCuMRobot\magNFC\release_mra2_12_6_nhs3152\sw\nss\lib_chip_nss\Debug\liblib_chip_nss.a(flash_nss.o)
 .ARM.attributes
                0x000001b8       0x2c D:\SchoolTasks\SCuMRobot\magNFC\release_mra2_12_6_nhs3152\sw\nss\lib_chip_nss\Debug\liblib_chip_nss.a(gpio_nss.o)
 .ARM.attributes
                0x000001e4       0x2c D:\SchoolTasks\SCuMRobot\magNFC\release_mra2_12_6_nhs3152\sw\nss\lib_chip_nss\Debug\liblib_chip_nss.a(i2d_nss.o)
 .ARM.attributes
                0x00000210       0x2c D:\SchoolTasks\SCuMRobot\magNFC\release_mra2_12_6_nhs3152\sw\nss\lib_chip_nss\Debug\liblib_chip_nss.a(iocon_nss.o)
 .ARM.attributes
                0x0000023c       0x2c D:\SchoolTasks\SCuMRobot\magNFC\release_mra2_12_6_nhs3152\sw\nss\lib_chip_nss\Debug\liblib_chip_nss.a(nfc_nss.o)
 .ARM.attributes
                0x00000268       0x2c D:\SchoolTasks\SCuMRobot\magNFC\release_mra2_12_6_nhs3152\sw\nss\lib_chip_nss\Debug\liblib_chip_nss.a(rtc_nss.o)
 .ARM.attributes
                0x00000294       0x2c D:\SchoolTasks\SCuMRobot\magNFC\release_mra2_12_6_nhs3152\sw\nss\lib_chip_nss\Debug\liblib_chip_nss.a(ssp_nss.o)
 .ARM.attributes
                0x000002c0       0x2c D:\SchoolTasks\SCuMRobot\magNFC\release_mra2_12_6_nhs3152\sw\nss\lib_chip_nss\Debug\liblib_chip_nss.a(syscon_nss.o)
 .ARM.attributes
                0x000002ec       0x2c D:\SchoolTasks\SCuMRobot\magNFC\release_mra2_12_6_nhs3152\sw\nss\lib_chip_nss\Debug\liblib_chip_nss.a(startup.o)
 .ARM.attributes
                0x00000318       0x2c D:/MCUXpressoIDE_11.10.0_3148/ide/plugins/com.nxp.mcuxpresso.tools.win32_11.10.0.202311280810/tools/bin/../lib/gcc/arm-none-eabi/13.2.1/../../../../arm-none-eabi/lib/thumb/v6-m/nofp\libcr_semihost.a(_cr__main.o)
 .ARM.attributes
                0x00000344       0x2c D:/MCUXpressoIDE_11.10.0_3148/ide/plugins/com.nxp.mcuxpresso.tools.win32_11.10.0.202311280810/tools/bin/../lib/gcc/arm-none-eabi/13.2.1/../../../../arm-none-eabi/lib/thumb/v6-m/nofp\libcr_c.a(memcpy.o)
 .ARM.attributes
                0x00000370       0x2c D:/MCUXpressoIDE_11.10.0_3148/ide/plugins/com.nxp.mcuxpresso.tools.win32_11.10.0.202311280810/tools/bin/../lib/gcc/arm-none-eabi/13.2.1/../../../../arm-none-eabi/lib/thumb/v6-m/nofp\libcr_c.a(memset.o)
 .ARM.attributes
                0x0000039c       0x2c D:/MCUXpressoIDE_11.10.0_3148/ide/plugins/com.nxp.mcuxpresso.tools.win32_11.10.0.202311280810/tools/bin/../lib/gcc/arm-none-eabi/13.2.1/../../../../arm-none-eabi/lib/thumb/v6-m/nofp\libcr_c.a(initio.o)
 .ARM.attributes
                0x000003c8       0x2c D:/MCUXpressoIDE_11.10.0_3148/ide/plugins/com.nxp.mcuxpresso.tools.win32_11.10.0.202311280810/tools/bin/../lib/gcc/arm-none-eabi/13.2.1/../../../../arm-none-eabi/lib/thumb/v6-m/nofp\libcr_c.a(setvbuf.o)
 .ARM.attributes
                0x000003f4       0x2c D:/MCUXpressoIDE_11.10.0_3148/ide/plugins/com.nxp.mcuxpresso.tools.win32_11.10.0.202311280810/tools/bin/../lib/gcc/arm-none-eabi/13.2.1/../../../../arm-none-eabi/lib/thumb/v6-m/nofp\libcr_c.a(strlen.o)
 .ARM.attributes
                0x00000420       0x2c D:/MCUXpressoIDE_11.10.0_3148/ide/plugins/com.nxp.mcuxpresso.tools.win32_11.10.0.202311280810/tools/bin/../lib/gcc/arm-none-eabi/13.2.1/../../../../arm-none-eabi/lib/thumb/v6-m/nofp\libcr_c.a(_fdopen.o)
 .ARM.attributes
                0x0000044c       0x2c D:/MCUXpressoIDE_11.10.0_3148/ide/plugins/com.nxp.mcuxpresso.tools.win32_11.10.0.202311280810/tools/bin/../lib/gcc/arm-none-eabi/13.2.1/../../../../arm-none-eabi/lib/thumb/v6-m/nofp\libcr_c.a(fclose.o)
 .ARM.attributes
                0x00000478       0x2c D:/MCUXpressoIDE_11.10.0_3148/ide/plugins/com.nxp.mcuxpresso.tools.win32_11.10.0.202311280810/tools/bin/../lib/gcc/arm-none-eabi/13.2.1/../../../../arm-none-eabi/lib/thumb/v6-m/nofp\libcr_c.a(fflush.o)
 .ARM.attributes
                0x000004a4       0x2c D:/MCUXpressoIDE_11.10.0_3148/ide/plugins/com.nxp.mcuxpresso.tools.win32_11.10.0.202311280810/tools/bin/../lib/gcc/arm-none-eabi/13.2.1/../../../../arm-none-eabi/lib/thumb/v6-m/nofp\libcr_c.a(fseek.o)
 .ARM.attributes
                0x000004d0       0x2c D:/MCUXpressoIDE_11.10.0_3148/ide/plugins/com.nxp.mcuxpresso.tools.win32_11.10.0.202311280810/tools/bin/../lib/gcc/arm-none-eabi/13.2.1/../../../../arm-none-eabi/lib/thumb/v6-m/nofp\libcr_c.a(ftell.o)
 .ARM.attributes
                0x000004fc       0x2c D:/MCUXpressoIDE_11.10.0_3148/ide/plugins/com.nxp.mcuxpresso.tools.win32_11.10.0.202311280810/tools/bin/../lib/gcc/arm-none-eabi/13.2.1/../../../../arm-none-eabi/lib/thumb/v6-m/nofp\libcr_c.a(remove.o)
 .ARM.attributes
                0x00000528       0x2c D:/MCUXpressoIDE_11.10.0_3148/ide/plugins/com.nxp.mcuxpresso.tools.win32_11.10.0.202311280810/tools/bin/../lib/gcc/arm-none-eabi/13.2.1/../../../../arm-none-eabi/lib/thumb/v6-m/nofp\libcr_c.a(_do_fflush.o)
 .ARM.attributes