Archive member included to satisfy reference by file (symbol)

D:\SchoolTasks\SCuMRobot\magNFC\release_mra2_12_6_nhs3152\sw\nss\lib_board_dp\Debug\liblib_board_dp.a(board.o)
                              ./src/mainndeft2t.o (Board_Init)
D:\SchoolTasks\SCuMRobot\magNFC\release_mra2_12_6_nhs3152\sw\nss\lib_board_dp\Debug\liblib_board_dp.a(led.o)
                              ./src/mainndeft2t.o (LED_On)
D:\SchoolTasks\SCuMRobot\magNFC\release_mra2_12_6_nhs3152\sw\nss\lib_chip_nss\Debug\liblib_chip_nss.a(adcdac_nss.o)
                              ./src/mainndeft2t.o (Chip_ADCDAC_SetModeDAC)
D:\SchoolTasks\SCuMRobot\magNFC\release_mra2_12_6_nhs3152\sw\nss\lib_chip_nss\Debug\liblib_chip_nss.a(clock_nss.o)
                              ./src/mainndeft2t.o (Chip_Clock_System_BusyWait_ms)
D:\SchoolTasks\SCuMRobot\magNFC\release_mra2_12_6_nhs3152\sw\nss\lib_chip_nss\Debug\liblib_chip_nss.a(eeprom_nss.o)
                              D:\SchoolTasks\SCuMRobot\magNFC\release_mra2_12_6_nhs3152\sw\nss\lib_board_dp\Debug\liblib_board_dp.a(board.o) (Chip_EEPROM_Init)
D:\SchoolTasks\SCuMRobot\magNFC\release_mra2_12_6_nhs3152\sw\nss\lib_chip_nss\Debug\liblib_chip_nss.a(flash_nss.o)
                              D:\SchoolTasks\SCuMRobot\magNFC\release_mra2_12_6_nhs3152\sw\nss\lib_chip_nss\Debug\liblib_chip_nss.a(clock_nss.o) (Chip_Flash_GetHighPowerMode)
D:\SchoolTasks\SCuMRobot\magNFC\release_mra2_12_6_nhs3152\sw\nss\lib_chip_nss\Debug\liblib_chip_nss.a(gpio_nss.o)
                              D:\SchoolTasks\SCuMRobot\magNFC\release_mra2_12_6_nhs3152\sw\nss\lib_board_dp\Debug\liblib_board_dp.a(board.o) (Chip_GPIO_Init)
D:\SchoolTasks\SCuMRobot\magNFC\release_mra2_12_6_nhs3152\sw\nss\lib_chip_nss\Debug\liblib_chip_nss.a(i2d_nss.o)
                              ./src/mainndeft2t.o (Chip_I2D_Setup)
D:\SchoolTasks\SCuMRobot\magNFC\release_mra2_12_6_nhs3152\sw\nss\lib_chip_nss\Debug\liblib_chip_nss.a(iocon_nss.o)
                              D:\SchoolTasks\SCuMRobot\magNFC\release_mra2_12_6_nhs3152\sw\nss\lib_board_dp\Debug\liblib_board_dp.a(board.o) (Chip_IOCON_Init)
D:\SchoolTasks\SCuMRobot\magNFC\release_mra2_12_6_nhs3152\sw\nss\lib_chip_nss\Debug\liblib_chip_nss.a(nfc_nss.o)
                              ./mods/ndeft2t/ndeft2t.o (Chip_NFC_GetStatus)
D:\SchoolTasks\SCuMRobot\magNFC\release_mra2_12_6_nhs3152\sw\nss\lib_chip_nss\Debug\liblib_chip_nss.a(rtc_nss.o)
                              D:\SchoolTasks\SCuMRobot\magNFC\release_mra2_12_6_nhs3152\sw\nss\lib_board_dp\Debug\liblib_board_dp.a(board.o) (Chip_RTC_Init)
D:\SchoolTasks\SCuMRobot\magNFC\release_mra2_12_6_nhs3152\sw\nss\lib_chip_nss\Debug\liblib_chip_nss.a(ssp_nss.o)
                              ./mods/uarttx/uarttx.o (Chip_SSP_WriteFrames_Blocking)
D:\SchoolTasks\SCuMRobot\magNFC\release_mra2_12_6_nhs3152\sw\nss\lib_chip_nss\Debug\liblib_chip_nss.a(syscon_nss.o)
                              D:\SchoolTasks\SCuMRobot\magNFC\release_mra2_12_6_nhs3152\sw\nss\lib_chip_nss\Debug\liblib_chip_nss.a(eeprom_nss.o) (Chip_SysCon_Peripheral_AssertReset)
D:\SchoolTasks\SCuMRobot\magNFC\release_mra2_12_6_nhs3152\sw\nss\lib_chip_nss\Debug\liblib_chip_nss.a(startup.o)
                              (ResetISR)
D:\SchoolTasks\SCuMRobot\magNFC\release_mra2_12_6_nhs3152\sw\nss\lib_chip_nss\Debug\liblib_chip_nss.a(bussync_nss.o)
                              D:\SchoolTasks\SCuMRobot\magNFC\release_mra2_12_6_nhs3152\sw\nss\lib_chip_nss\Debug\liblib_chip_nss.a(rtc_nss.o) (Chip_BusSync_WriteReg)
D:/MCUXpressoIDE_11.10.0_3148/ide/plugins/com.nxp.mcuxpresso.tools.win32_11.10.0.202311280810/tools/bin/../lib/gcc/arm-none-eabi/13.2.1/../../../../arm-none-eabi/lib/thumb/v6-m/nofp\libcr_semihost.a(_cr__main.o)
                              D:\SchoolTasks\SCuMRobot\magNFC\release_mra2_12_6_nhs3152\sw\nss\lib_chip_nss\Debug\liblib_chip_nss.a(startup.o) (__main)
D:/MCUXpressoIDE_11.10.0_3148/ide/plugins/com.nxp.mcuxpresso.tools.win32_11.10.0.202311280810/tools/bin/../lib/gcc/arm-none-eabi/13.2.1/../../../../arm-none-eabi/lib/thumb/v6-m/nofp\libcr_c.a(memcpy.o)
                              ./src/mainndeft2t.o (memcpy)
D:/MCUXpressoIDE_11.10.0_3148/ide/plugins/com.nxp.mcuxpresso.tools.win32_11.10.0.202311280810/tools/bin/../lib/gcc/arm-none-eabi/13.2.1/../../../../arm-none-eabi/lib/thumb/v6-m/nofp\libcr_c.a(memmove.o)
                              ./mods/ndeft2t/ndeft2t.o (memmove)
D:/MCUXpressoIDE_11.10.0_3148/ide/plugins/com.nxp.mcuxpresso.tools.win32_11.10.0.202311280810/tools/bin/../lib/gcc/arm-none-eabi/13.2.1/../../../../arm-none-eabi/lib/thumb/v6-m/nofp\libcr_c.a(memset.o)
                              ./src/mainndeft2t.o (memset)
D:/MCUXpressoIDE_11.10.0_3148/ide/plugins/com.nxp.mcuxpresso.tools.win32_11.10.0.202311280810/tools/bin/../lib/gcc/arm-none-eabi/13.2.1/../../../../arm-none-eabi/lib/thumb/v6-m/nofp\libcr_c.a(fpprintf.o)
                              ./src/mainndeft2t.o (snprintf)
[...]
Memory Configuration

Name             Origin             Length             Attributes
Flash_00         0x00000000         0x00007800         xr
RamLoc           0x10000000         0x00001ff0         xrw
*default*        0x00000000         0xffffffff

Linker script and memory map

LOAD ./src/crp.o
LOAD ./src/mainndeft2t.o
LOAD ./mods/uarttx/uarttx.o
LOAD ./mods/ndeft2t/ndeft2t.o
LOAD D:\SchoolTasks\SCuMRobot\magNFC\release_mra2_12_6_nhs3152\sw\nss\lib_board_dp\Debug\liblib_board_dp.a
LOAD D:\SchoolTasks\SCuMRobot\magNFC\release_mra2_12_6_nhs3152\sw\nss\lib_chip_nss\Debug\liblib_chip_nss.a
START GROUP
LOAD D:/MCUXpressoIDE_11.10.0_3148/ide/plugins/com.nxp.mcuxpresso.tools.win32_11.10.0.202311280810/tools/bin/../lib/gcc/arm-none-eabi/13.2.1/../../../../arm-none-eabi/lib/thumb/v6-m/nofp\libcr_semihost.a
LOAD D:/MCUXpressoIDE_11.10.0_3148/ide/plugins/com.nxp.mcuxpresso.tools.win32_11.10.0.202311280810/tools/bin/../lib/gcc/arm-none-eabi/13.2.1/../../../../arm-none-eabi/lib/thumb/v6-m/nofp\libcr_c.a
LOAD D:/MCUXpressoIDE_11.10.0_3148/ide/plugins/com.nxp.mcuxpresso.tools.win32_11.10.0.202311280810/tools/bin/../lib/gcc/arm-none-eabi/13.2.1/thumb/v6-m/nofp\libcr_eabihelpers.a
LOAD D:/MCUXpressoIDE_11.10.0_3148/ide/plugins/com.nxp.mcuxpresso.tools.win32_11.10.0.202311280810/tools/bin/../lib/gcc/arm-none-eabi/13.2.1/thumb/v6-m/nofp\libgcc.a
END GROUP
                0x00000000                        __base_Flash_00 = 0x0
                0x00000000                        __base_Flash = 0x0
                0x00007800                        __top_Flash_00 = 0x7800
                0x00007800                        __top_Flash = 0x7800
                0x10000000                        __base_RamLoc = 0x10000000
                0x10000000                        __base_RAM = 0x10000000
                0x10001ff0                        __top_RamLoc = 0x10001ff0
                0x10001ff0                        __top_RAM = 0x10001ff0

.text           0x00000000     0x4360
 FILL mask 0xff
                0x00000000                        __vectors_start__ = ABSOLUTE (.)
 *(.isr_vector)
 .isr_vector    0x00000000       0xc0 D:\SchoolTasks\SCuMRobot\magNFC\release_mra2_12_6_nhs3152\sw\nss\lib_chip_nss\Debug\liblib_chip_nss.a(startup.o)
                0x00000000                g_pfnVectors
                0x000000c0                        . = ALIGN (0x4)
                0x000000c0                        __section_table_start = .
                0x000000c0                        __data_section_table = .
                0x000000c0        0x4 LONG 0x4360 LOADADDR (.data)
                0x000000c4        0x4 LONG 0x10000000 ADDR (.data)
                0x000000c8        0x4 LONG 0x1d8 SIZEOF (.data)
                0x000000cc                        __data_section_table_end = .
                0x000000cc                        __bss_section_table = .
                0x000000cc        0x4 LONG 0x100001d8 ADDR (.bss)
                0x000000d0        0x4 LONG 0x1fc SIZEOF (.bss)
                0x000000d4                        __bss_section_table_end = .
                0x000000d4                        __section_table_end = .
 *(.after_vectors*)
 .after_vectors
                0x000000d4       0x74 D:\SchoolTasks\SCuMRobot\magNFC\release_mra2_12_6_nhs3152\sw\nss\lib_chip_nss\Debug\liblib_chip_nss.a(startup.o)
                0x000000f6                Startup_VarInit
                0x00000138                ResetISR
                0x000002fc                        . = 0x2fc
 *fill*         0x00000148      0x1b4 ff
                0x000002fc                        PROVIDE (__CRP_WORD_START__ = .)
 *(.crp)
 .crp           0x000002fc        0x4 ./src/crp.o
                0x000002fc                CRP_WORD
                0x00000300                        PROVIDE (__CRP_WORD_END__ = .)
                0x00000001                        ASSERT (! ((__CRP_WORD_START__ == __CRP_WORD_END__)), Linker CRP Enabled, but no CRP_WORD provided within application)
 *(.text*)
 .text.Chip_GPIO_ClearInts
                0x00000300       0x30 ./src/mainndeft2t.o
 .text.PIO0_IRQHandler
                0x00000330       0x24 ./src/mainndeft2t.o
                0x00000330                PIO0_IRQHandler
 .text.App_FieldStatusCb
                0x00000354       0x38 ./src/mainndeft2t.o
                0x00000354                App_FieldStatusCb
 .text.App_MsgAvailableCb
                0x0000038c       0x14 ./src/mainndeft2t.o
                0x0000038c                App_MsgAvailableCb
 .text.GenerateNdef_Url
                0x000003a0       0x88 ./src/mainndeft2t.o
 .text.GenerateNdef_TextMime
                0x00000428       0xd8 ./src/mainndeft2t.o
 .text.ParseNdef
                0x00000500      0x100 ./src/mainndeft2t.o
 .text.main     0x00000600      0x16c ./src/mainndeft2t.o
                0x00000600                main
 .text.DecodeNdefTlv
                0x0000076c       0x4c ./mods/ndeft2t/ndeft2t.o
 .text.DisableMessageReadDetection
                0x000007b8       0x1c ./mods/ndeft2t/ndeft2t.o
 .text.CreateRecord
                0x000007d4       0xda ./mods/ndeft2t/ndeft2t.o
 *fill*         0x000008ae        0x2 ff
 .text.CopyFromEeprom
                0x000008b0       0x1c ./mods/ndeft2t/ndeft2t.o
 .text.EnableTermTlvDetection
                0x000008cc       0x1c ./mods/ndeft2t/ndeft2t.o
 .text.DisableTermTlvDetection
                0x000008e8       0x28 ./mods/ndeft2t/ndeft2t.o
 .text.ReadWrite_IRQHandler
                0x00000910       0x98 ./mods/ndeft2t/ndeft2t.o
 .text.NDEFT2T_ResetNfcMemory
                0x000009a8       0x18 ./mods/ndeft2t/ndeft2t.o
                0x000009a8                NDEFT2T_ResetNfcMemory
 .text.NDEFT2T_Init
                0x000009c0       0x34 ./mods/ndeft2t/ndeft2t.o
                0x000009c0                NDEFT2T_Init
 .text.NDEFT2T_CreateMessage
                0x000009f4       0x54 ./mods/ndeft2t/ndeft2t.o
                0x000009f4                NDEFT2T_CreateMessage
 .text.NDEFT2T_CreateTextRecord
                0x00000a48       0x24 ./mods/ndeft2t/ndeft2t.o
                0x00000a48                NDEFT2T_CreateTextRecord
 .text.NDEFT2T_CreateMimeRecord
                0x00000a6c       0x24 ./mods/ndeft2t/ndeft2t.o
                0x00000a6c                NDEFT2T_CreateMimeRecord
 .text.NDEFT2T_CreateUriRecord
                0x00000a90       0x20 ./mods/ndeft2t/ndeft2t.o
                0x00000a90                NDEFT2T_CreateUriRecord
 .text.NDEFT2T_WriteRecordPayload
                0x00000ab0       0x7a ./mods/ndeft2t/ndeft2t.o
                0x00000ab0                NDEFT2T_WriteRecordPayload
 .text.NDEFT2T_CommitRecord
                0x00000b2a       0x36 ./mods/ndeft2t/ndeft2t.o
                0x00000b2a                NDEFT2T_CommitRecord
 .text.NDEFT2T_CommitMessage
                0x00000b60      0x11c ./mods/ndeft2t/ndeft2t.o
                0x00000b60                NDEFT2T_CommitMessage
 .text.NDEFT2T_GetNextRecord
                0x00000c7c      0x164 ./mods/ndeft2t/ndeft2t.o
                0x00000c7c                NDEFT2T_GetNextRecord
 .text.ValidateNdefMsg
                0x00000de0       0x30 ./mods/ndeft2t/ndeft2t.o
 .text.NDEFT2T_GetMessage
                0x00000e10       0x70 ./mods/ndeft2t/ndeft2t.o
                0x00000e10                NDEFT2T_GetMessage
 .text.NDEFT2T_GetRecordPayload
                0x00000e80       0x26 ./mods/ndeft2t/ndeft2t.o
                0x00000e80                NDEFT2T_GetRecordPayload
 *fill*         0x00000ea6        0x2 ff
 .text.NFC_IRQHandler
                0x00000ea8       0x9c ./mods/ndeft2t/ndeft2t.o
                0x00000ea8                NFC_IRQHandler
 .text.Board_Init
                0x00000f44       0xe8 D:\SchoolTasks\SCuMRobot\magNFC\release_mra2_12_6_nhs3152\sw\nss\lib_board_dp\Debug\liblib_board_dp.a(board.o)
                0x00000f44                Board_Init
 .text.LED_SetState
                0x0000102c       0x48 D:\SchoolTasks\SCuMRobot\magNFC\release_mra2_12_6_nhs3152\sw\nss\lib_board_dp\Debug\liblib_board_dp.a(led.o)
                0x0000102c                LED_SetState
 .text.LED_On   0x00001074        0xa D:\SchoolTasks\SCuMRobot\magNFC\release_mra2_12_6_nhs3152\sw\nss\lib_board_dp\Debug\liblib_board_dp.a(led.o)
                0x00001074                LED_On
 .text.LED_Off  0x0000107e        0xa D:\SchoolTasks\SCuMRobot\magNFC\release_mra2_12_6_nhs3152\sw\nss\lib_board_dp\Debug\liblib_board_dp.a(led.o)
                0x0000107e                LED_Off
 .text.LED_Init
                0x00001088       0x48 D:\SchoolTasks\SCuMRobot\magNFC\release_mra2_12_6_nhs3152\sw\nss\lib_board_dp\Debug\liblib_board_dp.a(led.o)
                0x00001088                LED_Init
 .text.ConvertADCDACIOToIOCONAnabus
                0x000010d0       0x24 D:\SchoolTasks\SCuMRobot\magNFC\release_mra2_12_6_nhs3152\sw\nss\lib_chip_nss\Debug\liblib_chip_nss.a(adcdac_nss.o)
 .text.Chip_ADCDAC_SetModeDAC
                0x000010f4       0x12 D:\SchoolTasks\SCuMRobot\magNFC\release_mra2_12_6_nhs3152\sw\nss\lib_chip_nss\Debug\liblib_chip_nss.a(adcdac_nss.o)
                0x000010f4                Chip_ADCDAC_SetModeDAC
 *fill*         0x00001106        0x2 ff
 .text.Chip_ADCDAC_SetMuxADC
                0x00001108       0x20 D:\SchoolTasks\SCuMRobot\magNFC\release_mra2_12_6_nhs3152\sw\nss\lib_chip_nss\Debug\liblib_chip_nss.a(adcdac_nss.o)
                0x00001108                Chip_ADCDAC_SetMuxADC
 .text.Chip_ADCDAC_SetMuxDAC
                0x00001128       0x20 D:\SchoolTasks\SCuMRobot\magNFC\release_mra2_12_6_nhs3152\sw\nss\lib_chip_nss\Debug\liblib_chip_nss.a(adcdac_nss.o)
                0x00001128                Chip_ADCDAC_SetMuxDAC
 .text.Chip_ADCDAC_StartDAC
                0x00001148        0xe D:\SchoolTasks\SCuMRobot\magNFC\release_mra2_12_6_nhs3152\sw\nss\lib_chip_nss\Debug\liblib_chip_nss.a(adcdac_nss.o)
                0x00001148                Chip_ADCDAC_StartDAC
 *fill*         0x00001156        0x2 ff
 .text.Chip_ADCDAC_WriteOutputDAC
                0x00001158       0x24 D:\SchoolTasks\SCuMRobot\magNFC\release_mra2_12_6_nhs3152\sw\nss\lib_chip_nss\Debug\liblib_chip_nss.a(adcdac_nss.o)
                0x00001158                Chip_ADCDAC_WriteOutputDAC
 .text.Chip_ADCDAC_Int_SetEnabledMask
                0x0000117c        0x8 D:\SchoolTasks\SCuMRobot\magNFC\release_mra2_12_6_nhs3152\sw\nss\lib_chip_nss\Debug\liblib_chip_nss.a(adcdac_nss.o)
                0x0000117c                Chip_ADCDAC_Int_SetEnabledMask
 .text.Chip_ADCDAC_Int_ClearRawStatus
                0x00001184        0x8 D:\SchoolTasks\SCuMRobot\magNFC\release_mra2_12_6_nhs3152\sw\nss\lib_chip_nss\Debug\liblib_chip_nss.a(adcdac_nss.o)
                0x00001184                Chip_ADCDAC_Int_ClearRawStatus
 .text.Chip_ADCDAC_Init
                0x0000118c       0x48 D:\SchoolTasks\SCuMRobot\magNFC\release_mra2_12_6_nhs3152\sw\nss\lib_chip_nss\Debug\liblib_chip_nss.a(adcdac_nss.o)
                0x0000118c                Chip_ADCDAC_Init
 .text.Chip_Clock_System_GetClockDiv
                0x000011d4       0x14 D:\SchoolTasks\SCuMRobot\magNFC\release_mra2_12_6_nhs3152\sw\nss\lib_chip_nss\Debug\liblib_chip_nss.a(clock_nss.o)
                0x000011d4                Chip_Clock_System_GetClockDiv
 .text.Chip_Clock_System_GetClockFreq
                0x000011e8       0x14 D:\SchoolTasks\SCuMRobot\magNFC\release_mra2_12_6_nhs3152\sw\nss\lib_chip_nss\Debug\liblib_chip_nss.a(clock_nss.o)
                0x000011e8                Chip_Clock_System_GetClockFreq
 .text.Chip_Clock_System_BusyWait_us
                0x000011fc       0x44 D:\SchoolTasks\SCuMRobot\magNFC\release_mra2_12_6_nhs3152\sw\nss\lib_chip_nss\Debug\liblib_chip_nss.a(clock_nss.o)
                0x000011fc                Chip_Clock_System_BusyWait_us
 .text.Chip_Clock_System_BusyWait_ms
                0x00001240       0x34 D:\SchoolTasks\SCuMRobot\magNFC\release_mra2_12_6_nhs3152\sw\nss\lib_chip_nss\Debug\liblib_chip_nss.a(clock_nss.o)
                0x00001240                Chip_Clock_System_BusyWait_ms
 .text.Chip_Clock_Peripheral_EnableClock
                0x00001274       0x1c D:\SchoolTasks\SCuMRobot\magNFC\release_mra2_12_6_nhs3152\sw\nss\lib_chip_nss\Debug\liblib_chip_nss.a(clock_nss.o)
                0x00001274                Chip_Clock_Peripheral_EnableClock
 .text.Chip_EEPROM_Init
                0x00001290       0x5c D:\SchoolTasks\SCuMRobot\magNFC\release_mra2_12_6_nhs3152\sw\nss\lib_chip_nss\Debug\liblib_chip_nss.a(eeprom_nss.o)
                0x00001290                Chip_EEPROM_Init
 .text.Chip_EEPROM_Read
                0x000012ec       0x74 D:\SchoolTasks\SCuMRobot\magNFC\release_mra2_12_6_nhs3152\sw\nss\lib_chip_nss\Debug\liblib_chip_nss.a(eeprom_nss.o)
                0x000012ec                Chip_EEPROM_Read
 .text.Chip_GPIO_Init
                0x00001360        0xa D:\SchoolTasks\SCuMRobot\magNFC\release_mra2_12_6_nhs3152\sw\nss\lib_chip_nss\Debug\liblib_chip_nss.a(gpio_nss.o)
                0x00001360                Chip_GPIO_Init
 *fill*         0x0000136a        0x2 ff
 .text.MaxCurrentInPicoAmpere
                0x0000136c       0x14 D:\SchoolTasks\SCuMRobot\magNFC\release_mra2_12_6_nhs3152\sw\nss\lib_chip_nss\Debug\liblib_chip_nss.a(i2d_nss.o)
 .text.ScalerGainInCenti
                0x00001380       0x30 D:\SchoolTasks\SCuMRobot\magNFC\release_mra2_12_6_nhs3152\sw\nss\lib_chip_nss\Debug\liblib_chip_nss.a(i2d_nss.o)
 .text.ConvertI2DInputToIOCONAnabus
                0x000013b0       0x24 D:\SchoolTasks\SCuMRobot\magNFC\release_mra2_12_6_nhs3152\sw\nss\lib_chip_nss\Debug\liblib_chip_nss.a(i2d_nss.o)
                0x000013b0                ConvertI2DInputToIOCONAnabus
 .text.Chip_I2D_SetMode
                0x000013d4       0x10 D:\SchoolTasks\SCuMRobot\magNFC\release_mra2_12_6_nhs3152\sw\nss\lib_chip_nss\Debug\liblib_chip_nss.a(i2d_nss.o)
                0x000013d4                Chip_I2D_SetMode
 .text.Chip_I2D_SetScalerGain
                0x000013e4        0x8 D:\SchoolTasks\SCuMRobot\magNFC\release_mra2_12_6_nhs3152\sw\nss\lib_chip_nss\Debug\liblib_chip_nss.a(i2d_nss.o)
                0x000013e4                Chip_I2D_SetScalerGain
 .text.Chip_I2D_SetConverterGain
                0x000013ec       0x10 D:\SchoolTasks\SCuMRobot\magNFC\release_mra2_12_6_nhs3152\sw\nss\lib_chip_nss\Debug\liblib_chip_nss.a(i2d_nss.o)
                0x000013ec                Chip_I2D_SetConverterGain
 .text.Chip_I2D_SetConverterIntegrationTime
                0x000013fc       0x10 D:\SchoolTasks\SCuMRobot\magNFC\release_mra2_12_6_nhs3152\sw\nss\lib_chip_nss\Debug\liblib_chip_nss.a(i2d_nss.o)
                0x000013fc                Chip_I2D_SetConverterIntegrationTime
 .text.Chip_I2D_Setup
                0x0000140c       0x26 D:\SchoolTasks\SCuMRobot\magNFC\release_mra2_12_6_nhs3152\sw\nss\lib_chip_nss\Debug\liblib_chip_nss.a(i2d_nss.o)
                0x0000140c                Chip_I2D_Setup
 *fill*         0x00001432        0x2 ff
 .text.Chip_I2D_SetMuxInput
                0x00001434       0x20 D:\SchoolTasks\SCuMRobot\magNFC\release_mra2_12_6_nhs3152\sw\nss\lib_chip_nss\Debug\liblib_chip_nss.a(i2d_nss.o)
                0x00001434                Chip_I2D_SetMuxInput
 .text.Chip_I2D_Start
                0x00001454        0xe D:\SchoolTasks\SCuMRobot\magNFC\release_mra2_12_6_nhs3152\sw\nss\lib_chip_nss\Debug\liblib_chip_nss.a(i2d_nss.o)
                0x00001454                Chip_I2D_Start
 .text.Chip_I2D_ReadStatus
                0x00001462       0x22 D:\SchoolTasks\SCuMRobot\magNFC\release_mra2_12_6_nhs3152\sw\nss\lib_chip_nss\Debug\liblib_chip_nss.a(i2d_nss.o)
                0x00001462                Chip_I2D_ReadStatus
 .text.Chip_I2D_GetValue
                0x00001484        0x8 D:\SchoolTasks\SCuMRobot\magNFC\release_mra2_12_6_nhs3152\sw\nss\lib_chip_nss\Debug\liblib_chip_nss.a(i2d_nss.o)
                0x00001484                Chip_I2D_GetValue
 .text.Chip_I2D_NativeToPicoAmpere
                0x0000148c       0x60 D:\SchoolTasks\SCuMRobot\magNFC\release_mra2_12_6_nhs3152\sw\nss\lib_chip_nss\Debug\liblib_chip_nss.a(i2d_nss.o)
                0x0000148c                Chip_I2D_NativeToPicoAmpere
 .text.Chip_I2D_Int_SetThresholdLow
                0x000014ec        0x8 D:\SchoolTasks\SCuMRobot\magNFC\release_mra2_12_6_nhs3152\sw\nss\lib_chip_nss\Debug\liblib_chip_nss.a(i2d_nss.o)
                0x000014ec                Chip_I2D_Int_SetThresholdLow
 .text.Chip_I2D_Int_SetThresholdHigh
                0x000014f4        0x8 D:\SchoolTasks\SCuMRobot\magNFC\release_mra2_12_6_nhs3152\sw\nss\lib_chip_nss\Debug\liblib_chip_nss.a(i2d_nss.o)
                0x000014f4                Chip_I2D_Int_SetThresholdHigh
 .text.Chip_I2D_Init
                0x000014fc       0x58 D:\SchoolTasks\SCuMRobot\magNFC\release_mra2_12_6_nhs3152\sw\nss\lib_chip_nss\Debug\liblib_chip_nss.a(i2d_nss.o)
                0x000014fc                Chip_I2D_Init
 .text.Chip_IOCON_Init
                0x00001554        0xc D:\SchoolTasks\SCuMRobot\magNFC\release_mra2_12_6_nhs3152\sw\nss\lib_chip_nss\Debug\liblib_chip_nss.a(iocon_nss.o)
                0x00001554                Chip_IOCON_Init
 .text.Chip_IOCON_UngroundAnabus
                0x00001560        0xe D:\SchoolTasks\SCuMRobot\magNFC\release_mra2_12_6_nhs3152\sw\nss\lib_chip_nss\Debug\liblib_chip_nss.a(iocon_nss.o)
                0x00001560                Chip_IOCON_UngroundAnabus
 .text.Chip_IOCON_SetPinConfig
                0x0000156e       0x28 D:\SchoolTasks\SCuMRobot\magNFC\release_mra2_12_6_nhs3152\sw\nss\lib_chip_nss\Debug\liblib_chip_nss.a(iocon_nss.o)
                0x0000156e                Chip_IOCON_SetPinConfig
 .text.Chip_NFC_GetStatus
                0x00001596        0x6 D:\SchoolTasks\SCuMRobot\magNFC\release_mra2_12_6_nhs3152\sw\nss\lib_chip_nss\Debug\liblib_chip_nss.a(nfc_nss.o)
                0x00001596                Chip_NFC_GetStatus
 .text.Chip_NFC_Int_SetEnabledMask
                0x0000159c        0x8 D:\SchoolTasks\SCuMRobot\magNFC\release_mra2_12_6_nhs3152\sw\nss\lib_chip_nss\Debug\liblib_chip_nss.a(nfc_nss.o)
                0x0000159c                Chip_NFC_Int_SetEnabledMask
 .text.Chip_NFC_Int_GetEnabledMask
                0x000015a4        0x8 D:\SchoolTasks\SCuMRobot\magNFC\release_mra2_12_6_nhs3152\sw\nss\lib_chip_nss\Debug\liblib_chip_nss.a(nfc_nss.o)
                0x000015a4                Chip_NFC_Int_GetEnabledMask
 .text.Chip_NFC_Int_GetRawStatus
                0x000015ac        0x8 D:\SchoolTasks\SCuMRobot\magNFC\release_mra2_12_6_nhs3152\sw\nss\lib_chip_nss\Debug\liblib_chip_nss.a(nfc_nss.o)
                0x000015ac                Chip_NFC_Int_GetRawStatus
 .text.Chip_NFC_Int_ClearRawStatus
                0x000015b4       0x20 D:\SchoolTasks\SCuMRobot\magNFC\release_mra2_12_6_nhs3152\sw\nss\lib_chip_nss\Debug\liblib_chip_nss.a(nfc_nss.o)
                0x000015b4                Chip_NFC_Int_ClearRawStatus
 .text.Chip_NFC_Init
                0x000015d4       0x2c D:\SchoolTasks\SCuMRobot\magNFC\release_mra2_12_6_nhs3152\sw\nss\lib_chip_nss\Debug\liblib_chip_nss.a(nfc_nss.o)
                0x000015d4                Chip_NFC_Init
 .text.Chip_NFC_SetTargetAddress
                0x00001600        0x6 D:\SchoolTasks\SCuMRobot\magNFC\release_mra2_12_6_nhs3152\sw\nss\lib_chip_nss\Debug\liblib_chip_nss.a(nfc_nss.o)
                0x00001600                Chip_NFC_SetTargetAddress
 .text.Chip_RTC_Init
                0x00001606        0xc D:\SchoolTasks\SCuMRobot\magNFC\release_mra2_12_6_nhs3152\sw\nss\lib_chip_nss\Debug\liblib_chip_nss.a(rtc_nss.o)
                0x00001606                Chip_RTC_Init
 *fill*         0x00001612        0x2 ff
 .text.Chip_SysCon_Peripheral_AssertReset
                0x00001614       0x14 D:\SchoolTasks\SCuMRobot\magNFC\release_mra2_12_6_nhs3152\sw\nss\lib_chip_nss\Debug\liblib_chip_nss.a(syscon_nss.o)
                0x00001614                Chip_SysCon_Peripheral_AssertReset
 .text.Chip_SysCon_Peripheral_DeassertReset
                0x00001628       0x14 D:\SchoolTasks\SCuMRobot\magNFC\release_mra2_12_6_nhs3152\sw\nss\lib_chip_nss\Debug\liblib_chip_nss.a(syscon_nss.o)
                0x00001628                Chip_SysCon_Peripheral_DeassertReset
 .text.Chip_SysCon_Peripheral_EnablePower
                0x0000163c       0x18 D:\SchoolTasks\SCuMRobot\magNFC\release_mra2_12_6_nhs3152\sw\nss\lib_chip_nss\Debug\liblib_chip_nss.a(syscon_nss.o)
                0x0000163c                Chip_SysCon_Peripheral_EnablePower
 .text.NVIC_SystemReset
                0x00001654       0x18 D:\SchoolTasks\SCuMRobot\magNFC\release_mra2_12_6_nhs3152\sw\nss\lib_chip_nss\Debug\liblib_chip_nss.a(startup.o)
 .text.defaultIntHandler
                0x0000166c        0x8 D:\SchoolTasks\SCuMRobot\magNFC\release_mra2_12_6_nhs3152\sw\nss\lib_chip_nss\Debug\liblib_chip_nss.a(startup.o)
                0x0000166c                I2C0_IRQHandler
                0x0000166c                PMUBOD_IRQHandler
                0x0000166c                HardFault_Handler
                0x0000166c                SysTick_Handler
                0x0000166c                PendSV_Handler
                0x0000166c                NMI_Handler
                0x0000166c                CT16B0_IRQHandler
                0x0000166c                PIO0_8_IRQHandler
                0x0000166c                PIO0_4_IRQHandler
                0x0000166c                TSEN_IRQHandler
                0x0000166c                SSP0_IRQHandler
                0x0000166c                RTC_IRQHandler
                0x0000166c                PMUFLD_IRQHandler
                0x0000166c                PIO0_6_IRQHandler
                0x0000166c                PIO0_5_IRQHandler
                0x0000166c                PIO0_1_IRQHandler
                0x0000166c                ADC_IRQHandler
                0x0000166c                PIO0_3_IRQHandler
                0x0000166c                WDT_IRQHandler
                0x0000166c                SVC_Handler
                0x0000166c                PIO0_10_IRQHandler
                0x0000166c                PIO0_7_IRQHandler
                0x0000166c                CT32B0_IRQHandler
                0x0000166c                PIO0_0_IRQHandler
                0x0000166c                PIO0_2_IRQHandler
                0x0000166c                EEPROM_IRQHandler
                0x0000166c                RTCPWREQ_IRQHandler
                0x0000166c                RFFIELD_IRQHandler
                0x0000166c                C2D_IRQHandler
                0x0000166c                FLASH_IRQHandler
                0x0000166c                I2D_IRQHandler
                0x0000166c                PIO0_9_IRQHandler
 .text.__main   0x00001674        0xc D:/MCUXpressoIDE_11.10.0_3148/ide/plugins/com.nxp.mcuxpresso.tools.win32_11.10.0.202311280810/tools/bin/../lib/gcc/arm-none-eabi/13.2.1/../../../../arm-none-eabi/lib/thumb/v6-m/nofp\libcr_semihost.a(_cr__main.o)
                0x00001674                __CR_SEMIHOST
                0x00001674                __main
 .text.memcpy   0x00001680        0x8 D:/MCUXpressoIDE_11.10.0_3148/ide/plugins/com.nxp.mcuxpresso.tools.win32_11.10.0.202311280810/tools/bin/../lib/gcc/arm-none-eabi/13.2.1/../../../../arm-none-eabi/lib/thumb/v6-m/nofp\libcr_c.a(memcpy.o)
                0x00001680                memcpy
 .text.memmove  0x00001688        0x8 D:/MCUXpressoIDE_11.10.0_3148/ide/plugins/com.nxp.mcuxpresso.tools.win32_11.10.0.202311280810/tools/bin/../lib/gcc/arm-none-eabi/13.2.1/../../../../arm-none-eabi/lib/thumb/v6-m/nofp\libcr_c.a(memmove.o)
                0x00001688                memmove
 .text.memset   0x00001690        0x8 D:/MCUXpressoIDE_11.10.0_3148/ide/plugins/com.nxp.mcuxpresso.tools.win32_11.10.0.202311280810/tools/bin/../lib/gcc/arm-none-eabi/13.2.1/../../../../arm-none-eabi/lib/thumb/v6-m/nofp\libcr_c.a(memset.o)
                0x00001690                memset
 .text.fp_round
                0x00001698       0x4a D:/MCUXpressoIDE_11.10.0_3148/ide/plugins/com.nxp.mcuxpresso.tools.win32_11.10.0.202311280810/tools/bin/../lib/gcc/arm-none-eabi/13.2.1/../../../../arm-none-eabi/lib/thumb/v6-m/nofp\libcr_c.a(fpprintf.o)
 .text.pr_dec.constprop.0
                0x000016e2       0x24 D:/MCUXpressoIDE_11.10.0_3148/ide/plugins/com.nxp.mcuxpresso.tools.win32_11.10.0.202311280810/tools/bin/../lib/gcc/arm-none-eabi/13.2.1/../../../../arm-none-eabi/lib/thumb/v6-m/nofp\libcr_c.a(fpprintf.o)
 *fill*         0x00001706        0x2 ff
 .text.sprintf  0x00001708       0x68 D:/MCUXpressoIDE_11.10.0_3148/ide/plugins/com.nxp.mcuxpresso.tools.win32_11.10.0.202311280810/tools/bin/../lib/gcc/arm-none-eabi/13.2.1/../../../../arm-none-eabi/lib/thumb/v6-m/nofp\libcr_c.a(fpprintf.o)
                0x00001708                sprintf
 .text.fp_display
                0x00001770      0x9bc D:/MCUXpressoIDE_11.10.0_3148/ide/plugins/com.nxp.mcuxpresso.tools.win32_11.10.0.202311280810/tools/bin/../lib/gcc/arm-none-eabi/13.2.1/../../../../arm-none-eabi/lib/thumb/v6-m/nofp\libcr_c.a(fpprintf.o)
 .text.snprintf
                0x0000212c       0x7c D:/MCUXpressoIDE_11.10.0_3148/ide/plugins/com.nxp.mcuxpresso.tools.win32_11.10.0.202311280810/tools/bin/../lib/gcc/arm-none-eabi/13.2.1/../../../../arm-none-eabi/lib/thumb/v6-m/nofp\libcr_c.a(fpprintf.o)
                0x0000212c                snprintf
 .text._initio  0x000021a8       0x7c D:/MCUXpressoIDE_11.10.0_3148/ide/plugins/com.nxp.mcuxpresso.tools.win32_11.10.0.202311280810/tools/bin/../lib/gcc/arm-none-eabi/13.2.1/../../../../arm-none-eabi/lib/thumb/v6-m/nofp\libcr_c.a(initio.o)
                0x000021a8                _initio
 .text.__vfprintf
                0x00002224      0xd3c D:/MCUXpressoIDE_11.10.0_3148/ide/plugins/com.nxp.mcuxpresso.tools.win32_11.10.0.202311280810/tools/bin/../lib/gcc/arm-none-eabi/13.2.1/../../../../arm-none-eabi/lib/thumb/v6-m/nofp\libcr_c.a(printf.o)
                0x00002224                __vfprintf
 .text.setvbuf  0x00002f60       0x4c D:/MCUXpressoIDE_11.10.0_3148/ide/plugins/com.nxp.mcuxpresso.tools.win32_11.10.0.202311280810/tools/bin/../lib/gcc/arm-none-eabi/13.2.1/../../../../arm-none-eabi/lib/thumb/v6-m/nofp\libcr_c.a(setvbuf.o)
                0x00002f60                setvbuf
 .text.strlen   0x00002fac       0x5c D:/MCUXpressoIDE_11.10.0_3148/ide/plugins/com.nxp.mcuxpresso.tools.win32_11.10.0.202311280810/tools/bin/../lib/gcc/arm-none-eabi/13.2.1/../../../../arm-none-eabi/lib/thumb/v6-m/nofp\libcr_c.a(strlen.o)
                0x00002fac                strlen
 .text._deferredlazyseek
                0x00003008       0x40 D:/MCUXpressoIDE_11.10.0_3148/ide/plugins/com.nxp.mcuxpresso.tools.win32_11.10.0.202311280810/tools/bin/../lib/gcc/arm-none-eabi/13.2.1/../../../../arm-none-eabi/lib/thumb/v6-m/nofp\libcr_c.a(_deferredlazyseek.o)
                0x00003008                _deferredlazyseek
 .text.__flsbuf
                0x00003048      0x12c D:/MCUXpressoIDE_11.10.0_3148/ide/plugins/com.nxp.mcuxpresso.tools.win32_11.10.0.202311280810/tools/bin/../lib/gcc/arm-none-eabi/13.2.1/../../../../arm-none-eabi/lib/thumb/v6-m/nofp\libcr_c.a(_deferredlazyseek.o)
                0x00003048                __flsbuf
 .text._fdopen  0x00003174       0x74 D:/MCUXpressoIDE_11.10.0_3148/ide/plugins/com.nxp.mcuxpresso.tools.win32_11.10.0.202311280810/tools/bin/../lib/gcc/arm-none-eabi/13.2.1/../../../../arm-none-eabi/lib/thumb/v6-m/nofp\libcr_c.a(_fdopen.o)
                0x00003174                _fdopen
 .text._fflush  0x000031e8       0x5c D:/MCUXpressoIDE_11.10.0_3148/ide/plugins/com.nxp.mcuxpresso.tools.win32_11.10.0.202311280810/tools/bin/../lib/gcc/arm-none-eabi/13.2.1/../../../../arm-none-eabi/lib/thumb/v6-m/nofp\libcr_c.a(_fflush.o)
                0x000031e8                _fflush
 .text._frexpl  0x00003244       0x80 D:/MCUXpressoIDE_11.10.0_3148/ide/plugins/com.nxp.mcuxpresso.tools.win32_11.10.0.202311280810/tools/bin/../lib/gcc/arm-none-eabi/13.2.1/../../../../arm-none-eabi/lib/thumb/v6-m/nofp\libcr_c.a(_frexpl.o)
                0x00003244                _frexpl
 .text._ldexpl  0x000032c4       0x58 D:/MCUXpressoIDE_11.10.0_3148/ide/plugins/com.nxp.mcuxpresso.tools.win32_11.10.0.202311280810/tools/bin/../lib/gcc/arm-none-eabi/13.2.1/../../../../arm-none-eabi/lib/thumb/v6-m/nofp\libcr_c.a(_ldexpl.o)
                0x000032c4                _ldexpl
 .text._Cwritebuf
                0x0000331c       0x68 D:/MCUXpressoIDE_11.10.0_3148/ide/plugins/com.nxp.mcuxpresso.tools.win32_11.10.0.202311280810/tools/bin/../lib/gcc/arm-none-eabi/13.2.1/../../../../arm-none-eabi/lib/thumb/v6-m/nofp\libcr_c.a(_writebuf.o)
                0x0000331c                _Cwritebuf
 .text.malloc   0x00003384       0xd4 D:/MCUXpressoIDE_11.10.0_3148/ide/plugins/com.nxp.mcuxpresso.tools.win32_11.10.0.202311280810/tools/bin/../lib/gcc/arm-none-eabi/13.2.1/../../../../arm-none-eabi/lib/thumb/v6-m/nofp\libcr_c.a(alloc.o)
                0x00003384                malloc
 .text.free     0x00003458       0x2c D:/MCUXpressoIDE_11.10.0_3148/ide/plugins/com.nxp.mcuxpresso.tools.win32_11.10.0.202311280810/tools/bin/../lib/gcc/arm-none-eabi/13.2.1/../../../../arm-none-eabi/lib/thumb/v6-m/nofp\libcr_c.a(alloc.o)
                0x00003458                free
 .text._Csys_alloc
                0x00003484       0x20 D:/MCUXpressoIDE_11.10.0_3148/ide/plugins/com.nxp.mcuxpresso.tools.win32_11.10.0.202311280810/tools/bin/../lib/gcc/arm-none-eabi/13.2.1/../../../../arm-none-eabi/lib/thumb/v6-m/nofp\libcr_c.a(alloc.o)
                0x00003484                _Csys_alloc
 .text.fclose   0x000034a4       0x5c D:/MCUXpressoIDE_11.10.0_3148/ide/plugins/com.nxp.mcuxpresso.tools.win32_11.10.0.202311280810/tools/bin/../lib/gcc/arm-none-eabi/13.2.1/../../../../arm-none-eabi/lib/thumb/v6-m/nofp\libcr_c.a(fclose.o)
                0x000034a4                fclose
 .text.fflush   0x00003500       0x40 D:/MCUXpressoIDE_11.10.0_3148/ide/plugins/com.nxp.mcuxpresso.tools.win32_11.10.0.202311280810/tools/bin/../lib/gcc/arm-none-eabi/13.2.1/../../../../arm-none-eabi/lib/thumb/v6-m/nofp\libcr_c.a(fflush.o)
                0x00003500                fflush
 .text.fseek    0x00003540       0xec D:/MCUXpressoIDE_11.10.0_3148/ide/plugins/com.nxp.mcuxpresso.tools.win32_11.10.0.202311280810/tools/bin/../lib/gcc/arm-none-eabi/13.2.1/../../../../arm-none-eabi/lib/thumb/v6-m/nofp\libcr_c.a(fseek.o)
                0x00003540                fseek
 .text.ftell    0x0000362c       0x4c D:/MCUXpressoIDE_11.10.0_3148/ide/plugins/com.nxp.mcuxpresso.tools.win32_11.10.0.202311280810/tools/bin/../lib/gcc/arm-none-eabi/13.2.1/../../../../arm-none-eabi/lib/thumb/v6-m/nofp\libcr_c.a(ftell.o)
                0x0000362c                ftell
 .text.remove   0x00003678       0x12 D:/MCUXpressoIDE_11.10.0_3148/ide/plugins/com.nxp.mcuxpresso.tools.win32_11.10.0.202311280810/tools/bin/../lib/gcc/arm-none-eabi/13.2.1/../../../../arm-none-eabi/lib/thumb/v6-m/nofp\libcr_c.a(remove.o)
                0x00003678                remove
 *fill*         0x0000368a        0x2 ff
 .text._sbrk    0x0000368c       0x44 D:/MCUXpressoIDE_11.10.0_3148/ide/plugins/com.nxp.mcuxpresso.tools.win32_11.10.0.202311280810/tools/bin/../lib/gcc/arm-none-eabi/13.2.1/../../../../arm-none-eabi/lib/thumb/v6-m/nofp\libcr_c.a(_cr_sbrk.o)
                0x0000368c                _sbrk
 .text._do_fflush
                0x000036d0       0x48 D:/MCUXpressoIDE_11.10.0_3148/ide/plugins/com.nxp.mcuxpresso.tools.win32_11.10.0.202311280810/tools/bin/../lib/gcc/arm-none-eabi/13.2.1/../../../../arm-none-eabi/lib/thumb/v6-m/nofp\libcr_c.a(_do_fflush.o)
                0x000036d0                _do_fflush
 .text.__check_heap_overflow
                0x00003718       0x18 D:/MCUXpressoIDE_11.10.0_3148/ide/plugins/com.nxp.mcuxpresso.tools.win32_11.10.0.202311280810/tools/bin/../lib/gcc/arm-none-eabi/13.2.1/../../../../arm-none-eabi/lib/thumb/v6-m/nofp\libcr_c.a(_cr_check_heap.o)
                0x00003718                __check_heap_overflow
 .text.__aeabi_division_idivmod
                0x00003730       0x78 D:/MCUXpressoIDE_11.10.0_3148/ide/plugins/com.nxp.mcuxpresso.tools.win32_11.10.0.202311280810/tools/bin/../lib/gcc/arm-none-eabi/13.2.1/thumb/v6-m/nofp\libcr_eabihelpers.a(division_32.o)
                0x00003730                __aeabi_idivmod
                0x00003730                __aeabi_idiv
                0x00003736                __aeabi_uidivmod
                0x00003736                __aeabi_uidiv
 .text.__aeabi_division_uldivmod
                0x000037a8       0x5a D:/MCUXpressoIDE_11.10.0_3148/ide/plugins/com.nxp.mcuxpresso.tools.win32_11.10.0.202311280810/tools/bin/../lib/gcc/arm-none-eabi/13.2.1/thumb/v6-m/nofp\libcr_eabihelpers.a(division_64.o)
                0x000037a8                __aeabi_uldivmod
 .text.__aeabi_division_idiv0
                0x00003802        0x2 D:/MCUXpressoIDE_11.10.0_3148/ide/plugins/com.nxp.mcuxpresso.tools.win32_11.10.0.202311280810/tools/bin/../lib/gcc/arm-none-eabi/13.2.1/thumb/v6-m/nofp\libcr_eabihelpers.a(division_idiv0.o)
                0x00003802                __aeabi_idiv0
 .text.__aeabi_dmul
                0x00003804      0x190 D:/MCUXpressoIDE_11.10.0_3148/ide/plugins/com.nxp.mcuxpresso.tools.win32_11.10.0.202311280810/tools/bin/../lib/gcc/arm-none-eabi/13.2.1/thumb/v6-m/nofp\libcr_eabihelpers.a(double.o)
                0x00003804                __aeabi_dmul
 .text.__aeabi_ddiv
                0x00003994      0x174 D:/MCUXpressoIDE_11.10.0_3148/ide/plugins/com.nxp.mcuxpresso.tools.win32_11.10.0.202311280810/tools/bin/../lib/gcc/arm-none-eabi/13.2.1/thumb/v6-m/nofp\libcr_eabihelpers.a(double.o)
                0x00003994                __aeabi_ddiv
 .text.__aeabi_dsub
                0x00003b08      0x1c4 D:/MCUXpressoIDE_11.10.0_3148/ide/plugins/com.nxp.mcuxpresso.tools.win32_11.10.0.202311280810/tools/bin/../lib/gcc/arm-none-eabi/13.2.1/thumb/v6-m/nofp\libcr_eabihelpers.a(double.o)
                0x00003b08                __aeabi_dsub
 .text.__aeabi_dadd
                0x00003ccc      0x140 D:/MCUXpressoIDE_11.10.0_3148/ide/plugins/com.nxp.mcuxpresso.tools.win32_11.10.0.202311280810/tools/bin/../lib/gcc/arm-none-eabi/13.2.1/thumb/v6-m/nofp\libcr_eabihelpers.a(double.o)
                0x00003ccc                __aeabi_dadd
 .text.__aeabi_d2iz
                0x00003e0c       0x50 D:/MCUXpressoIDE_11.10.0_3148/ide/plugins/com.nxp.mcuxpresso.tools.win32_11.10.0.202311280810/tools/bin/../lib/gcc/arm-none-eabi/13.2.1/thumb/v6-m/nofp\libcr_eabihelpers.a(double.o)
                0x00003e0c                __aeabi_d2iz
 .text.__bhs_ui2d
                0x00003e5c       0x5e D:/MCUXpressoIDE_11.10.0_3148/ide/plugins/com.nxp.mcuxpresso.tools.win32_11.10.0.202311280810/tools/bin/../lib/gcc/arm-none-eabi/13.2.1/thumb/v6-m/nofp\libcr_eabihelpers.a(double.o)
                0x00003e5c                __bhs_ui2d
 .text.__aeabi_i2d
                0x00003eba       0x18 D:/MCUXpressoIDE_11.10.0_3148/ide/plugins/com.nxp.mcuxpresso.tools.win32_11.10.0.202311280810/tools/bin/../lib/gcc/arm-none-eabi/13.2.1/thumb/v6-m/nofp\libcr_eabihelpers.a(double.o)
                0x00003eba                __aeabi_i2d
 *fill*         0x00003ed2        0x2 ff
 .text.__aeabi_dcmpeq
                0x00003ed4       0x34 D:/MCUXpressoIDE_11.10.0_3148/ide/plugins/com.nxp.mcuxpresso.tools.win32_11.10.0.202311280810/tools/bin/../lib/gcc/arm-none-eabi/13.2.1/thumb/v6-m/nofp\libcr_eabihelpers.a(double.o)
                0x00003ed4                __aeabi_dcmpeq
 .text.__aeabi_dcmplt
                0x00003f08       0x60 D:/MCUXpressoIDE_11.10.0_3148/ide/plugins/com.nxp.mcuxpresso.tools.win32_11.10.0.202311280810/tools/bin/../lib/gcc/arm-none-eabi/13.2.1/thumb/v6-m/nofp\libcr_eabihelpers.a(double.o)
                0x00003f08                __aeabi_dcmplt
 .text.__aeabi_dcmple
                0x00003f68       0x6c D:/MCUXpressoIDE_11.10.0_3148/ide/plugins/com.nxp.mcuxpresso.tools.win32_11.10.0.202311280810/tools/bin/../lib/gcc/arm-none-eabi/13.2.1/thumb/v6-m/nofp\libcr_eabihelpers.a(double.o)
                0x00003f68                __aeabi_dcmple
 .text.__aeabi_dcmpge
                0x00003fd4       0x68 D:/MCUXpressoIDE_11.10.0_3148/ide/plugins/com.nxp.mcuxpresso.tools.win32_11.10.0.202311280810/tools/bin/../lib/gcc/arm-none-eabi/13.2.1/thumb/v6-m/nofp\libcr_eabihelpers.a(double.o)
                0x00003fd4                __aeabi_dcmpge
 .text.__aeabi_llong_lmul
                0x0000403c       0x2e D:/MCUXpressoIDE_11.10.0_3148/ide/plugins/com.nxp.mcuxpresso.tools.win32_11.10.0.202311280810/tools/bin/../lib/gcc/arm-none-eabi/13.2.1/thumb/v6-m/nofp\libcr_eabihelpers.a(llong.o)
                0x0000403c                __aeabi_lmul
 .text.__aeabi_memcpy
                0x0000406a       0x2c D:/MCUXpressoIDE_11.10.0_3148/ide/plugins/com.nxp.mcuxpresso.tools.win32_11.10.0.202311280810/tools/bin/../lib/gcc/arm-none-eabi/13.2.1/thumb/v6-m/nofp\libcr_eabihelpers.a(memcpy.o)
                0x0000406a                __aeabi_memcpy4
                0x0000406a                __aeabi_memcpy8
                0x0000406a                __aeabi_memcpy
 .text.__aeabi_memmove
                0x00004096       0x1c D:/MCUXpressoIDE_11.10.0_3148/ide/plugins/com.nxp.mcuxpresso.tools.win32_11.10.0.202311280810/tools/bin/../lib/gcc/arm-none-eabi/13.2.1/thumb/v6-m/nofp\libcr_eabihelpers.a(memcpy.o)
                0x00004096                __aeabi_memmove
                0x00004096                __aeabi_memmove4
                0x00004096                __aeabi_memmove8
 .text.__aeabi_memset_lowlevel
                0x000040b2       0x2a D:/MCUXpressoIDE_11.10.0_3148/ide/plugins/com.nxp.mcuxpresso.tools.win32_11.10.0.202311280810/tools/bin/../lib/gcc/arm-none-eabi/13.2.1/thumb/v6-m/nofp\libcr_eabihelpers.a(memcpy.o)
                0x000040b2                __aeabi_lowlevel_memset
 .text.__gnu_thumb1_case_uqi
                0x000040dc       0x10 D:/MCUXpressoIDE_11.10.0_3148/ide/plugins/com.nxp.mcuxpresso.tools.win32_11.10.0.202311280810/tools/bin/../lib/gcc/arm-none-eabi/13.2.1/thumb/v6-m/nofp\libcr_eabihelpers.a(thumb1_switch_helpers.o)
                0x000040dc                __gnu_thumb1_case_uqi
 .text.__gnu_thumb1_case_shi
                0x000040ec       0x10 D:/MCUXpressoIDE_11.10.0_3148/ide/plugins/com.nxp.mcuxpresso.tools.win32_11.10.0.202311280810/tools/bin/../lib/gcc/arm-none-eabi/13.2.1/thumb/v6-m/nofp\libcr_eabihelpers.a(thumb1_switch_helpers.o)
                0x000040ec                __gnu_thumb1_case_shi
 .text.__gnu_thumb1_case_uhi
                0x000040fc       0x10 D:/MCUXpressoIDE_11.10.0_3148/ide/plugins/com.nxp.mcuxpresso.tools.win32_11.10.0.202311280810/tools/bin/../lib/gcc/arm-none-eabi/13.2.1/thumb/v6-m/nofp\libcr_eabihelpers.a(thumb1_switch_helpers.o)
                0x000040fc                __gnu_thumb1_case_uhi
 .text.__sys_appexit
                0x0000410c        0xc D:/MCUXpressoIDE_11.10.0_3148/ide/plugins/com.nxp.mcuxpresso.tools.win32_11.10.0.202311280810/tools/bin/../lib/gcc/arm-none-eabi/13.2.1/../../../../arm-none-eabi/lib/thumb/v6-m/nofp\libcr_semihost.a(__sys_appexit.o)
                0x0000410c                __sys_appexit
                0x0000410c                __exit
 .text.__sys_close
                0x00004118        0xc D:/MCUXpressoIDE_11.10.0_3148/ide/plugins/com.nxp.mcuxpresso.tools.win32_11.10.0.202311280810/tools/bin/../lib/gcc/arm-none-eabi/13.2.1/../../../../arm-none-eabi/lib/thumb/v6-m/nofp\libcr_semihost.a(__sys_close.o)
                0x00004118                __sys_close
 .text.__sys_flen
                0x00004124        0xc D:/MCUXpressoIDE_11.10.0_3148/ide/plugins/com.nxp.mcuxpresso.tools.win32_11.10.0.202311280810/tools/bin/../lib/gcc/arm-none-eabi/13.2.1/../../../../arm-none-eabi/lib/thumb/v6-m/nofp\libcr_semihost.a(__sys_flen.o)
                0x00004124                __sys_flen
 .text.__sys_istty
                0x00004130        0xc D:/MCUXpressoIDE_11.10.0_3148/ide/plugins/com.nxp.mcuxpresso.tools.win32_11.10.0.202311280810/tools/bin/../lib/gcc/arm-none-eabi/13.2.1/../../../../arm-none-eabi/lib/thumb/v6-m/nofp\libcr_semihost.a(__sys_istty.o)
                0x00004130                __sys_istty
 .text.__sys_remove
                0x0000413c        0xc D:/MCUXpressoIDE_11.10.0_3148/ide/plugins/com.nxp.mcuxpresso.tools.win32_11.10.0.202311280810/tools/bin/../lib/gcc/arm-none-eabi/13.2.1/../../../../arm-none-eabi/lib/thumb/v6-m/nofp\libcr_semihost.a(__sys_remove.o)
                0x0000413c                __sys_remove
 .text.__sys_seek
                0x00004148        0xc D:/MCUXpressoIDE_11.10.0_3148/ide/plugins/com.nxp.mcuxpresso.tools.win32_11.10.0.202311280810/tools/bin/../lib/gcc/arm-none-eabi/13.2.1/../../../../arm-none-eabi/lib/thumb/v6-m/nofp\libcr_semihost.a(__sys_seek.o)
                0x00004148                __sys_seek
 .text.__sys_tmpnam
                0x00004154        0xc D:/MCUXpressoIDE_11.10.0_3148/ide/plugins/com.nxp.mcuxpresso.tools.win32_11.10.0.202311280810/tools/bin/../lib/gcc/arm-none-eabi/13.2.1/../../../../arm-none-eabi/lib/thumb/v6-m/nofp\libcr_semihost.a(__sys_tmpnam.o)
                0x00004154                __sys_tmpnam
 .text.__sys_write
                0x00004160        0xc D:/MCUXpressoIDE_11.10.0_3148/ide/plugins/com.nxp.mcuxpresso.tools.win32_11.10.0.202311280810/tools/bin/../lib/gcc/arm-none-eabi/13.2.1/../../../../arm-none-eabi/lib/thumb/v6-m/nofp\libcr_semihost.a(__sys_write.o)
                0x00004160                __sys_write
 *(.rodata .rodata.* .constdata .constdata.*)
 .rodata.sUrl   0x0000416c       0xef ./src/mainndeft2t.o
 *fill*         0x0000425b        0x1 ff
 .rodata        0x0000425c       0x48 ./src/mainndeft2t.o
 .rodata.sDefaultBytes
                0x000042a4        0xc ./mods/ndeft2t/ndeft2t.o
 .rodata.sLeds  0x000042b0        0x4 D:\SchoolTasks\SCuMRobot\magNFC\release_mra2_12_6_nhs3152\sw\nss\lib_board_dp\Debug\liblib_board_dp.a(led.o)
 .rodata.ScalerGainInCenti
                0x000042b4       0x24 D:\SchoolTasks\SCuMRobot\magNFC\release_mra2_12_6_nhs3152\sw\nss\lib_chip_nss\Debug\liblib_chip_nss.a(i2d_nss.o)
 .rodata.fp_display.str1.1
                0x000042d8       0x81 D:/MCUXpressoIDE_11.10.0_3148/ide/plugins/com.nxp.mcuxpresso.tools.win32_11.10.0.202311280810/tools/bin/../lib/gcc/arm-none-eabi/13.2.1/../../../../arm-none-eabi/lib/thumb/v6-m/nofp\libcr_c.a(fpprintf.o)
                                 0x35 (size before relaxing)
 .rodata._initio.str1.1
                0x00004359        0x4 D:/MCUXpressoIDE_11.10.0_3148/ide/plugins/com.nxp.mcuxpresso.tools.win32_11.10.0.202311280810/tools/bin/../lib/gcc/arm-none-eabi/13.2.1/../../../../arm-none-eabi/lib/thumb/v6-m/nofp\libcr_c.a(initio.o)
 .rodata.__vfprintf.str1.1
                0x00004359       0x38 D:/MCUXpressoIDE_11.10.0_3148/ide/plugins/com.nxp.mcuxpresso.tools.win32_11.10.0.202311280810/tools/bin/../lib/gcc/arm-none-eabi/13.2.1/../../../../arm-none-eabi/lib/thumb/v6-m/nofp\libcr_c.a(printf.o)
 .rodata._Csys_alloc.str1.1
                0x00004359       0x18 D:/MCUXpressoIDE_11.10.0_3148/ide/plugins/com.nxp.mcuxpresso.tools.win32_11.10.0.202311280810/tools/bin/../lib/gcc/arm-none-eabi/13.2.1/../../../../arm-none-eabi/lib/thumb/v6-m/nofp\libcr_c.a(alloc.o)
 *fill*         0x00004359        0x3 ff
 .rodata.__num_Ciob_streams
                0x0000435c        0x4 D:/MCUXpressoIDE_11.10.0_3148/ide/plugins/com.nxp.mcuxpresso.tools.win32_11.10.0.202311280810/tools/bin/../lib/gcc/arm-none-eabi/13.2.1/../../../../arm-none-eabi/lib/thumb/v6-m/nofp\libcr_semihost.a(__ciob.o)
                0x0000435c                __num_Ciob_streams
                0x00004360                        . = ALIGN (0x4)

.glue_7         0x00004360        0x0
 .glue_7        0x00004360        0x0 linker stubs

.glue_7t        0x00004360        0x0
 .glue_7t       0x00004360        0x0 linker stubs

.vfp11_veneer   0x00004360        0x0
 .vfp11_veneer  0x00004360        0x0 linker stubs

.v4_bx          0x00004360        0x0
 .v4_bx         0x00004360        0x0 linker stubs

.iplt           0x00004360        0x0
 .iplt          0x00004360        0x0 ./src/mainndeft2t.o

.rel.dyn        0x00004360        0x0
 .rel.iplt      0x00004360        0x0 ./src/mainndeft2t.o

.ARM.extab
 *(.ARM.extab* .gnu.linkonce.armextab.*)

.ARM.exidx      0x00004360        0x0
                0x00004360                        __exidx_start = .
 *(.ARM.exidx* .gnu.linkonce.armexidx.*)
                0x00004360                        __exidx_end = .
                0x00004360                        _etext = .

.uninit_RESERVED
                0x10000000        0x0
                0x10000000                        _start_uninit_RESERVED = .
 *(.bss.$RESERVED*)
                0x10000000                        . = ALIGN (0x4)
                0x10000000                        _end_uninit_RESERVED = .

.data           0x10000000      0x1d8 load address 0x00004360
 FILL mask 0xff
                0x10000000                        _data = .
                [!provide]                        PROVIDE (__start_data_RAM = .)
                [!provide]                        PROVIDE (__start_data_RamLoc = .)
 *(vtable)
 *(.ramfunc*)
 *(CodeQuickAccess)
 *(DataQuickAccess)
 *(RamFunction)
 *(.data*)
 .data.sText    0x10000000       0xea ./src/mainndeft2t.o
                0x10000000                sText
 *fill*         0x100000ea        0x2 ff
 .data.sBytes   0x100000ec       0xea ./src/mainndeft2t.o
 .data.sFieldPresent
                0x100001d6        0x1 ./src/mainndeft2t.o
                0x100001d8                        . = ALIGN (0x4)
 *fill*         0x100001d7        0x1 ff
                0x100001d8                        _edata = .
                [!provide]                        PROVIDE (__end_data_RAM = .)
                [!provide]                        PROVIDE (__end_data_RamLoc = .)

.igot.plt       0x100001d8        0x0 load address 0x00004538
 .igot.plt      0x100001d8        0x0 ./src/mainndeft2t.o

.bss            0x100001d8      0x1fc
                0x100001d8                        _bss = .
                [!provide]                        PROVIDE (__start_bss_RAM = .)
                [!provide]                        PROVIDE (__start_bss_RamLoc = .)
 *(.bss*)
 .bss.sState    0x100001d8        0x1 ./src/mainndeft2t.o
 .bss.sButtonPressed
                0x100001d9        0x1 ./src/mainndeft2t.o
 .bss.sMsgAvailable
                0x100001da        0x1 ./src/mainndeft2t.o
 .bss.sIsOn.0   0x100001db        0x1 ./mods/ndeft2t/ndeft2t.o
 .bss.sTermTlvPage
                0x100001dc        0x4 ./mods/ndeft2t/ndeft2t.o
 .bss.sTermTlvOffset
                0x100001e0        0x4 ./mods/ndeft2t/ndeft2t.o
 .bss.stickyMEM_WRITE
                0x100001e4        0x4 D:\SchoolTasks\SCuMRobot\magNFC\release_mra2_12_6_nhs3152\sw\nss\lib_chip_nss\Debug\liblib_chip_nss.a(nfc_nss.o)
 .bss.errno     0x100001e8        0x4 D:/MCUXpressoIDE_11.10.0_3148/ide/plugins/com.nxp.mcuxpresso.tools.win32_11.10.0.202311280810/tools/bin/../lib/gcc/arm-none-eabi/13.2.1/../../../../arm-none-eabi/lib/thumb/v6-m/nofp\libcr_c.a(errno.o)
                0x100001e8                errno
 .bss.__end_of_heap
                0x100001ec        0x4 D:/MCUXpressoIDE_11.10.0_3148/ide/plugins/com.nxp.mcuxpresso.tools.win32_11.10.0.202311280810/tools/bin/../lib/gcc/arm-none-eabi/13.2.1/../../../../arm-none-eabi/lib/thumb/v6-m/nofp\libcr_c.a(__init_alloc.o)
                0x100001ec                __end_of_heap
 .bss.__heaps   0x100001f0        0x4 D:/MCUXpressoIDE_11.10.0_3148/ide/plugins/com.nxp.mcuxpresso.tools.win32_11.10.0.202311280810/tools/bin/../lib/gcc/arm-none-eabi/13.2.1/../../../../arm-none-eabi/lib/thumb/v6-m/nofp\libcr_c.a(__init_alloc.o)
                0x100001f0                __heaps
 .bss.__Ciob    0x100001f4      0x1e0 D:/MCUXpressoIDE_11.10.0_3148/ide/plugins/com.nxp.mcuxpresso.tools.win32_11.10.0.202311280810/tools/bin/../lib/gcc/arm-none-eabi/13.2.1/../../../../arm-none-eabi/lib/thumb/v6-m/nofp\libcr_semihost.a(__ciob.o)
                0x100001f4                __Ciob
 *(COMMON)
                0x100003d4                        . = ALIGN (0x4)
                0x100003d4                        _ebss = .
                [!provide]                        PROVIDE (__end_bss_RAM = .)
                [!provide]                        PROVIDE (__end_bss_RamLoc = .)
                [!provide]                        PROVIDE (end = .)

.noinit         0x100003d4       0x44
                0x100003d4                        _noinit = .
                [!provide]                        PROVIDE (__start_noinit_RAM = .)
                [!provide]                        PROVIDE (__start_noinit_RamLoc = .)
 *(.noinit*)
 .noinit        0x100003d4       0x44 D:\SchoolTasks\SCuMRobot\magNFC\release_mra2_12_6_nhs3152\sw\nss\lib_chip_nss\Debug\liblib_chip_nss.a(eeprom_nss.o)
                0x10000418                        . = ALIGN (0x4)
                0x10000418                        _end_noinit = .
                [!provide]                        PROVIDE (__end_noinit_RAM = .)
                [!provide]                        PROVIDE (__end_noinit_RamLoc = .)
                0x10000418                        PROVIDE (_pvHeapStart = DEFINED (__user_heap_base)?__user_heap_base:.)
                0x10001ff0                        PROVIDE (_vStackTop = DEFINED (__user_stack_top)?__user_stack_top:(__top_RamLoc - 0x0))
                0x00000000                        _image_start = LOADADDR (.text)
                0x00004538                        _image_end = (LOADADDR (.data) + SIZEOF (.data))
                0x00004538                        _image_size = (_image_end - _image_start)
OUTPUT(app_example_dp_ndeft2t.axf elf32-littlearm)
LOAD linker stubs

.debug_info     0x00000000    0x10246
 .debug_info    0x00000000       0x40 ./src/crp.o
 .debug_info    0x00000040      0xe73 ./src/mainndeft2t.o
 .debug_info    0x00000eb3     0x179a ./mods/ndeft2t/ndeft2t.o
 .debug_info    0x0000264d      0x8b6 D:\SchoolTasks\SCuMRobot\magNFC\release_mra2_12_6_nhs3152\sw\nss\lib_board_dp\Debug\liblib_board_dp.a(board.o)
 .debug_info    0x00002f03      0x694 D:\SchoolTasks\SCuMRobot\magNFC\release_mra2_12_6_nhs3152\sw\nss\lib_board_dp\Debug\liblib_board_dp.a(led.o)
 .debug_info    0x00003597      0xc5f D:\SchoolTasks\SCuMRobot\magNFC\release_mra2_12_6_nhs3152\sw\nss\lib_chip_nss\Debug\liblib_chip_nss.a(adcdac_nss.o)
 .debug_info    0x000041f6      0x8b0 D:\SchoolTasks\SCuMRobot\magNFC\release_mra2_12_6_nhs3152\sw\nss\lib_chip_nss\Debug\liblib_chip_nss.a(clock_nss.o)
 .debug_info    0x00004aa6      0x95e D:\SchoolTasks\SCuMRobot\magNFC\release_mra2_12_6_nhs3152\sw\nss\lib_chip_nss\Debug\liblib_chip_nss.a(eeprom_nss.o)
 .debug_info    0x00005404      0x8b3 D:\SchoolTasks\SCuMRobot\magNFC\release_mra2_12_6_nhs3152\sw\nss\lib_chip_nss\Debug\liblib_chip_nss.a(gpio_nss.o)
 .debug_info    0x00005cb7      0xedd D:\SchoolTasks\SCuMRobot\magNFC\release_mra2_12_6_nhs3152\sw\nss\lib_chip_nss\Debug\liblib_chip_nss.a(i2d_nss.o)
 .debug_info    0x00006b94      0x52e D:\SchoolTasks\SCuMRobot\magNFC\release_mra2_12_6_nhs3152\sw\nss\lib_chip_nss\Debug\liblib_chip_nss.a(iocon_nss.o)
 .debug_info    0x000070c2      0x638 D:\SchoolTasks\SCuMRobot\magNFC\release_mra2_12_6_nhs3152\sw\nss\lib_chip_nss\Debug\liblib_chip_nss.a(nfc_nss.o)
 .debug_info    0x000076fa      0x956 D:\SchoolTasks\SCuMRobot\magNFC\release_mra2_12_6_nhs3152\sw\nss\lib_chip_nss\Debug\liblib_chip_nss.a(rtc_nss.o)
 .debug_info    0x00008050      0x677 D:\SchoolTasks\SCuMRobot\magNFC\release_mra2_12_6_nhs3152\sw\nss\lib_chip_nss\Debug\liblib_chip_nss.a(syscon_nss.o)
 .debug_info    0x000086c7      0x3bc D:\SchoolTasks\SCuMRobot\magNFC\release_mra2_12_6_nhs3152\sw\nss\lib_chip_nss\Debug\liblib_chip_nss.a(startup.o)
 .debug_info    0x00008a83       0x85 D:/MCUXpressoIDE_11.10.0_3148/ide/plugins/com.nxp.mcuxpresso.tools.win32_11.10.0.202311280810/tools/bin/../lib/gcc/arm-none-eabi/13.2.1/../../../../arm-none-eabi/lib/thumb/v6-m/nofp\libcr_semihost.a(_cr__main.o)
 .debug_info    0x00008b08      0x12b D:/MCUXpressoIDE_11.10.0_3148/ide/plugins/com.nxp.mcuxpresso.tools.win32_11.10.0.202311280810/tools/bin/../lib/gcc/arm-none-eabi/13.2.1/../../../../arm-none-eabi/lib/thumb/v6-m/nofp\libcr_c.a(memcpy.o)
 .debug_info    0x00008c33      0x12b D:/MCUXpressoIDE_11.10.0_3148/ide/plugins/com.nxp.mcuxpresso.tools.win32_11.10.0.202311280810/tools/bin/../lib/gcc/arm-none-eabi/13.2.1/../../../../arm-none-eabi/lib/thumb/v6-m/nofp\libcr_c.a(memmove.o)
 .debug_info    0x00008d5e       0xfc D:/MCUXpressoIDE_11.10.0_3148/ide/plugins/com.nxp.mcuxpresso.tools.win32_11.10.0.202311280810/tools/bin/../lib/gcc/arm-none-eabi/13.2.1/../../../../arm-none-eabi/lib/thumb/v6-m/nofp\libcr_c.a(memset.o)
 .debug_info    0x00008e5a     0x158a D:/MCUXpressoIDE_11.10.0_3148/ide/plugins/com.nxp.mcuxpresso.tools.win32_11.10.0.202311280810/tools/bin/../lib/gcc/arm-none-eabi/13.2.1/../../../../arm-none-eabi/lib/thumb/v6-m/nofp\libcr_c.a(fpprintf.o)
 .debug_info    0x0000a3e4      0x353 D:/MCUXpressoIDE_11.10.0_3148/ide/plugins/com.nxp.mcuxpresso.tools.win32_11.10.0.202311280810/tools/bin/../lib/gcc/arm-none-eabi/13.2.1/../../../../arm-none-eabi/lib/thumb/v6-m/nofp\libcr_c.a(initio.o)
 .debug_info    0x0000a737     0x12cc D:/MCUXpressoIDE_11.10.0_3148/ide/plugins/com.nxp.mcuxpresso.tools.win32_11.10.0.202311280810/tools/bin/../lib/gcc/arm-none-eabi/13.2.1/../../../../arm-none-eabi/lib/thumb/v6-m/nofp\libcr_c.a(printf.o)
 .debug_info    0x0000ba03      0x1fd D:/MCUXpressoIDE_11.10.0_3148/ide/plugins/com.nxp.mcuxpresso.tools.win32_11.10.0.202311280810/tools/bin/../lib/gcc/arm-none-eabi/13.2.1/../../../../arm-none-eabi/lib/thumb/v6-m/nofp\libcr_c.a(setvbuf.o)
 .debug_info    0x0000bc00       0xdd D:/MCUXpressoIDE_11.10.0_3148/ide/plugins/com.nxp.mcuxpresso.tools.win32_11.10.0.202311280810/tools/bin/../lib/gcc/arm-none-eabi/13.2.1/../../../../arm-none-eabi/lib/thumb/v6-m/nofp\libcr_c.a(strlen.o)
 .debug_info    0x0000bcdd      0x364 D:/MCUXpressoIDE_11.10.0_3148/ide/plugins/com.nxp.mcuxpresso.tools.win32_11.10.0.202311280810/tools/bin/../lib/gcc/arm-none-eabi/13.2.1/../../../../arm-none-eabi/lib/thumb/v6-m/nofp\libcr_c.a(_deferredlazyseek.o)
 .debug_info    0x0000c041      0x24b D:/MCUXpressoIDE_11.10.0_3148/ide/plugins/com.nxp.mcuxpresso.tools.win32_11.10.0.202311280810/tools/bin/../lib/gcc/arm-none-eabi/13.2.1/../../../../arm-none-eabi/lib/thumb/v6-m/nofp\libcr_c.a(_fdopen.o)
 .debug_info    0x0000c28c      0x1ea D:/MCUXpressoIDE_11.10.0_3148/ide/plugins/com.nxp.mcuxpresso.tools.win32_11.10.0.202311280810/tools/bin/../lib/gcc/arm-none-eabi/13.2.1/../../../../arm-none-eabi/lib/thumb/v6-m/nofp\libcr_c.a(_fflush.o)
 .debug_info    0x0000c476      0x15e D:/MCUXpressoIDE_11.10.0_3148/ide/plugins/com.nxp.mcuxpresso.tools.win32_11.10.0.202311280810/tools/bin/../lib/gcc/arm-none-eabi/13.2.1/../../../../arm-none-eabi/lib/thumb/v6-m/nofp\libcr_c.a(_frexpl.o)
 .debug_info    0x0000c5d4      0x14d D:/MCUXpressoIDE_11.10.0_3148/ide/plugins/com.nxp.mcuxpresso.tools.win32_11.10.0.202311280810/tools/bin/../lib/gcc/arm-none-eabi/13.2.1/../../../../arm-none-eabi/lib/thumb/v6-m/nofp\libcr_c.a(_ldexpl.o)
 .debug_info    0x0000c721      0x28a D:/MCUXpressoIDE_11.10.0_3148/ide/plugins/com.nxp.mcuxpresso.tools.win32_11.10.0.202311280810/tools/bin/../lib/gcc/arm-none-eabi/13.2.1/../../../../arm-none-eabi/lib/thumb/v6-m/nofp\libcr_c.a(_writebuf.o)
 .debug_info    0x0000c9ab      0x526 D:/MCUXpressoIDE_11.10.0_3148/ide/plugins/com.nxp.mcuxpresso.tools.win32_11.10.0.202311280810/tools/bin/../lib/gcc/arm-none-eabi/13.2.1/../../../../arm-none-eabi/lib/thumb/v6-m/nofp\libcr_c.a(alloc.o)
 .debug_info    0x0000ced1       0x44 D:/MCUXpressoIDE_11.10.0_3148/ide/plugins/com.nxp.mcuxpresso.tools.win32_11.10.0.202311280810/tools/bin/../lib/gcc/arm-none-eabi/13.2.1/../../../../arm-none-eabi/lib/thumb/v6-m/nofp\libcr_c.a(errno.o)
 .debug_info    0x0000cf15      0x325 D:/MCUXpressoIDE_11.10.0_3148/ide/plugins/com.nxp.mcuxpresso.tools.win32_11.10.0.202311280810/tools/bin/../lib/gcc/arm-none-eabi/13.2.1/../../../../arm-none-eabi/lib/thumb/v6-m/nofp\libcr_c.a(fclose.o)
 .debug_info    0x0000d23a      0x210 D:/MCUXpressoIDE_11.10.0_3148/ide/plugins/com.nxp.mcuxpresso.tools.win32_11.10.0.202311280810/tools/bin/../lib/gcc/arm-none-eabi/13.2.1/../../../../arm-none-eabi/lib/thumb/v6-m/nofp\libcr_c.a(fflush.o)
 .debug_info    0x0000d44a      0x27f D:/MCUXpressoIDE_11.10.0_3148/ide/plugins/com.nxp.mcuxpresso.tools.win32_11.10.0.202311280810/tools/bin/../lib/gcc/arm-none-eabi/13.2.1/../../../../arm-none-eabi/lib/thumb/v6-m/nofp\libcr_c.a(fseek.o)
 .debug_info    0x0000d6c9      0x197 D:/MCUXpressoIDE_11.10.0_3148/ide/plugins/com.nxp.mcuxpresso.tools.win32_11.10.0.202311280810/tools/bin/../lib/gcc/arm-none-eabi/13.2.1/../../../../arm-none-eabi/lib/thumb/v6-m/nofp\libcr_c.a(ftell.o)
 .debug_info    0x0000d860      0x1d0 D:/MCUXpressoIDE_11.10.0_3148/ide/plugins/com.nxp.mcuxpresso.tools.win32_11.10.0.202311280810/tools/bin/../lib/gcc/arm-none-eabi/13.2.1/../../../../arm-none-eabi/lib/thumb/v6-m/nofp\libcr_c.a(remove.o)
 .debug_info    0x0000da30       0xd4 D:/MCUXpressoIDE_11.10.0_3148/ide/plugins/com.nxp.mcuxpresso.tools.win32_11.10.0.202311280810/tools/bin/../lib/gcc/arm-none-eabi/13.2.1/../../../../arm-none-eabi/lib/thumb/v6-m/nofp\libcr_c.a(__init_alloc.o)
 .debug_info    0x0000db04      0x107 D:/MCUXpressoIDE_11.10.0_3148/ide/plugins/com.nxp.mcuxpresso.tools.win32_11.10.0.202311280810/tools/bin/../lib/gcc/arm-none-eabi/13.2.1/../../../../arm-none-eabi/lib/thumb/v6-m/nofp\libcr_c.a(_cr_sbrk.o)
 .debug_info    0x0000dc0b      0x241 D:/MCUXpressoIDE_11.10.0_3148/ide/plugins/com.nxp.mcuxpresso.tools.win32_11.10.0.202311280810/tools/bin/../lib/gcc/arm-none-eabi/13.2.1/../../../../arm-none-eabi/lib/thumb/v6-m/nofp\libcr_c.a(_do_fflush.o)
 .debug_info    0x0000de4c       0x71 D:/MCUXpressoIDE_11.10.0_3148/ide/plugins/com.nxp.mcuxpresso.tools.win32_11.10.0.202311280810/tools/bin/../lib/gcc/arm-none-eabi/13.2.1/../../../../arm-none-eabi/lib/thumb/v6-m/nofp\libcr_c.a(_cr_check_heap.o)
 .debug_info    0x0000debd     0x21fe D:/MCUXpressoIDE_11.10.0_3148/ide/plugins/com.nxp.mcuxpresso.tools.win32_11.10.0.202311280810/tools/bin/../lib/gcc/arm-none-eabi/13.2.1/thumb/v6-m/nofp\libcr_eabihelpers.a(double.o)
 .debug_info    0x000100bb      0x18b D:/MCUXpressoIDE_11.10.0_3148/ide/plugins/com.nxp.mcuxpresso.tools.win32_11.10.0.202311280810/tools/bin/../lib/gcc/arm-none-eabi/13.2.1/../../../../arm-none-eabi/lib/thumb/v6-m/nofp\libcr_semihost.a(__ciob.o)

.debug_abbrev   0x00000000     0x40c8
 .debug_abbrev  0x00000000       0x38 ./src/crp.o
 .debug_abbrev  0x00000038      0x311 ./src/mainndeft2t.o
 .debug_abbrev  0x00000349      0x3c4 ./mods/ndeft2t/ndeft2t.o
 .debug_abbrev  0x0000070d      0x18e D:\SchoolTasks\SCuMRobot\magNFC\release_mra2_12_6_nhs3152\sw\nss\lib_board_dp\Debug\liblib_board_dp.a(board.o)
 .debug_abbrev  0x0000089b      0x26b D:\SchoolTasks\SCuMRobot\magNFC\release_mra2_12_6_nhs3152\sw\nss\lib_board_dp\Debug\liblib_board_dp.a(led.o)
 .debug_abbrev  0x00000b06      0x1be D:\SchoolTasks\SCuMRobot\magNFC\release_mra2_12_6_nhs3152\sw\nss\lib_chip_nss\Debug\liblib_chip_nss.a(adcdac_nss.o)
 .debug_abbrev  0x00000cc4      0x1eb D:\SchoolTasks\SCuMRobot\magNFC\release_mra2_12_6_nhs3152\sw\nss\lib_chip_nss\Debug\liblib_chip_nss.a(clock_nss.o)
 .debug_abbrev  0x00000eaf      0x259 D:\SchoolTasks\SCuMRobot\magNFC\release_mra2_12_6_nhs3152\sw\nss\lib_chip_nss\Debug\liblib_chip_nss.a(eeprom_nss.o)
 .debug_abbrev  0x00001108      0x213 D:\SchoolTasks\SCuMRobot\magNFC\release_mra2_12_6_nhs3152\sw\nss\lib_chip_nss\Debug\liblib_chip_nss.a(gpio_nss.o)
 .debug_abbrev  0x0000131b      0x24b D:\SchoolTasks\SCuMRobot\magNFC\release_mra2_12_6_nhs3152\sw\nss\lib_chip_nss\Debug\liblib_chip_nss.a(i2d_nss.o)
 .debug_abbrev  0x00001566      0x18c D:\SchoolTasks\SCuMRobot\magNFC\release_mra2_12_6_nhs3152\sw\nss\lib_chip_nss\Debug\liblib_chip_nss.a(iocon_nss.o)
 .debug_abbrev  0x000016f2      0x1c3 D:\SchoolTasks\SCuMRobot\magNFC\release_mra2_12_6_nhs3152\sw\nss\lib_chip_nss\Debug\liblib_chip_nss.a(nfc_nss.o)
 .debug_abbrev  0x000018b5      0x198 D:\SchoolTasks\SCuMRobot\magNFC\release_mra2_12_6_nhs3152\sw\nss\lib_chip_nss\Debug\liblib_chip_nss.a(rtc_nss.o)
 .debug_abbrev  0x00001a4d      0x179 D:\SchoolTasks\SCuMRobot\magNFC\release_mra2_12_6_nhs3152\sw\nss\lib_chip_nss\Debug\liblib_chip_nss.a(syscon_nss.o)
 .debug_abbrev  0x00001bc6      0x1a1 D:\SchoolTasks\SCuMRobot\magNFC\release_mra2_12_6_nhs3152\sw\nss\lib_chip_nss\Debug\liblib_chip_nss.a(startup.o)
 .debug_abbrev  0x00001d67       0x62 D:/MCUXpressoIDE_11.10.0_3148/ide/plugins/com.nxp.mcuxpresso.tools.win32_11.10.0.202311280810/tools/bin/../lib/gcc/arm-none-eabi/13.2.1/../../../../arm-none-eabi/lib/thumb/v6-m/nofp\libcr_semihost.a(_cr__main.o)
 .debug_abbrev  0x00001dc9       0xb3 D:/MCUXpressoIDE_11.10.0_3148/ide/plugins/com.nxp.mcuxpresso.tools.win32_11.10.0.202311280810/tools/bin/../lib/gcc/arm-none-eabi/13.2.1/../../../../arm-none-eabi/lib/thumb/v6-m/nofp\libcr_c.a(memcpy.o)
 .debug_abbrev  0x00001e7c       0xb3 D:/MCUXpressoIDE_11.10.0_3148/ide/plugins/com.nxp.mcuxpresso.tools.win32_11.10.0.202311280810/tools/bin/../lib/gcc/arm-none-eabi/13.2.1/../../../../arm-none-eabi/lib/thumb/v6-m/nofp\libcr_c.a(memmove.o)
 .debug_abbrev  0x00001f2f       0xa5 D:/MCUXpressoIDE_11.10.0_3148/ide/plugins/com.nxp.mcuxpresso.tools.win32_11.10.0.202311280810/tools/bin/../lib/gcc/arm-none-eabi/13.2.1/../../../../arm-none-eabi/lib/thumb/v6-m/nofp\libcr_c.a(memset.o)
 .debug_abbrev  0x00001fd4      0x479 D:/MCUXpressoIDE_11.10.0_3148/ide/plugins/com.nxp.mcuxpresso.tools.win32_11.10.0.202311280810/tools/bin/../lib/gcc/arm-none-eabi/13.2.1/../../../../arm-none-eabi/lib/thumb/v6-m/nofp\libcr_c.a(fpprintf.o)
 .debug_abbrev  0x0000244d      0x14b D:/MCUXpressoIDE_11.10.0_3148/ide/plugins/com.nxp.mcuxpresso.tools.win32_11.10.0.202311280810/tools/bin/../lib/gcc/arm-none-eabi/13.2.1/../../../../arm-none-eabi/lib/thumb/v6-m/nofp\libcr_c.a(initio.o)
 .debug_abbrev  0x00002598      0x3af D:/MCUXpressoIDE_11.10.0_3148/ide/plugins/com.nxp.mcuxpresso.tools.win32_11.10.0.202311280810/tools/bin/../lib/gcc/arm-none-eabi/13.2.1/../../../../arm-none-eabi/lib/thumb/v6-m/nofp\libcr_c.a(printf.o)
 .debug_abbrev  0x00002947       0xe1 D:/MCUXpressoIDE_11.10.0_3148/ide/plugins/com.nxp.mcuxpresso.tools.win32_11.10.0.202311280810/tools/bin/../lib/gcc/arm-none-eabi/13.2.1/../../../../arm-none-eabi/lib/thumb/v6-m/nofp\libcr_c.a(setvbuf.o)
 .debug_abbrev  0x00002a28       0xa5 D:/MCUXpressoIDE_11.10.0_3148/ide/plugins/com.nxp.mcuxpresso.tools.win32_11.10.0.202311280810/tools/bin/../lib/gcc/arm-none-eabi/13.2.1/../../../../arm-none-eabi/lib/thumb/v6-m/nofp\libcr_c.a(strlen.o)
 .debug_abbrev  0x00002acd      0x147 D:/MCUXpressoIDE_11.10.0_3148/ide/plugins/com.nxp.mcuxpresso.tools.win32_11.10.0.202311280810/tools/bin/../lib/gcc/arm-none-eabi/13.2.1/../../../../arm-none-eabi/lib/thumb/v6-m/nofp\libcr_c.a(_deferredlazyseek.o)
 .debug_abbrev  0x00002c14      0x119 D:/MCUXpressoIDE_11.10.0_3148/ide/plugins/com.nxp.mcuxpresso.tools.win32_11.10.0.202311280810/tools/bin/../lib/gcc/arm-none-eabi/13.2.1/../../../../arm-none-eabi/lib/thumb/v6-m/nofp\libcr_c.a(_fdopen.o)
 .debug_abbrev  0x00002d2d       0xf1 D:/MCUXpressoIDE_11.10.0_3148/ide/plugins/com.nxp.mcuxpresso.tools.win32_11.10.0.202311280810/tools/bin/../lib/gcc/arm-none-eabi/13.2.1/../../../../arm-none-eabi/lib/thumb/v6-m/nofp\libcr_c.a(_fflush.o)
 .debug_abbrev  0x00002e1e      0x123 D:/MCUXpressoIDE_11.10.0_3148/ide/plugins/com.nxp.mcuxpresso.tools.win32_11.10.0.202311280810/tools/bin/../lib/gcc/arm-none-eabi/13.2.1/../../../../arm-none-eabi/lib/thumb/v6-m/nofp\libcr_c.a(_frexpl.o)
 .debug_abbrev  0x00002f41      0x115 D:/MCUXpressoIDE_11.10.0_3148/ide/plugins/com.nxp.mcuxpresso.tools.win32_11.10.0.202311280810/tools/bin/../lib/gcc/arm-none-eabi/13.2.1/../../../../arm-none-eabi/lib/thumb/v6-m/nofp\libcr_c.a(_ldexpl.o)
 .debug_abbrev  0x00003056      0x126 D:/MCUXpressoIDE_11.10.0_3148/ide/plugins/com.nxp.mcuxpresso.tools.win32_11.10.0.202311280810/tools/bin/../lib/gcc/arm-none-eabi/13.2.1/../../../../arm-none-eabi/lib/thumb/v6-m/nofp\libcr_c.a(_writebuf.o)
 .debug_abbrev  0x0000317c      0x27b D:/MCUXpressoIDE_11.10.0_3148/ide/plugins/com.nxp.mcuxpresso.tools.win32_11.10.0.202311280810/tools/bin/../lib/gcc/arm-none-eabi/13.2.1/../../../../arm-none-eabi/lib/thumb/v6-m/nofp\libcr_c.a(alloc.o)
 .debug_abbrev  0x000033f7       0x44 D:/MCUXpressoIDE_11.10.0_3148/ide/plugins/com.nxp.mcuxpresso.tools.win32_11.10.0.202311280810/tools/bin/../lib/gcc/arm-none-eabi/13.2.1/../../../../arm-none-eabi/lib/thumb/v6-m/nofp\libcr_c.a(errno.o)
 .debug_abbrev  0x0000343b      0x158 D:/MCUXpressoIDE_11.10.0_3148/ide/plugins/com.nxp.mcuxpresso.tools.win32_11.10.0.202311280810/tools/bin/../lib/gcc/arm-none-eabi/13.2.1/../../../../arm-none-eabi/lib/thumb/v6-m/nofp\libcr_c.a(fclose.o)
 .debug_abbrev  0x00003593      0x122 D:/MCUXpressoIDE_11.10.0_3148/ide/plugins/com.nxp.mcuxpresso.tools.win32_11.10.0.202311280810/tools/bin/../lib/gcc/arm-none-eabi/13.2.1/../../../../arm-none-eabi/lib/thumb/v6-m/nofp\libcr_c.a(fflush.o)
 .debug_abbrev  0x000036b5      0x11b D:/MCUXpressoIDE_11.10.0_3148/ide/plugins/com.nxp.mcuxpresso.tools.win32_11.10.0.202311280810/tools/bin/../lib/gcc/arm-none-eabi/13.2.1/../../../../arm-none-eabi/lib/thumb/v6-m/nofp\libcr_c.a(fseek.o)
 .debug_abbrev  0x000037d0       0xc2 D:/MCUXpressoIDE_11.10.0_3148/ide/plugins/com.nxp.mcuxpresso.tools.win32_11.10.0.202311280810/tools/bin/../lib/gcc/arm-none-eabi/13.2.1/../../../../arm-none-eabi/lib/thumb/v6-m/nofp\libcr_c.a(ftell.o)
 .debug_abbrev  0x00003892       0xed D:/MCUXpressoIDE_11.10.0_3148/ide/plugins/com.nxp.mcuxpresso.tools.win32_11.10.0.202311280810/tools/bin/../lib/gcc/arm-none-eabi/13.2.1/../../../../arm-none-eabi/lib/thumb/v6-m/nofp\libcr_c.a(remove.o)
 .debug_abbrev  0x0000397f       0xaf D:/MCUXpressoIDE_11.10.0_3148/ide/plugins/com.nxp.mcuxpresso.tools.win32_11.10.0.202311280810/tools/bin/../lib/gcc/arm-none-eabi/13.2.1/../../../../arm-none-eabi/lib/thumb/v6-m/nofp\libcr_c.a(__init_alloc.o)
 .debug_abbrev  0x00003a2e       0xd3 D:/MCUXpressoIDE_11.10.0_3148/ide/plugins/com.nxp.mcuxpresso.tools.win32_11.10.0.202311280810/tools/bin/../lib/gcc/arm-none-eabi/13.2.1/../../../../arm-none-eabi/lib/thumb/v6-m/nofp\libcr_c.a(_cr_sbrk.o)
 .debug_abbrev  0x00003b01      0x12c D:/MCUXpressoIDE_11.10.0_3148/ide/plugins/com.nxp.mcuxpresso.tools.win32_11.10.0.202311280810/tools/bin/../lib/gcc/arm-none-eabi/13.2.1/../../../../arm-none-eabi/lib/thumb/v6-m/nofp\libcr_c.a(_do_fflush.o)
 .debug_abbrev  0x00003c2d       0x6b D:/MCUXpressoIDE_11.10.0_3148/ide/plugins/com.nxp.mcuxpresso.tools.win32_11.10.0.202311280810/tools/bin/../lib/gcc/arm-none-eabi/13.2.1/../../../../arm-none-eabi/lib/thumb/v6-m/nofp\libcr_c.a(_cr_check_heap.o)
 .debug_abbrev  0x00003c98      0x37b D:/MCUXpressoIDE_11.10.0_3148/ide/plugins/com.nxp.mcuxpresso.tools.win32_11.10.0.202311280810/tools/bin/../lib/gcc/arm-none-eabi/13.2.1/thumb/v6-m/nofp\libcr_eabihelpers.a(double.o)
 .debug_abbrev  0x00004013       0xb5 D:/MCUXpressoIDE_11.10.0_3148/ide/plugins/com.nxp.mcuxpresso.tools.win32_11.10.0.202311280810/tools/bin/../lib/gcc/arm-none-eabi/13.2.1/../../../../arm-none-eabi/lib/thumb/v6-m/nofp\libcr_semihost.a(__ciob.o)

.debug_aranges  0x00000000      0xc70
 .debug_aranges
                0x00000000       0x18 ./src/crp.o
 .debug_aranges
                0x00000018       0x58 ./src/mainndeft2t.o
 .debug_aranges
                0x00000070       0xd8 ./mods/ndeft2t/ndeft2t.o
 .debug_aranges
                0x00000148       0x20 D:\SchoolTasks\SCuMRobot\magNFC\release_mra2_12_6_nhs3152\sw\nss\lib_board_dp\Debug\liblib_board_dp.a(board.o)
 .debug_aranges
                0x00000168       0x48 D:\SchoolTasks\SCuMRobot\magNFC\release_mra2_12_6_nhs3152\sw\nss\lib_board_dp\Debug\liblib_board_dp.a(led.o)
 .debug_aranges
                0x000001b0       0xf8 D:\SchoolTasks\SCuMRobot\magNFC\release_mra2_12_6_nhs3152\sw\nss\lib_chip_nss\Debug\liblib_chip_nss.a(adcdac_nss.o)
 .debug_aranges
                0x000002a8       0xc8 D:\SchoolTasks\SCuMRobot\magNFC\release_mra2_12_6_nhs3152\sw\nss\lib_chip_nss\Debug\liblib_chip_nss.a(clock_nss.o)
 .debug_aranges
                0x00000370       0x58 D:\SchoolTasks\SCuMRobot\magNFC\release_mra2_12_6_nhs3152\sw\nss\lib_chip_nss\Debug\liblib_chip_nss.a(eeprom_nss.o)
 .debug_aranges
                0x000003c8       0x40 D:\SchoolTasks\SCuMRobot\magNFC\release_mra2_12_6_nhs3152\sw\nss\lib_chip_nss\Debug\liblib_chip_nss.a(gpio_nss.o)
 .debug_aranges
                0x00000408      0x108 D:\SchoolTasks\SCuMRobot\magNFC\release_mra2_12_6_nhs3152\sw\nss\lib_chip_nss\Debug\liblib_chip_nss.a(i2d_nss.o)
 .debug_aranges
                0x00000510       0x58 D:\SchoolTasks\SCuMRobot\magNFC\release_mra2_12_6_nhs3152\sw\nss\lib_chip_nss\Debug\liblib_chip_nss.a(iocon_nss.o)
 .debug_aranges
                0x00000568       0x78 D:\SchoolTasks\SCuMRobot\magNFC\release_mra2_12_6_nhs3152\sw\nss\lib_chip_nss\Debug\liblib_chip_nss.a(nfc_nss.o)
 .debug_aranges
                0x000005e0       0x98 D:\SchoolTasks\SCuMRobot\magNFC\release_mra2_12_6_nhs3152\sw\nss\lib_chip_nss\Debug\liblib_chip_nss.a(rtc_nss.o)
 .debug_aranges
                0x00000678       0xa0 D:\SchoolTasks\SCuMRobot\magNFC\release_mra2_12_6_nhs3152\sw\nss\lib_chip_nss\Debug\liblib_chip_nss.a(syscon_nss.o)
 .debug_aranges
                0x00000718       0x48 D:\SchoolTasks\SCuMRobot\magNFC\release_mra2_12_6_nhs3152\sw\nss\lib_chip_nss\Debug\liblib_chip_nss.a(startup.o)
 .debug_aranges
                0x00000760       0x20 D:/MCUXpressoIDE_11.10.0_3148/ide/plugins/com.nxp.mcuxpresso.tools.win32_11.10.0.202311280810/tools/bin/../lib/gcc/arm-none-eabi/13.2.1/../../../../arm-none-eabi/lib/thumb/v6-m/nofp\libcr_semihost.a(_cr__main.o)
 .debug_aranges
                0x00000780       0x20 D:/MCUXpressoIDE_11.10.0_3148/ide/plugins/com.nxp.mcuxpresso.tools.win32_11.10.0.202311280810/tools/bin/../lib/gcc/arm-none-eabi/13.2.1/../../../../arm-none-eabi/lib/thumb/v6-m/nofp\libcr_c.a(memcpy.o)
 .debug_aranges
                0x000007a0       0x20 D:/MCUXpressoIDE_11.10.0_3148/ide/plugins/com.nxp.mcuxpresso.tools.win32_11.10.0.202311280810/tools/bin/../lib/gcc/arm-none-eabi/13.2.1/../../../../arm-none-eabi/lib/thumb/v6-m/nofp\libcr_c.a(memmove.o)
 .debug_aranges
                0x000007c0       0x20 D:/MCUXpressoIDE_11.10.0_3148/ide/plugins/com.nxp.mcuxpresso.tools.win32_11.10.0.202311280810/tools/bin/../lib/gcc/arm-none-eabi/13.2.1/../../../../arm-none-eabi/lib/thumb/v6-m/nofp\libcr_c.a(memset.o)
 .debug_aranges
                0x000007e0       0x78 D:/MCUXpressoIDE_11.10.0_3148/ide/plugins/com.nxp.mcuxpresso.tools.win32_11.10.0.202311280810/tools/bin/../lib/gcc/arm-none-eabi/13.2.1/../../../../arm-none-eabi/lib/thumb/v6-m/nofp\libcr_c.a(fpprintf.o)
 .debug_aranges
                0x00000858       0x28 D:/MCUXpressoIDE_11.10.0_3148/ide/plugins/com.nxp.mcuxpresso.tools.win32_11.10.0.202311280810/tools/bin/../lib/gcc/arm-none-eabi/13.2.1/../../../../arm-none-eabi/lib/thumb/v6-m/nofp\libcr_c.a(initio.o)
 .debug_aranges
                0x00000880       0x70 D:/MCUXpressoIDE_11.10.0_3148/ide/plugins/com.nxp.mcuxpresso.tools.win32_11.10.0.202311280810/tools/bin/../lib/gcc/arm-none-eabi/13.2.1/../../../../arm-none-eabi/lib/thumb/v6-m/nofp\libcr_c.a(printf.o)
 .debug_aranges
                0x000008f0       0x20 D:/MCUXpressoIDE_11.10.0_3148/ide/plugins/com.nxp.mcuxpresso.tools.win32_11.10.0.202311280810/tools/bin/../lib/gcc/arm-none-eabi/13.2.1/../../../../arm-none-eabi/lib/thumb/v6-m/nofp\libcr_c.a(setvbuf.o)
 .debug_aranges
                0x00000910       0x20 D:/MCUXpressoIDE_11.10.0_3148/ide/plugins/com.nxp.mcuxpresso.tools.win32_11.10.0.202311280810/tools/bin/../lib/gcc/arm-none-eabi/13.2.1/../../../../arm-none-eabi/lib/thumb/v6-m/nofp\libcr_c.a(strlen.o)
 .debug_aranges
                0x00000930       0x28 D:/MCUXpressoIDE_11.10.0_3148/ide/plugins/com.nxp.mcuxpresso.tools.win32_11.10.0.202311280810/tools/bin/../lib/gcc/arm-none-eabi/13.2.1/../../../../arm-none-eabi/lib/thumb/v6-m/nofp\libcr_c.a(_deferredlazyseek.o)
 .debug_aranges
                0x00000958       0x20 D:/MCUXpressoIDE_11.10.0_3148/ide/plugins/com.nxp.mcuxpresso.tools.win32_11.10.0.202311280810/tools/bin/../lib/gcc/arm-none-eabi/13.2.1/../../../../arm-none-eabi/lib/thumb/v6-m/nofp\libcr_c.a(_fdopen.o)
 .debug_aranges
                0x00000978       0x20 D:/MCUXpressoIDE_11.10.0_3148/ide/plugins/com.nxp.mcuxpresso.tools.win32_11.10.0.202311280810/tools/bin/../lib/gcc/arm-none-eabi/13.2.1/../../../../arm-none-eabi/lib/thumb/v6-m/nofp\libcr_c.a(_fflush.o)
 .debug_aranges
                0x00000998       0x20 D:/MCUXpressoIDE_11.10.0_3148/ide/plugins/com.nxp.mcuxpresso.tools.win32_11.10.0.202311280810/tools/bin/../lib/gcc/arm-none-eabi/13.2.1/../../../../arm-none-eabi/lib/thumb/v6-m/nofp\libcr_c.a(_frexpl.o)
 .debug_aranges
                0x000009b8       0x20 D:/MCUXpressoIDE_11.10.0_3148/ide/plugins/com.nxp.mcuxpresso.tools.win32_11.10.0.202311280810/tools/bin/../lib/gcc/arm-none-eabi/13.2.1/../../../../arm-none-eabi/lib/thumb/v6-m/nofp\libcr_c.a(_ldexpl.o)
 .debug_aranges
                0x000009d8       0x20 D:/MCUXpressoIDE_11.10.0_3148/ide/plugins/com.nxp.mcuxpresso.tools.win32_11.10.0.202311280810/tools/bin/../lib/gcc/arm-none-eabi/13.2.1/../../../../arm-none-eabi/lib/thumb/v6-m/nofp\libcr_c.a(_writebuf.o)
 .debug_aranges
                0x000009f8       0x40 D:/MCUXpressoIDE_11.10.0_3148/ide/plugins/com.nxp.mcuxpresso.tools.win32_11.10.0.202311280810/tools/bin/../lib/gcc/arm-none-eabi/13.2.1/../../../../arm-none-eabi/lib/thumb/v6-m/nofp\libcr_c.a(alloc.o)
 .debug_aranges
                0x00000a38       0x18 D:/MCUXpressoIDE_11.10.0_3148/ide/plugins/com.nxp.mcuxpresso.tools.win32_11.10.0.202311280810/tools/bin/../lib/gcc/arm-none-eabi/13.2.1/../../../../arm-none-eabi/lib/thumb/v6-m/nofp\libcr_c.a(errno.o)
 .debug_aranges
                0x00000a50       0x20 D:/MCUXpressoIDE_11.10.0_3148/ide/plugins/com.nxp.mcuxpresso.tools.win32_11.10.0.202311280810/tools/bin/../lib/gcc/arm-none-eabi/13.2.1/../../../../arm-none-eabi/lib/thumb/v6-m/nofp\libcr_c.a(fclose.o)
 .debug_aranges
                0x00000a70       0x20 D:/MCUXpressoIDE_11.10.0_3148/ide/plugins/com.nxp.mcuxpresso.tools.win32_11.10.0.202311280810/tools/bin/../lib/gcc/arm-none-eabi/13.2.1/../../../../arm-none-eabi/lib/thumb/v6-m/nofp\libcr_c.a(fflush.o)
 .debug_aranges
                0x00000a90       0x20 D:/MCUXpressoIDE_11.10.0_3148/ide/plugins/com.nxp.mcuxpresso.tools.win32_11.10.0.202311280810/tools/bin/../lib/gcc/arm-none-eabi/13.2.1/../../../../arm-none-eabi/lib/thumb/v6-m/nofp\libcr_c.a(fseek.o)
 .debug_aranges
                0x00000ab0       0x20 D:/MCUXpressoIDE_11.10.0_3148/ide/plugins/com.nxp.mcuxpresso.tools.win32_11.10.0.202311280810/tools/bin/../lib/gcc/arm-none-eabi/13.2.1/../../../../arm-none-eabi/lib/thumb/v6-m/nofp\libcr_c.a(ftell.o)
 .debug_aranges
                0x00000ad0       0x28 D:/MCUXpressoIDE_11.10.0_3148/ide/plugins/com.nxp.mcuxpresso.tools.win32_11.10.0.202311280810/tools/bin/../lib/gcc/arm-none-eabi/13.2.1/../../../../arm-none-eabi/lib/thumb/v6-m/nofp\libcr_c.a(remove.o)
 .debug_aranges
                0x00000af8       0x20 D:/MCUXpressoIDE_11.10.0_3148/ide/plugins/com.nxp.mcuxpresso.tools.win32_11.10.0.202311280810/tools/bin/../lib/gcc/arm-none-eabi/13.2.1/../../../../arm-none-eabi/lib/thumb/v6-m/nofp\libcr_c.a(__init_alloc.o)
 .debug_aranges
                0x00000b18       0x20 D:/MCUXpressoIDE_11.10.0_3148/ide/plugins/com.nxp.mcuxpresso.tools.win32_11.10.0.202311280810/tools/bin/../lib/gcc/arm-none-eabi/13.2.1/../../../../arm-none-eabi/lib/thumb/v6-m/nofp\libcr_c.a(_cr_sbrk.o)
 .debug_aranges
                0x00000b38       0x20 D:/MCUXpressoIDE_11.10.0_3148/ide/plugins/com.nxp.mcuxpresso.tools.win32_11.10.0.202311280810/tools/bin/../lib/gcc/arm-none-eabi/13.2.1/../../../../arm-none-eabi/lib/thumb/v6-m/nofp\libcr_c.a(_do_fflush.o)
 .debug_aranges
                0x00000b58       0x20 D:/MCUXpressoIDE_11.10.0_3148/ide/plugins/com.nxp.mcuxpresso.tools.win32_11.10.0.202311280810/tools/bin/../lib/gcc/arm-none-eabi/13.2.1/../../../../arm-none-eabi/lib/thumb/v6-m/nofp\libcr_c.a(_cr_check_heap.o)
 .debug_aranges
                0x00000b78       0xe0 D:/MCUXpressoIDE_11.10.0_3148/ide/plugins/com.nxp.mcuxpresso.tools.win32_11.10.0.202311280810/tools/bin/../lib/gcc/arm-none-eabi/13.2.1/thumb/v6-m/nofp\libcr_eabihelpers.a(double.o)
 .debug_aranges
                0x00000c58       0x18 D:/MCUXpressoIDE_11.10.0_3148/ide/plugins/com.nxp.mcuxpresso.tools.win32_11.10.0.202311280810/tools/bin/../lib/gcc/arm-none-eabi/13.2.1/../../../../arm-none-eabi/lib/thumb/v6-m/nofp\libcr_semihost.a(__ciob.o)

.debug_macro    0x00000000     0x4485
 .debug_macro   0x00000000       0x30 ./src/crp.o
 .debug_macro   0x00000030      0xab4 ./src/crp.o
 .debug_macro   0x00000ae4       0x1c ./src/crp.o
 .debug_macro   0x00000b00       0x16 ./src/crp.o
 .debug_macro   0x00000b16       0x34 ./src/crp.o
 .debug_macro   0x00000b4a      0x21b ./src/mainndeft2t.o
 .debug_macro   0x00000d65      0xab4 ./src/mainndeft2t.o
 .debug_macro   0x00001819       0x10 ./src/mainndeft2t.o
 .debug_macro   0x00001829      0x12e ./src/mainndeft2t.o
 .debug_macro   0x00001957       0x22 ./src/mainndeft2t.o
 .debug_macro   0x00001979      0x5b3 ./src/mainndeft2t.o
 .debug_macro   0x00001f2c       0x22 ./src/mainndeft2t.o
 .debug_macro   0x00001f4e       0x10 ./src/mainndeft2t.o
 .debug_macro   0x00001f5e       0x22 ./src/mainndeft2t.o
 .debug_macro   0x00001f80       0x3a ./src/mainndeft2t.o
 .debug_macro   0x00001fba      0x241 ./src/mainndeft2t.o
 .debug_macro   0x000021fb      0x12a ./src/mainndeft2t.o
 .debug_macro   0x00002325       0x10 ./src/mainndeft2t.o
 .debug_macro   0x00002335       0xdc ./src/mainndeft2t.o
 .debug_macro   0x00002411       0x26 ./src/mainndeft2t.o
 .debug_macro   0x00002437       0x96 ./src/mainndeft2t.o
 .debug_macro   0x000024cd       0x3b ./src/mainndeft2t.o
 .debug_macro   0x00002508       0x28 ./src/mainndeft2t.o
 .debug_macro   0x00002530       0x1c ./src/mainndeft2t.o
 .debug_macro   0x0000254c       0x10 ./src/mainndeft2t.o
 .debug_macro   0x0000255c       0x58 ./src/mainndeft2t.o
 .debug_macro   0x000025b4       0x16 ./src/mainndeft2t.o
 .debug_macro   0x000025ca       0x2e ./src/mainndeft2t.o
 .debug_macro   0x000025f8       0x46 ./src/mainndeft2t.o
 .debug_macro   0x0000263e      0x22c ./mods/ndeft2t/ndeft2t.o
 .debug_macro   0x0000286a       0x10 ./mods/ndeft2t/ndeft2t.o
 .debug_macro   0x0000287a      0x1a4 D:\SchoolTasks\SCuMRobot\magNFC\release_mra2_12_6_nhs3152\sw\nss\lib_board_dp\Debug\liblib_board_dp.a(board.o)
 .debug_macro   0x00002a1e      0xab4 D:\SchoolTasks\SCuMRobot\magNFC\release_mra2_12_6_nhs3152\sw\nss\lib_board_dp\Debug\liblib_board_dp.a(board.o)
 .debug_macro   0x000034d2      0x18c D:\SchoolTasks\SCuMRobot\magNFC\release_mra2_12_6_nhs3152\sw\nss\lib_board_dp\Debug\liblib_board_dp.a(led.o)
 .debug_macro   0x0000365e      0x1c4 D:\SchoolTasks\SCuMRobot\magNFC\release_mra2_12_6_nhs3152\sw\nss\lib_chip_nss\Debug\liblib_chip_nss.a(adcdac_nss.o)
 .debug_macro   0x00003822      0x16a D:\SchoolTasks\SCuMRobot\magNFC\release_mra2_12_6_nhs3152\sw\nss\lib_chip_nss\Debug\liblib_chip_nss.a(clock_nss.o)
 .debug_macro   0x0000398c      0x196 D:\SchoolTasks\SCuMRobot\magNFC\release_mra2_12_6_nhs3152\sw\nss\lib_chip_nss\Debug\liblib_chip_nss.a(eeprom_nss.o)
 .debug_macro   0x00003b22      0x16a D:\SchoolTasks\SCuMRobot\magNFC\release_mra2_12_6_nhs3152\sw\nss\lib_chip_nss\Debug\liblib_chip_nss.a(gpio_nss.o)
 .debug_macro   0x00003c8c      0x170 D:\SchoolTasks\SCuMRobot\magNFC\release_mra2_12_6_nhs3152\sw\nss\lib_chip_nss\Debug\liblib_chip_nss.a(i2d_nss.o)
 .debug_macro   0x00003dfc      0x16a D:\SchoolTasks\SCuMRobot\magNFC\release_mra2_12_6_nhs3152\sw\nss\lib_chip_nss\Debug\liblib_chip_nss.a(iocon_nss.o)
 .debug_macro   0x00003f66      0x190 D:\SchoolTasks\SCuMRobot\magNFC\release_mra2_12_6_nhs3152\sw\nss\lib_chip_nss\Debug\liblib_chip_nss.a(nfc_nss.o)
 .debug_macro   0x000040f6      0x176 D:\SchoolTasks\SCuMRobot\magNFC\release_mra2_12_6_nhs3152\sw\nss\lib_chip_nss\Debug\liblib_chip_nss.a(rtc_nss.o)
 .debug_macro   0x0000426c      0x17c D:\SchoolTasks\SCuMRobot\magNFC\release_mra2_12_6_nhs3152\sw\nss\lib_chip_nss\Debug\liblib_chip_nss.a(syscon_nss.o)
 .debug_macro   0x000043e8       0x9d D:\SchoolTasks\SCuMRobot\magNFC\release_mra2_12_6_nhs3152\sw\nss\lib_chip_nss\Debug\liblib_chip_nss.a(startup.o)

.debug_line     0x00000000     0xcc85
 .debug_line    0x00000000      0x1dc ./src/crp.o
 .debug_line    0x000001dc      0x88a ./src/mainndeft2t.o
 .debug_line    0x00000a66     0x12bf ./mods/ndeft2t/ndeft2t.o
 .debug_line    0x00001d25      0x5d0 D:\SchoolTasks\SCuMRobot\magNFC\release_mra2_12_6_nhs3152\sw\nss\lib_board_dp\Debug\liblib_board_dp.a(board.o)
 .debug_line    0x000022f5      0x679 D:\SchoolTasks\SCuMRobot\magNFC\release_mra2_12_6_nhs3152\sw\nss\lib_board_dp\Debug\liblib_board_dp.a(led.o)
 .debug_line    0x0000296e      0x8cb D:\SchoolTasks\SCuMRobot\magNFC\release_mra2_12_6_nhs3152\sw\nss\lib_chip_nss\Debug\liblib_chip_nss.a(adcdac_nss.o)
 .debug_line    0x00003239      0x8aa D:\SchoolTasks\SCuMRobot\magNFC\release_mra2_12_6_nhs3152\sw\nss\lib_chip_nss\Debug\liblib_chip_nss.a(clock_nss.o)
 .debug_line    0x00003ae3      0x72b D:\SchoolTasks\SCuMRobot\magNFC\release_mra2_12_6_nhs3152\sw\nss\lib_chip_nss\Debug\liblib_chip_nss.a(eeprom_nss.o)
 .debug_line    0x0000420e      0x5e5 D:\SchoolTasks\SCuMRobot\magNFC\release_mra2_12_6_nhs3152\sw\nss\lib_chip_nss\Debug\liblib_chip_nss.a(gpio_nss.o)
 .debug_line    0x000047f3      0x97d D:\SchoolTasks\SCuMRobot\magNFC\release_mra2_12_6_nhs3152\sw\nss\lib_chip_nss\Debug\liblib_chip_nss.a(i2d_nss.o)
 .debug_line    0x00005170      0x50d D:\SchoolTasks\SCuMRobot\magNFC\release_mra2_12_6_nhs3152\sw\nss\lib_chip_nss\Debug\liblib_chip_nss.a(iocon_nss.o)
 .debug_line    0x0000567d      0x62c D:\SchoolTasks\SCuMRobot\magNFC\release_mra2_12_6_nhs3152\sw\nss\lib_chip_nss\Debug\liblib_chip_nss.a(nfc_nss.o)
 .debug_line    0x00005ca9      0x616 D:\SchoolTasks\SCuMRobot\magNFC\release_mra2_12_6_nhs3152\sw\nss\lib_chip_nss\Debug\liblib_chip_nss.a(rtc_nss.o)
 .debug_line    0x000062bf      0x690 D:\SchoolTasks\SCuMRobot\magNFC\release_mra2_12_6_nhs3152\sw\nss\lib_chip_nss\Debug\liblib_chip_nss.a(syscon_nss.o)
 .debug_line    0x0000694f      0x40d D:\SchoolTasks\SCuMRobot\magNFC\release_mra2_12_6_nhs3152\sw\nss\lib_chip_nss\Debug\liblib_chip_nss.a(startup.o)
 .debug_line    0x00006d5c       0xc9 D:/MCUXpressoIDE_11.10.0_3148/ide/plugins/com.nxp.mcuxpresso.tools.win32_11.10.0.202311280810/tools/bin/../lib/gcc/arm-none-eabi/13.2.1/../../../../arm-none-eabi/lib/thumb/v6-m/nofp\libcr_semihost.a(_cr__main.o)
 .debug_line    0x00006e25       0xa2 D:/MCUXpressoIDE_11.10.0_3148/ide/plugins/com.nxp.mcuxpresso.tools.win32_11.10.0.202311280810/tools/bin/../lib/gcc/arm-none-eabi/13.2.1/../../../../arm-none-eabi/lib/thumb/v6-m/nofp\libcr_c.a(memcpy.o)
 .debug_line    0x00006ec7       0xa3 D:/MCUXpressoIDE_11.10.0_3148/ide/plugins/com.nxp.mcuxpresso.tools.win32_11.10.0.202311280810/tools/bin/../lib/gcc/arm-none-eabi/13.2.1/../../../../arm-none-eabi/lib/thumb/v6-m/nofp\libcr_c.a(memmove.o)
 .debug_line    0x00006f6a       0x82 D:/MCUXpressoIDE_11.10.0_3148/ide/plugins/com.nxp.mcuxpresso.tools.win32_11.10.0.202311280810/tools/bin/../lib/gcc/arm-none-eabi/13.2.1/../../../../arm-none-eabi/lib/thumb/v6-m/nofp\libcr_c.a(memset.o)
 .debug_line    0x00006fec     0x11cb D:/MCUXpressoIDE_11.10.0_3148/ide/plugins/com.nxp.mcuxpresso.tools.win32_11.10.0.202311280810/tools/bin/../lib/gcc/arm-none-eabi/13.2.1/../../../../arm-none-eabi/lib/thumb/v6-m/nofp\libcr_c.a(fpprintf.o)
 .debug_line    0x000081b7      0x146 D:/MCUXpressoIDE_11.10.0_3148/ide/plugins/com.nxp.mcuxpresso.tools.win32_11.10.0.202311280810/tools/bin/../lib/gcc/arm-none-eabi/13.2.1/../../../../arm-none-eabi/lib/thumb/v6-m/nofp\libcr_c.a(initio.o)
 .debug_line    0x000082fd     0x11ca D:/MCUXpressoIDE_11.10.0_3148/ide/plugins/com.nxp.mcuxpresso.tools.win32_11.10.0.202311280810/tools/bin/../lib/gcc/arm-none-eabi/13.2.1/../../../../arm-none-eabi/lib/thumb/v6-m/nofp\libcr_c.a(printf.o)
 .debug_line    0x000094c7       0xf7 D:/MCUXpressoIDE_11.10.0_3148/ide/plugins/com.nxp.mcuxpresso.tools.win32_11.10.0.202311280810/tools/bin/../lib/gcc/arm-none-eabi/13.2.1/../../../../arm-none-eabi/lib/thumb/v6-m/nofp\libcr_c.a(setvbuf.o)
 .debug_line    0x000095be      0x123 D:/MCUXpressoIDE_11.10.0_3148/ide/plugins/com.nxp.mcuxpresso.tools.win32_11.10.0.202311280810/tools/bin/../lib/gcc/arm-none-eabi/13.2.1/../../../../arm-none-eabi/lib/thumb/v6-m/nofp\libcr_c.a(strlen.o)
 .debug_line    0x000096e1      0x2fc D:/MCUXpressoIDE_11.10.0_3148/ide/plugins/com.nxp.mcuxpresso.tools.win32_11.10.0.202311280810/tools/bin/../lib/gcc/arm-none-eabi/13.2.1/../../../../arm-none-eabi/lib/thumb/v6-m/nofp\libcr_c.a(_deferredlazyseek.o)
 .debug_line    0x000099dd      0x13b D:/MCUXpressoIDE_11.10.0_3148/ide/plugins/com.nxp.mcuxpresso.tools.win32_11.10.0.202311280810/tools/bin/../lib/gcc/arm-none-eabi/13.2.1/../../../../arm-none-eabi/lib/thumb/v6-m/nofp\libcr_c.a(_fdopen.o)
 .debug_line    0x00009b18      0x127 D:/MCUXpressoIDE_11.10.0_3148/ide/plugins/com.nxp.mcuxpresso.tools.win32_11.10.0.202311280810/tools/bin/../lib/gcc/arm-none-eabi/13.2.1/../../../../arm-none-eabi/lib/thumb/v6-m/nofp\libcr_c.a(_fflush.o)
 .debug_line    0x00009c3f      0x11e D:/MCUXpressoIDE_11.10.0_3148/ide/plugins/com.nxp.mcuxpresso.tools.win32_11.10.0.202311280810/tools/bin/../lib/gcc/arm-none-eabi/13.2.1/../../../../arm-none-eabi/lib/thumb/v6-m/nofp\libcr_c.a(_frexpl.o)
 .debug_line    0x00009d5d       0xff D:/MCUXpressoIDE_11.10.0_3148/ide/plugins/com.nxp.mcuxpresso.tools.win32_11.10.0.202311280810/tools/bin/../lib/gcc/arm-none-eabi/13.2.1/../../../../arm-none-eabi/lib/thumb/v6-m/nofp\libcr_c.a(_ldexpl.o)
 .debug_line    0x00009e5c      0x13e D:/MCUXpressoIDE_11.10.0_3148/ide/plugins/com.nxp.mcuxpresso.tools.win32_11.10.0.202311280810/tools/bin/../lib/gcc/arm-none-eabi/13.2.1/../../../../arm-none-eabi/lib/thumb/v6-m/nofp\libcr_c.a(_writebuf.o)
 .debug_line    0x00009f9a      0x3b9 D:/MCUXpressoIDE_11.10.0_3148/ide/plugins/com.nxp.mcuxpresso.tools.win32_11.10.0.202311280810/tools/bin/../lib/gcc/arm-none-eabi/13.2.1/../../../../arm-none-eabi/lib/thumb/v6-m/nofp\libcr_c.a(alloc.o)
 .debug_line    0x0000a353       0x4e D:/MCUXpressoIDE_11.10.0_3148/ide/plugins/com.nxp.mcuxpresso.tools.win32_11.10.0.202311280810/tools/bin/../lib/gcc/arm-none-eabi/13.2.1/../../../../arm-none-eabi/lib/thumb/v6-m/nofp\libcr_c.a(errno.o)
 .debug_line    0x0000a3a1      0x10f D:/MCUXpressoIDE_11.10.0_3148/ide/plugins/com.nxp.mcuxpresso.tools.win32_11.10.0.202311280810/tools/bin/../lib/gcc/arm-none-eabi/13.2.1/../../../../arm-none-eabi/lib/thumb/v6-m/nofp\libcr_c.a(fclose.o)
 .debug_line    0x0000a4b0       0xe3 D:/MCUXpressoIDE_11.10.0_3148/ide/plugins/com.nxp.mcuxpresso.tools.win32_11.10.0.202311280810/tools/bin/../lib/gcc/arm-none-eabi/13.2.1/../../../../arm-none-eabi/lib/thumb/v6-m/nofp\libcr_c.a(fflush.o)
 .debug_line    0x0000a593      0x23b D:/MCUXpressoIDE_11.10.0_3148/ide/plugins/com.nxp.mcuxpresso.tools.win32_11.10.0.202311280810/tools/bin/../lib/gcc/arm-none-eabi/13.2.1/../../../../arm-none-eabi/lib/thumb/v6-m/nofp\libcr_c.a(fseek.o)
 .debug_line    0x0000a7ce      0x110 D:/MCUXpressoIDE_11.10.0_3148/ide/plugins/com.nxp.mcuxpresso.tools.win32_11.10.0.202311280810/tools/bin/../lib/gcc/arm-none-eabi/13.2.1/../../../../arm-none-eabi/lib/thumb/v6-m/nofp\libcr_c.a(ftell.o)
 .debug_line    0x0000a8de       0xea D:/MCUXpressoIDE_11.10.0_3148/ide/plugins/com.nxp.mcuxpresso.tools.win32_11.10.0.202311280810/tools/bin/../lib/gcc/arm-none-eabi/13.2.1/../../../../arm-none-eabi/lib/thumb/v6-m/nofp\libcr_c.a(remove.o)
 .debug_line    0x0000a9c8       0x5f D:/MCUXpressoIDE_11.10.0_3148/ide/plugins/com.nxp.mcuxpresso.tools.win32_11.10.0.202311280810/tools/bin/../lib/gcc/arm-none-eabi/13.2.1/../../../../arm-none-eabi/lib/thumb/v6-m/nofp\libcr_c.a(__init_alloc.o)
 .debug_line    0x0000aa27      0x10c D:/MCUXpressoIDE_11.10.0_3148/ide/plugins/com.nxp.mcuxpresso.tools.win32_11.10.0.202311280810/tools/bin/../lib/gcc/arm-none-eabi/13.2.1/../../../../arm-none-eabi/lib/thumb/v6-m/nofp\libcr_c.a(_cr_sbrk.o)
 .debug_line    0x0000ab33      0x100 D:/MCUXpressoIDE_11.10.0_3148/ide/plugins/com.nxp.mcuxpresso.tools.win32_11.10.0.202311280810/tools/bin/../lib/gcc/arm-none-eabi/13.2.1/../../../../arm-none-eabi/lib/thumb/v6-m/nofp\libcr_c.a(_do_fflush.o)
 .debug_line    0x0000ac33       0x61 D:/MCUXpressoIDE_11.10.0_3148/ide/plugins/com.nxp.mcuxpresso.tools.win32_11.10.0.202311280810/tools/bin/../lib/gcc/arm-none-eabi/13.2.1/../../../../arm-none-eabi/lib/thumb/v6-m/nofp\libcr_c.a(_cr_check_heap.o)
 .debug_line    0x0000ac94     0x1f07 D:/MCUXpressoIDE_11.10.0_3148/ide/plugins/com.nxp.mcuxpresso.tools.win32_11.10.0.202311280810/tools/bin/../lib/gcc/arm-none-eabi/13.2.1/thumb/v6-m/nofp\libcr_eabihelpers.a(double.o)
 .debug_line    0x0000cb9b       0xea D:/MCUXpressoIDE_11.10.0_3148/ide/plugins/com.nxp.mcuxpresso.tools.win32_11.10.0.202311280810/tools/bin/../lib/gcc/arm-none-eabi/13.2.1/../../../../arm-none-eabi/lib/thumb/v6-m/nofp\libcr_semihost.a(__ciob.o)

.debug_str      0x00000000     0xb832
 .debug_str     0x00000000     0xb832 ./src/crp.o
                               0x2f4d (size before relaxing)
 .debug_str     0x0000b832     0x7ae3 ./src/mainndeft2t.o
 .debug_str     0x0000b832     0x78cd ./mods/ndeft2t/ndeft2t.o
 .debug_str     0x0000b832     0x6cf6 D:\SchoolTasks\SCuMRobot\magNFC\release_mra2_12_6_nhs3152\sw\nss\lib_board_dp\Debug\liblib_board_dp.a(board.o)
 .debug_str     0x0000b832     0x6991 D:\SchoolTasks\SCuMRobot\magNFC\release_mra2_12_6_nhs3152\sw\nss\lib_board_dp\Debug\liblib_board_dp.a(led.o)
 .debug_str     0x0000b832     0x73aa D:\SchoolTasks\SCuMRobot\magNFC\release_mra2_12_6_nhs3152\sw\nss\lib_chip_nss\Debug\liblib_chip_nss.a(adcdac_nss.o)
 .debug_str     0x0000b832     0x6d2c D:\SchoolTasks\SCuMRobot\magNFC\release_mra2_12_6_nhs3152\sw\nss\lib_chip_nss\Debug\liblib_chip_nss.a(clock_nss.o)
 .debug_str     0x0000b832     0x6d15 D:\SchoolTasks\SCuMRobot\magNFC\release_mra2_12_6_nhs3152\sw\nss\lib_chip_nss\Debug\liblib_chip_nss.a(eeprom_nss.o)
 .debug_str     0x0000b832     0x6a18 D:\SchoolTasks\SCuMRobot\magNFC\release_mra2_12_6_nhs3152\sw\nss\lib_chip_nss\Debug\liblib_chip_nss.a(gpio_nss.o)
 .debug_str     0x0000b832     0x728b D:\SchoolTasks\SCuMRobot\magNFC\release_mra2_12_6_nhs3152\sw\nss\lib_chip_nss\Debug\liblib_chip_nss.a(i2d_nss.o)
 .debug_str     0x0000b832     0x6c34 D:\SchoolTasks\SCuMRobot\magNFC\release_mra2_12_6_nhs3152\sw\nss\lib_chip_nss\Debug\liblib_chip_nss.a(iocon_nss.o)
 .debug_str     0x0000b832     0x69a2 D:\SchoolTasks\SCuMRobot\magNFC\release_mra2_12_6_nhs3152\sw\nss\lib_chip_nss\Debug\liblib_chip_nss.a(nfc_nss.o)
 .debug_str     0x0000b832     0x6b6c D:\SchoolTasks\SCuMRobot\magNFC\release_mra2_12_6_nhs3152\sw\nss\lib_chip_nss\Debug\liblib_chip_nss.a(rtc_nss.o)
 .debug_str     0x0000b832     0x6df8 D:\SchoolTasks\SCuMRobot\magNFC\release_mra2_12_6_nhs3152\sw\nss\lib_chip_nss\Debug\liblib_chip_nss.a(syscon_nss.o)
 .debug_str     0x0000b832     0x5594 D:\SchoolTasks\SCuMRobot\magNFC\release_mra2_12_6_nhs3152\sw\nss\lib_chip_nss\Debug\liblib_chip_nss.a(startup.o)
 .debug_str     0x0000b832      0x169 D:/MCUXpressoIDE_11.10.0_3148/ide/plugins/com.nxp.mcuxpresso.tools.win32_11.10.0.202311280810/tools/bin/../lib/gcc/arm-none-eabi/13.2.1/../../../../arm-none-eabi/lib/thumb/v6-m/nofp\libcr_semihost.a(_cr__main.o)
 .debug_str     0x0000b832      0x1b8 D:/MCUXpressoIDE_11.10.0_3148/ide/plugins/com.nxp.mcuxpresso.tools.win32_11.10.0.202311280810/tools/bin/../lib/gcc/arm-none-eabi/13.2.1/../../../../arm-none-eabi/lib/thumb/v6-m/nofp\libcr_c.a(memcpy.o)
 .debug_str     0x0000b832      0x1bb D:/MCUXpressoIDE_11.10.0_3148/ide/plugins/com.nxp.mcuxpresso.tools.win32_11.10.0.202311280810/tools/bin/../lib/gcc/arm-none-eabi/13.2.1/../../../../arm-none-eabi/lib/thumb/v6-m/nofp\libcr_c.a(memmove.o)
 .debug_str     0x0000b832      0x181 D:/MCUXpressoIDE_11.10.0_3148/ide/plugins/com.nxp.mcuxpresso.tools.win32_11.10.0.202311280810/tools/bin/../lib/gcc/arm-none-eabi/13.2.1/../../../../arm-none-eabi/lib/thumb/v6-m/nofp\libcr_c.a(memset.o)
 .debug_str     0x0000b832      0x4be D:/MCUXpressoIDE_11.10.0_3148/ide/plugins/com.nxp.mcuxpresso.tools.win32_11.10.0.202311280810/tools/bin/../lib/gcc/arm-none-eabi/13.2.1/../../../../arm-none-eabi/lib/thumb/v6-m/nofp\libcr_c.a(fpprintf.o)
 .debug_str     0x0000b832      0x23e D:/MCUXpressoIDE_11.10.0_3148/ide/plugins/com.nxp.mcuxpresso.tools.win32_11.10.0.202311280810/tools/bin/../lib/gcc/arm-none-eabi/13.2.1/../../../../arm-none-eabi/lib/thumb/v6-m/nofp\libcr_c.a(initio.o)
 .debug_str     0x0000b832      0x415 D:/MCUXpressoIDE_11.10.0_3148/ide/plugins/com.nxp.mcuxpresso.tools.win32_11.10.0.202311280810/tools/bin/../lib/gcc/arm-none-eabi/13.2.1/../../../../arm-none-eabi/lib/thumb/v6-m/nofp\libcr_c.a(printf.o)
 .debug_str     0x0000b832      0x234 D:/MCUXpressoIDE_11.10.0_3148/ide/plugins/com.nxp.mcuxpresso.tools.win32_11.10.0.202311280810/tools/bin/../lib/gcc/arm-none-eabi/13.2.1/../../../../arm-none-eabi/lib/thumb/v6-m/nofp\libcr_c.a(setvbuf.o)
 .debug_str     0x0000b832      0x17b D:/MCUXpressoIDE_11.10.0_3148/ide/plugins/com.nxp.mcuxpresso.tools.win32_11.10.0.202311280810/tools/bin/../lib/gcc/arm-none-eabi/13.2.1/../../../../arm-none-eabi/lib/thumb/v6-m/nofp\libcr_c.a(strlen.o)
 .debug_str     0x0000b832      0x278 D:/MCUXpressoIDE_11.10.0_3148/ide/plugins/com.nxp.mcuxpresso.tools.win32_11.10.0.202311280810/tools/bin/../lib/gcc/arm-none-eabi/13.2.1/../../../../arm-none-eabi/lib/thumb/v6-m/nofp\libcr_c.a(_deferredlazyseek.o)
 .debug_str     0x0000b832      0x231 D:/MCUXpressoIDE_11.10.0_3148/ide/plugins/com.nxp.mcuxpresso.tools.win32_11.10.0.202311280810/tools/bin/../lib/gcc/arm-none-eabi/13.2.1/../../../../arm-none-eabi/lib/thumb/v6-m/nofp\libcr_c.a(_fdopen.o)
 .debug_str     0x0000b832      0x22a D:/MCUXpressoIDE_11.10.0_3148/ide/plugins/com.nxp.mcuxpresso.tools.win32_11.10.0.202311280810/tools/bin/../lib/gcc/arm-none-eabi/13.2.1/../../../../arm-none-eabi/lib/thumb/v6-m/nofp\libcr_c.a(_fflush.o)
 .debug_str     0x0000b832      0x168 D:/MCUXpressoIDE_11.10.0_3148/ide/plugins/com.nxp.mcuxpresso.tools.win32_11.10.0.202311280810/tools/bin/../lib/gcc/arm-none-eabi/13.2.1/../../../../arm-none-eabi/lib/thumb/v6-m/nofp\libcr_c.a(_frexpl.o)
 .debug_str     0x0000b832      0x180 D:/MCUXpressoIDE_11.10.0_3148/ide/plugins/com.nxp.mcuxpresso.tools.win32_11.10.0.202311280810/tools/bin/../lib/gcc/arm-none-eabi/13.2.1/../../../../arm-none-eabi/lib/thumb/v6-m/nofp\libcr_c.a(_ldexpl.o)