../src/therapy.c:142:13:RecordPillRemoval	56	static
../src/therapy.c:39:6:Therapy_Init	8	static
../src/therapy.c:44:6:Therapy_DeInit	8	static
../src/therapy.c:49:17:Therapy_GetState	0	static
../src/therapy.c:54:10:Therapy_GetStartTime	0	static
../src/therapy.c:59:10:Therapy_GetCheckPeriod	0	static
../src/therapy.c:64:5:Therapy_GetInitialPillCount	0	static
../src/therapy.c:69:5:Therapy_GetIntakeCount	0	static
../src/therapy.c:74:10:Therapy_GetLastIntakeTime	0	static
../src/therapy.c:79:6:Therapy_Start	48	static
../src/therapy.c:108:6:Therapy_Reset	0	static
../src/therapy.c:118:6:Therapy_Stop	0	static
../src/therapy.c:123:6:Therapy_Update	48	static
